Archive member included to satisfy reference by file (symbol)

c:/st/stm32cubeide_1.1.0/stm32cubeide/plugins/com.st.stm32cube.ide.mcu.externaltools.gnu-tools-for-stm32.7-2018-q2-update.win32_1.0.0.201904181610/tools/bin/../lib/gcc/arm-none-eabi/7.3.1/../../../../arm-none-eabi/lib/thumb/v7e-m\libc_nano.a(lib_a-errno.o)
                              Src/syscalls.o (__errno)
c:/st/stm32cubeide_1.1.0/stm32cubeide/plugins/com.st.stm32cube.ide.mcu.externaltools.gnu-tools-for-stm32.7-2018-q2-update.win32_1.0.0.201904181610/tools/bin/../lib/gcc/arm-none-eabi/7.3.1/../../../../arm-none-eabi/lib/thumb/v7e-m\libc_nano.a(lib_a-exit.o)
                              c:/st/stm32cubeide_1.1.0/stm32cubeide/plugins/com.st.stm32cube.ide.mcu.externaltools.gnu-tools-for-stm32.7-2018-q2-update.win32_1.0.0.201904181610/tools/bin/../lib/gcc/arm-none-eabi/7.3.1/../../../../arm-none-eabi/lib/thumb/v7e-m/crt0.o (exit)
c:/st/stm32cubeide_1.1.0/stm32cubeide/plugins/com.st.stm32cube.ide.mcu.externaltools.gnu-tools-for-stm32.7-2018-q2-update.win32_1.0.0.201904181610/tools/bin/../lib/gcc/arm-none-eabi/7.3.1/../../../../arm-none-eabi/lib/thumb/v7e-m\libc_nano.a(lib_a-impure.o)
                              c:/st/stm32cubeide_1.1.0/stm32cubeide/plugins/com.st.stm32cube.ide.mcu.externaltools.gnu-tools-for-stm32.7-2018-q2-update.win32_1.0.0.201904181610/tools/bin/../lib/gcc/arm-none-eabi/7.3.1/../../../../arm-none-eabi/lib/thumb/v7e-m\libc_nano.a(lib_a-exit.o) (_global_impure_ptr)
c:/st/stm32cubeide_1.1.0/stm32cubeide/plugins/com.st.stm32cube.ide.mcu.externaltools.gnu-tools-for-stm32.7-2018-q2-update.win32_1.0.0.201904181610/tools/bin/../lib/gcc/arm-none-eabi/7.3.1/../../../../arm-none-eabi/lib/thumb/v7e-m\libc_nano.a(lib_a-init.o)
                              c:/st/stm32cubeide_1.1.0/stm32cubeide/plugins/com.st.stm32cube.ide.mcu.externaltools.gnu-tools-for-stm32.7-2018-q2-update.win32_1.0.0.201904181610/tools/bin/../lib/gcc/arm-none-eabi/7.3.1/../../../../arm-none-eabi/lib/thumb/v7e-m/crt0.o (__libc_init_array)
c:/st/stm32cubeide_1.1.0/stm32cubeide/plugins/com.st.stm32cube.ide.mcu.externaltools.gnu-tools-for-stm32.7-2018-q2-update.win32_1.0.0.201904181610/tools/bin/../lib/gcc/arm-none-eabi/7.3.1/../../../../arm-none-eabi/lib/thumb/v7e-m\libc_nano.a(lib_a-memset.o)
                              c:/st/stm32cubeide_1.1.0/stm32cubeide/plugins/com.st.stm32cube.ide.mcu.externaltools.gnu-tools-for-stm32.7-2018-q2-update.win32_1.0.0.201904181610/tools/bin/../lib/gcc/arm-none-eabi/7.3.1/../../../../arm-none-eabi/lib/thumb/v7e-m/crt0.o (memset)

Discarded input sections

 .text          0x0000000000000000        0x0 c:/st/stm32cubeide_1.1.0/stm32cubeide/plugins/com.st.stm32cube.ide.mcu.externaltools.gnu-tools-for-stm32.7-2018-q2-update.win32_1.0.0.201904181610/tools/bin/../lib/gcc/arm-none-eabi/7.3.1/thumb/v7e-m/crti.o
 .data          0x0000000000000000        0x0 c:/st/stm32cubeide_1.1.0/stm32cubeide/plugins/com.st.stm32cube.ide.mcu.externaltools.gnu-tools-for-stm32.7-2018-q2-update.win32_1.0.0.201904181610/tools/bin/../lib/gcc/arm-none-eabi/7.3.1/thumb/v7e-m/crti.o
 .bss           0x0000000000000000        0x0 c:/st/stm32cubeide_1.1.0/stm32cubeide/plugins/com.st.stm32cube.ide.mcu.externaltools.gnu-tools-for-stm32.7-2018-q2-update.win32_1.0.0.201904181610/tools/bin/../lib/gcc/arm-none-eabi/7.3.1/thumb/v7e-m/crti.o
 .data          0x0000000000000000        0x4 c:/st/stm32cubeide_1.1.0/stm32cubeide/plugins/com.st.stm32cube.ide.mcu.externaltools.gnu-tools-for-stm32.7-2018-q2-update.win32_1.0.0.201904181610/tools/bin/../lib/gcc/arm-none-eabi/7.3.1/thumb/v7e-m/crtbegin.o
 .text          0x0000000000000000       0x74 c:/st/stm32cubeide_1.1.0/stm32cubeide/plugins/com.st.stm32cube.ide.mcu.externaltools.gnu-tools-for-stm32.7-2018-q2-update.win32_1.0.0.201904181610/tools/bin/../lib/gcc/arm-none-eabi/7.3.1/../../../../arm-none-eabi/lib/thumb/v7e-m/crt0.o
 .data          0x0000000000000000        0x0 c:/st/stm32cubeide_1.1.0/stm32cubeide/plugins/com.st.stm32cube.ide.mcu.externaltools.gnu-tools-for-stm32.7-2018-q2-update.win32_1.0.0.201904181610/tools/bin/../lib/gcc/arm-none-eabi/7.3.1/../../../../arm-none-eabi/lib/thumb/v7e-m/crt0.o
 .bss           0x0000000000000000        0x0 c:/st/stm32cubeide_1.1.0/stm32cubeide/plugins/com.st.stm32cube.ide.mcu.externaltools.gnu-tools-for-stm32.7-2018-q2-update.win32_1.0.0.201904181610/tools/bin/../lib/gcc/arm-none-eabi/7.3.1/../../../../arm-none-eabi/lib/thumb/v7e-m/crt0.o
 .ARM.extab     0x0000000000000000        0x0 c:/st/stm32cubeide_1.1.0/stm32cubeide/plugins/com.st.stm32cube.ide.mcu.externaltools.gnu-tools-for-stm32.7-2018-q2-update.win32_1.0.0.201904181610/tools/bin/../lib/gcc/arm-none-eabi/7.3.1/../../../../arm-none-eabi/lib/thumb/v7e-m/crt0.o
 .ARM.exidx     0x0000000000000000        0x8 c:/st/stm32cubeide_1.1.0/stm32cubeide/plugins/com.st.stm32cube.ide.mcu.externaltools.gnu-tools-for-stm32.7-2018-q2-update.win32_1.0.0.201904181610/tools/bin/../lib/gcc/arm-none-eabi/7.3.1/../../../../arm-none-eabi/lib/thumb/v7e-m/crt0.o
 .ARM.attributes
                0x0000000000000000       0x1c c:/st/stm32cubeide_1.1.0/stm32cubeide/plugins/com.st.stm32cube.ide.mcu.externaltools.gnu-tools-for-stm32.7-2018-q2-update.win32_1.0.0.201904181610/tools/bin/../lib/gcc/arm-none-eabi/7.3.1/../../../../arm-none-eabi/lib/thumb/v7e-m/crt0.o
 .group         0x0000000000000000        0xc Src/gpio_freq.o
 .group         0x0000000000000000        0xc Src/gpio_freq.o
 .group         0x0000000000000000        0xc Src/gpio_freq.o
 .group         0x0000000000000000        0xc Src/gpio_freq.o
 .group         0x0000000000000000        0xc Src/gpio_freq.o
 .group         0x0000000000000000        0xc Src/gpio_freq.o
 .group         0x0000000000000000        0xc Src/gpio_freq.o
 .group         0x0000000000000000        0xc Src/gpio_freq.o
 .group         0x0000000000000000        0xc Src/gpio_freq.o
 .group         0x0000000000000000        0xc Src/gpio_freq.o
 .group         0x0000000000000000        0xc Src/gpio_freq.o
 .group         0x0000000000000000        0xc Src/gpio_freq.o
 .group         0x0000000000000000        0xc Src/gpio_freq.o
 .group         0x0000000000000000        0xc Src/gpio_freq.o
 .group         0x0000000000000000        0xc Src/gpio_freq.o
 .group         0x0000000000000000        0xc Src/gpio_freq.o
 .group         0x0000000000000000        0xc Src/gpio_freq.o
 .group         0x0000000000000000        0xc Src/gpio_freq.o
 .group         0x0000000000000000        0xc Src/gpio_freq.o
 .group         0x0000000000000000        0xc Src/gpio_freq.o
 .group         0x0000000000000000        0xc Src/gpio_freq.o
 .group         0x0000000000000000        0xc Src/gpio_freq.o
 .group         0x0000000000000000        0xc Src/gpio_freq.o
 .group         0x0000000000000000        0xc Src/gpio_freq.o
 .group         0x0000000000000000        0xc Src/gpio_freq.o
 .group         0x0000000000000000        0xc Src/gpio_freq.o
 .group         0x0000000000000000        0xc Src/gpio_freq.o
 .group         0x0000000000000000        0xc Src/gpio_freq.o
 .group         0x0000000000000000        0xc Src/gpio_freq.o
 .group         0x0000000000000000        0xc Src/gpio_freq.o
 .group         0x0000000000000000        0xc Src/gpio_freq.o
 .group         0x0000000000000000        0xc Src/gpio_freq.o
 .group         0x0000000000000000        0xc Src/gpio_freq.o
 .group         0x0000000000000000        0xc Src/gpio_freq.o
 .group         0x0000000000000000        0xc Src/gpio_freq.o
 .group         0x0000000000000000        0xc Src/gpio_freq.o
 .group         0x0000000000000000        0xc Src/gpio_freq.o
 .text          0x0000000000000000        0x0 Src/gpio_freq.o
 .data          0x0000000000000000        0x0 Src/gpio_freq.o
 .bss           0x0000000000000000        0x0 Src/gpio_freq.o
 .group         0x0000000000000000        0xc Src/syscalls.o
 .group         0x0000000000000000        0xc Src/syscalls.o
 .group         0x0000000000000000        0xc Src/syscalls.o
 .group         0x0000000000000000        0xc Src/syscalls.o
 .group         0x0000000000000000        0xc Src/syscalls.o
 .group         0x0000000000000000        0xc Src/syscalls.o
 .group         0x0000000000000000        0xc Src/syscalls.o
 .group         0x0000000000000000        0xc Src/syscalls.o
 .group         0x0000000000000000        0xc Src/syscalls.o
 .group         0x0000000000000000        0xc Src/syscalls.o
 .group         0x0000000000000000        0xc Src/syscalls.o
 .group         0x0000000000000000        0xc Src/syscalls.o
 .group         0x0000000000000000        0xc Src/syscalls.o
 .group         0x0000000000000000        0xc Src/syscalls.o
 .group         0x0000000000000000        0xc Src/syscalls.o
 .group         0x0000000000000000        0xc Src/syscalls.o
 .group         0x0000000000000000        0xc Src/syscalls.o
 .group         0x0000000000000000        0xc Src/syscalls.o
 .group         0x0000000000000000        0xc Src/syscalls.o
 .group         0x0000000000000000        0xc Src/syscalls.o
 .group         0x0000000000000000        0xc Src/syscalls.o
 .group         0x0000000000000000        0xc Src/syscalls.o
 .group         0x0000000000000000        0xc Src/syscalls.o
 .group         0x0000000000000000        0xc Src/syscalls.o
 .group         0x0000000000000000        0xc Src/syscalls.o
 .group         0x0000000000000000        0xc Src/syscalls.o
 .group         0x0000000000000000        0xc Src/syscalls.o
 .group         0x0000000000000000        0xc Src/syscalls.o
 .group         0x0000000000000000        0xc Src/syscalls.o
 .group         0x0000000000000000        0xc Src/syscalls.o
 .group         0x0000000000000000        0xc Src/syscalls.o
 .group         0x0000000000000000        0xc Src/syscalls.o
 .group         0x0000000000000000        0xc Src/syscalls.o
 .group         0x0000000000000000        0xc Src/syscalls.o
 .group         0x0000000000000000        0xc Src/syscalls.o
 .group         0x0000000000000000        0xc Src/syscalls.o
 .group         0x0000000000000000        0xc Src/syscalls.o
 .group         0x0000000000000000        0xc Src/syscalls.o
 .group         0x0000000000000000        0xc Src/syscalls.o
 .group         0x0000000000000000        0xc Src/syscalls.o
 .group         0x0000000000000000        0xc Src/syscalls.o
 .group         0x0000000000000000        0xc Src/syscalls.o
 .group         0x0000000000000000        0xc Src/syscalls.o
 .group         0x0000000000000000        0xc Src/syscalls.o
 .text          0x0000000000000000        0x0 Src/syscalls.o
 .data          0x0000000000000000        0x0 Src/syscalls.o
 .bss           0x0000000000000000        0x0 Src/syscalls.o
 .bss.__env     0x0000000000000000        0x4 Src/syscalls.o
 .data.environ  0x0000000000000000        0x4 Src/syscalls.o
 .text.initialise_monitor_handles
                0x0000000000000000        0xc Src/syscalls.o
 .text._getpid  0x0000000000000000        0xe Src/syscalls.o
 .text._kill    0x0000000000000000       0x20 Src/syscalls.o
 .text._exit    0x0000000000000000       0x14 Src/syscalls.o
 .text._read    0x0000000000000000       0x3a Src/syscalls.o
 .text._write   0x0000000000000000       0x38 Src/syscalls.o
 .text._close   0x0000000000000000       0x16 Src/syscalls.o
 .text._fstat   0x0000000000000000       0x1e Src/syscalls.o
 .text._isatty  0x0000000000000000       0x14 Src/syscalls.o
 .text._lseek   0x0000000000000000       0x18 Src/syscalls.o
 .text._open    0x0000000000000000       0x1a Src/syscalls.o
 .text._wait    0x0000000000000000       0x1e Src/syscalls.o
 .text._unlink  0x0000000000000000       0x1e Src/syscalls.o
 .text._times   0x0000000000000000       0x16 Src/syscalls.o
 .text._stat    0x0000000000000000       0x1e Src/syscalls.o
 .text._link    0x0000000000000000       0x20 Src/syscalls.o
 .text._fork    0x0000000000000000       0x16 Src/syscalls.o
 .text._execve  0x0000000000000000       0x22 Src/syscalls.o
 .debug_info    0x0000000000000000      0xebd Src/syscalls.o
 .debug_abbrev  0x0000000000000000      0x261 Src/syscalls.o
 .debug_aranges
                0x0000000000000000       0xa8 Src/syscalls.o
 .debug_ranges  0x0000000000000000       0x98 Src/syscalls.o
 .debug_macro   0x0000000000000000      0x243 Src/syscalls.o
 .debug_macro   0x0000000000000000      0xa66 Src/syscalls.o
 .debug_macro   0x0000000000000000       0x22 Src/syscalls.o
 .debug_macro   0x0000000000000000       0x40 Src/syscalls.o
 .debug_macro   0x0000000000000000       0x18 Src/syscalls.o
 .debug_macro   0x0000000000000000       0x94 Src/syscalls.o
 .debug_macro   0x0000000000000000       0x3c Src/syscalls.o
 .debug_macro   0x0000000000000000       0x34 Src/syscalls.o
 .debug_macro   0x0000000000000000       0x57 Src/syscalls.o
 .debug_macro   0x0000000000000000      0x174 Src/syscalls.o
 .debug_macro   0x0000000000000000      0x330 Src/syscalls.o
 .debug_macro   0x0000000000000000       0x52 Src/syscalls.o
 .debug_macro   0x0000000000000000       0x1f Src/syscalls.o
 .debug_macro   0x0000000000000000       0x43 Src/syscalls.o
 .debug_macro   0x0000000000000000       0x20 Src/syscalls.o
 .debug_macro   0x0000000000000000      0x1a3 Src/syscalls.o
 .debug_macro   0x0000000000000000       0x10 Src/syscalls.o
 .debug_macro   0x0000000000000000       0x35 Src/syscalls.o
 .debug_macro   0x0000000000000000       0x10 Src/syscalls.o
 .debug_macro   0x0000000000000000       0x10 Src/syscalls.o
 .debug_macro   0x0000000000000000       0x10 Src/syscalls.o
 .debug_macro   0x0000000000000000       0x6a Src/syscalls.o
 .debug_macro   0x0000000000000000       0x1c Src/syscalls.o
 .debug_macro   0x0000000000000000       0x52 Src/syscalls.o
 .debug_macro   0x0000000000000000       0x40 Src/syscalls.o
 .debug_macro   0x0000000000000000       0x10 Src/syscalls.o
 .debug_macro   0x0000000000000000       0x40 Src/syscalls.o
 .debug_macro   0x0000000000000000       0xd7 Src/syscalls.o
 .debug_macro   0x0000000000000000       0x1c Src/syscalls.o
 .debug_macro   0x0000000000000000       0x3d Src/syscalls.o
 .debug_macro   0x0000000000000000       0x35 Src/syscalls.o
 .debug_macro   0x0000000000000000      0x122 Src/syscalls.o
 .debug_macro   0x0000000000000000       0x16 Src/syscalls.o
 .debug_macro   0x0000000000000000       0x16 Src/syscalls.o
 .debug_macro   0x0000000000000000       0x29 Src/syscalls.o
 .debug_macro   0x0000000000000000       0x10 Src/syscalls.o
 .debug_macro   0x0000000000000000      0x241 Src/syscalls.o
 .debug_macro   0x0000000000000000       0x1c Src/syscalls.o
 .debug_macro   0x0000000000000000       0x10 Src/syscalls.o
 .debug_macro   0x0000000000000000       0x10 Src/syscalls.o
 .debug_macro   0x0000000000000000       0x16 Src/syscalls.o
 .debug_macro   0x0000000000000000      0x145 Src/syscalls.o
 .debug_macro   0x0000000000000000      0x189 Src/syscalls.o
 .debug_macro   0x0000000000000000       0x16 Src/syscalls.o
 .debug_macro   0x0000000000000000       0x88 Src/syscalls.o
 .debug_line    0x0000000000000000      0x73d Src/syscalls.o
 .debug_str     0x0000000000000000     0x888f Src/syscalls.o
 .comment       0x0000000000000000       0x7c Src/syscalls.o
 .debug_frame   0x0000000000000000      0x2ac Src/syscalls.o
 .ARM.attributes
                0x0000000000000000       0x33 Src/syscalls.o
 .group         0x0000000000000000        0xc Src/sysmem.o
 .group         0x0000000000000000        0xc Src/sysmem.o
 .group         0x0000000000000000        0xc Src/sysmem.o
 .group         0x0000000000000000        0xc Src/sysmem.o
 .group         0x0000000000000000        0xc Src/sysmem.o
 .group         0x0000000000000000        0xc Src/sysmem.o
 .group         0x0000000000000000        0xc Src/sysmem.o
 .group         0x0000000000000000        0xc Src/sysmem.o
 .group         0x0000000000000000        0xc Src/sysmem.o
 .group         0x0000000000000000        0xc Src/sysmem.o
 .group         0x0000000000000000        0xc Src/sysmem.o
 .group         0x0000000000000000        0xc Src/sysmem.o
 .group         0x0000000000000000        0xc Src/sysmem.o
 .group         0x0000000000000000        0xc Src/sysmem.o
 .group         0x0000000000000000        0xc Src/sysmem.o
 .group         0x0000000000000000        0xc Src/sysmem.o
 .group         0x0000000000000000        0xc Src/sysmem.o
 .group         0x0000000000000000        0xc Src/sysmem.o
 .group         0x0000000000000000        0xc Src/sysmem.o
 .group         0x0000000000000000        0xc Src/sysmem.o
 .group         0x0000000000000000        0xc Src/sysmem.o
 .group         0x0000000000000000        0xc Src/sysmem.o
 .group         0x0000000000000000        0xc Src/sysmem.o
 .group         0x0000000000000000        0xc Src/sysmem.o
 .group         0x0000000000000000        0xc Src/sysmem.o
 .group         0x0000000000000000        0xc Src/sysmem.o
 .group         0x0000000000000000        0xc Src/sysmem.o
 .group         0x0000000000000000        0xc Src/sysmem.o
 .group         0x0000000000000000        0xc Src/sysmem.o
 .group         0x0000000000000000        0xc Src/sysmem.o
 .group         0x0000000000000000        0xc Src/sysmem.o
 .group         0x0000000000000000        0xc Src/sysmem.o
 .text          0x0000000000000000        0x0 Src/sysmem.o
 .data          0x0000000000000000        0x0 Src/sysmem.o
 .bss           0x0000000000000000        0x0 Src/sysmem.o
 .bss.heap_end.5149
                0x0000000000000000        0x4 Src/sysmem.o
 .text._sbrk    0x0000000000000000       0x58 Src/sysmem.o
 .debug_info    0x0000000000000000      0x91c Src/sysmem.o
 .debug_abbrev  0x0000000000000000      0x1bb Src/sysmem.o
 .debug_aranges
                0x0000000000000000       0x20 Src/sysmem.o
 .debug_ranges  0x0000000000000000       0x10 Src/sysmem.o
 .debug_macro   0x0000000000000000      0x1ae Src/sysmem.o
 .debug_macro   0x0000000000000000      0xa66 Src/sysmem.o
 .debug_macro   0x0000000000000000       0x10 Src/sysmem.o
 .debug_macro   0x0000000000000000       0x22 Src/sysmem.o
 .debug_macro   0x0000000000000000       0x40 Src/sysmem.o
 .debug_macro   0x0000000000000000       0x18 Src/sysmem.o
 .debug_macro   0x0000000000000000       0x94 Src/sysmem.o
 .debug_macro   0x0000000000000000       0x3c Src/sysmem.o
 .debug_macro   0x0000000000000000       0x34 Src/sysmem.o
 .debug_macro   0x0000000000000000      0x174 Src/sysmem.o
 .debug_macro   0x0000000000000000       0x57 Src/sysmem.o
 .debug_macro   0x0000000000000000       0x52 Src/sysmem.o
 .debug_macro   0x0000000000000000       0x1f Src/sysmem.o
 .debug_macro   0x0000000000000000       0x43 Src/sysmem.o
 .debug_macro   0x0000000000000000       0x20 Src/sysmem.o
 .debug_macro   0x0000000000000000      0x1a3 Src/sysmem.o
 .debug_macro   0x0000000000000000      0x23b Src/sysmem.o
 .debug_macro   0x0000000000000000       0x16 Src/sysmem.o
 .debug_macro   0x0000000000000000       0x35 Src/sysmem.o
 .debug_macro   0x0000000000000000      0x330 Src/sysmem.o
 .debug_macro   0x0000000000000000       0x10 Src/sysmem.o
 .debug_macro   0x0000000000000000       0x10 Src/sysmem.o
 .debug_macro   0x0000000000000000       0x6a Src/sysmem.o
 .debug_macro   0x0000000000000000       0x1c Src/sysmem.o
 .debug_macro   0x0000000000000000       0x52 Src/sysmem.o
 .debug_macro   0x0000000000000000       0x40 Src/sysmem.o
 .debug_macro   0x0000000000000000       0x10 Src/sysmem.o
 .debug_macro   0x0000000000000000       0x40 Src/sysmem.o
 .debug_macro   0x0000000000000000       0xd7 Src/sysmem.o
 .debug_macro   0x0000000000000000       0x1c Src/sysmem.o
 .debug_macro   0x0000000000000000       0x3d Src/sysmem.o
 .debug_macro   0x0000000000000000       0x16 Src/sysmem.o
 .debug_macro   0x0000000000000000      0x145 Src/sysmem.o
 .debug_line    0x0000000000000000      0x559 Src/sysmem.o
 .debug_str     0x0000000000000000     0x7ae8 Src/sysmem.o
 .comment       0x0000000000000000       0x7c Src/sysmem.o
 .debug_frame   0x0000000000000000       0x34 Src/sysmem.o
 .ARM.attributes
                0x0000000000000000       0x33 Src/sysmem.o
 .text          0x0000000000000000       0x14 Startup/startup_stm32f446retx.o
 .data          0x0000000000000000        0x0 Startup/startup_stm32f446retx.o
 .bss           0x0000000000000000        0x0 Startup/startup_stm32f446retx.o
 .group         0x0000000000000000        0xc drivers/Src/stm32f4xx_gpio_driver.o
 .group         0x0000000000000000        0xc drivers/Src/stm32f4xx_gpio_driver.o
 .group         0x0000000000000000        0xc drivers/Src/stm32f4xx_gpio_driver.o
 .group         0x0000000000000000        0xc drivers/Src/stm32f4xx_gpio_driver.o
 .group         0x0000000000000000        0xc drivers/Src/stm32f4xx_gpio_driver.o
 .group         0x0000000000000000        0xc drivers/Src/stm32f4xx_gpio_driver.o
 .group         0x0000000000000000        0xc drivers/Src/stm32f4xx_gpio_driver.o
 .group         0x0000000000000000        0xc drivers/Src/stm32f4xx_gpio_driver.o
 .group         0x0000000000000000        0xc drivers/Src/stm32f4xx_gpio_driver.o
 .text          0x0000000000000000        0x0 drivers/Src/stm32f4xx_gpio_driver.o
 .data          0x0000000000000000        0x0 drivers/Src/stm32f4xx_gpio_driver.o
 .bss           0x0000000000000000        0x0 drivers/Src/stm32f4xx_gpio_driver.o
 .text.GPIO_DeInit
                0x0000000000000000       0xcc drivers/Src/stm32f4xx_gpio_driver.o
 .text.GPIO_ReadFromInputPin
                0x0000000000000000       0x2a drivers/Src/stm32f4xx_gpio_driver.o
 .text.GPIO_ReadFromInputPort
                0x0000000000000000       0x1a drivers/Src/stm32f4xx_gpio_driver.o
 .text.GPIO_WriteToOutputPin
                0x0000000000000000       0x4e drivers/Src/stm32f4xx_gpio_driver.o
 .text.GPIO_WriteToOutputPort
                0x0000000000000000       0x22 drivers/Src/stm32f4xx_gpio_driver.o
 .debug_macro   0x0000000000000000      0xa66 drivers/Src/stm32f4xx_gpio_driver.o
 .debug_macro   0x0000000000000000       0x22 drivers/Src/stm32f4xx_gpio_driver.o
 .debug_macro   0x0000000000000000       0x8e drivers/Src/stm32f4xx_gpio_driver.o
 .debug_macro   0x0000000000000000       0x51 drivers/Src/stm32f4xx_gpio_driver.o
 .debug_macro   0x0000000000000000       0xef drivers/Src/stm32f4xx_gpio_driver.o
 .debug_macro   0x0000000000000000       0x6a drivers/Src/stm32f4xx_gpio_driver.o
 .debug_macro   0x0000000000000000      0x1df drivers/Src/stm32f4xx_gpio_driver.o
 .debug_macro   0x0000000000000000      0x8fd drivers/Src/stm32f4xx_gpio_driver.o
 .debug_macro   0x0000000000000000       0xc4 drivers/Src/stm32f4xx_gpio_driver.o
 .group         0x0000000000000000        0xc drivers/Src/stm32f4xx_spi_driver.o
 .group         0x0000000000000000        0xc drivers/Src/stm32f4xx_spi_driver.o
 .group         0x0000000000000000        0xc drivers/Src/stm32f4xx_spi_driver.o
 .group         0x0000000000000000        0xc drivers/Src/stm32f4xx_spi_driver.o
 .group         0x0000000000000000        0xc drivers/Src/stm32f4xx_spi_driver.o
 .group         0x0000000000000000        0xc drivers/Src/stm32f4xx_spi_driver.o
 .group         0x0000000000000000        0xc drivers/Src/stm32f4xx_spi_driver.o
 .group         0x0000000000000000        0xc drivers/Src/stm32f4xx_spi_driver.o
 .group         0x0000000000000000        0xc drivers/Src/stm32f4xx_spi_driver.o
 .text          0x0000000000000000        0x0 drivers/Src/stm32f4xx_spi_driver.o
 .data          0x0000000000000000        0x0 drivers/Src/stm32f4xx_spi_driver.o
 .bss           0x0000000000000000        0x0 drivers/Src/stm32f4xx_spi_driver.o
 .text.SPI_PeriClockControl
                0x0000000000000000       0x88 drivers/Src/stm32f4xx_spi_driver.o
 .text.SPI_Init
                0x0000000000000000       0x9e drivers/Src/stm32f4xx_spi_driver.o
 .text.SPI_DeInit
                0x0000000000000000       0x12 drivers/Src/stm32f4xx_spi_driver.o
 .text.SPI_SendData
                0x0000000000000000       0x16 drivers/Src/stm32f4xx_spi_driver.o
 .text.SPI_ReceiveData
                0x0000000000000000       0x16 drivers/Src/stm32f4xx_spi_driver.o
 .text.SPI_IRQInterruptConfig
                0x0000000000000000       0x1a drivers/Src/stm32f4xx_spi_driver.o
 .text.SPI_IRQPriorityConfig
                0x0000000000000000       0x1a drivers/Src/stm32f4xx_spi_driver.o
 .text.SPI_IRQHandling
                0x0000000000000000       0x12 drivers/Src/stm32f4xx_spi_driver.o
 .debug_info    0x0000000000000000      0x535 drivers/Src/stm32f4xx_spi_driver.o
 .debug_abbrev  0x0000000000000000      0x10f drivers/Src/stm32f4xx_spi_driver.o
 .debug_aranges
                0x0000000000000000       0x58 drivers/Src/stm32f4xx_spi_driver.o
 .debug_ranges  0x0000000000000000       0x48 drivers/Src/stm32f4xx_spi_driver.o
 .debug_macro   0x0000000000000000       0x7f drivers/Src/stm32f4xx_spi_driver.o
 .debug_macro   0x0000000000000000      0xa66 drivers/Src/stm32f4xx_spi_driver.o
 .debug_macro   0x0000000000000000       0x22 drivers/Src/stm32f4xx_spi_driver.o
 .debug_macro   0x0000000000000000       0x8e drivers/Src/stm32f4xx_spi_driver.o
 .debug_macro   0x0000000000000000       0x51 drivers/Src/stm32f4xx_spi_driver.o
 .debug_macro   0x0000000000000000       0xef drivers/Src/stm32f4xx_spi_driver.o
 .debug_macro   0x0000000000000000       0x6a drivers/Src/stm32f4xx_spi_driver.o
 .debug_macro   0x0000000000000000      0x1df drivers/Src/stm32f4xx_spi_driver.o
 .debug_macro   0x0000000000000000      0x8fd drivers/Src/stm32f4xx_spi_driver.o
 .debug_macro   0x0000000000000000       0x82 drivers/Src/stm32f4xx_spi_driver.o
 .debug_line    0x0000000000000000      0x4c6 drivers/Src/stm32f4xx_spi_driver.o
 .debug_str     0x0000000000000000     0x74a5 drivers/Src/stm32f4xx_spi_driver.o
 .comment       0x0000000000000000       0x7c drivers/Src/stm32f4xx_spi_driver.o
 .debug_frame   0x0000000000000000      0x150 drivers/Src/stm32f4xx_spi_driver.o
 .ARM.attributes
                0x0000000000000000       0x33 drivers/Src/stm32f4xx_spi_driver.o
 .text          0x0000000000000000        0x0 c:/st/stm32cubeide_1.1.0/stm32cubeide/plugins/com.st.stm32cube.ide.mcu.externaltools.gnu-tools-for-stm32.7-2018-q2-update.win32_1.0.0.201904181610/tools/bin/../lib/gcc/arm-none-eabi/7.3.1/../../../../arm-none-eabi/lib/thumb/v7e-m\libc_nano.a(lib_a-errno.o)
 .data          0x0000000000000000        0x0 c:/st/stm32cubeide_1.1.0/stm32cubeide/plugins/com.st.stm32cube.ide.mcu.externaltools.gnu-tools-for-stm32.7-2018-q2-update.win32_1.0.0.201904181610/tools/bin/../lib/gcc/arm-none-eabi/7.3.1/../../../../arm-none-eabi/lib/thumb/v7e-m\libc_nano.a(lib_a-errno.o)
 .bss           0x0000000000000000        0x0 c:/st/stm32cubeide_1.1.0/stm32cubeide/plugins/com.st.stm32cube.ide.mcu.externaltools.gnu-tools-for-stm32.7-2018-q2-update.win32_1.0.0.201904181610/tools/bin/../lib/gcc/arm-none-eabi/7.3.1/../../../../arm-none-eabi/lib/thumb/v7e-m\libc_nano.a(lib_a-errno.o)
 .text.__errno  0x0000000000000000        0xc c:/st/stm32cubeide_1.1.0/stm32cubeide/plugins/com.st.stm32cube.ide.mcu.externaltools.gnu-tools-for-stm32.7-2018-q2-update.win32_1.0.0.201904181610/tools/bin/../lib/gcc/arm-none-eabi/7.3.1/../../../../arm-none-eabi/lib/thumb/v7e-m\libc_nano.a(lib_a-errno.o)
 .debug_frame   0x0000000000000000       0x20 c:/st/stm32cubeide_1.1.0/stm32cubeide/plugins/com.st.stm32cube.ide.mcu.externaltools.gnu-tools-for-stm32.7-2018-q2-update.win32_1.0.0.201904181610/tools/bin/../lib/gcc/arm-none-eabi/7.3.1/../../../../arm-none-eabi/lib/thumb/v7e-m\libc_nano.a(lib_a-errno.o)
 .ARM.attributes
                0x0000000000000000       0x2e c:/st/stm32cubeide_1.1.0/stm32cubeide/plugins/com.st.stm32cube.ide.mcu.externaltools.gnu-tools-for-stm32.7-2018-q2-update.win32_1.0.0.201904181610/tools/bin/../lib/gcc/arm-none-eabi/7.3.1/../../../../arm-none-eabi/lib/thumb/v7e-m\libc_nano.a(lib_a-errno.o)
 .text          0x0000000000000000        0x0 c:/st/stm32cubeide_1.1.0/stm32cubeide/plugins/com.st.stm32cube.ide.mcu.externaltools.gnu-tools-for-stm32.7-2018-q2-update.win32_1.0.0.201904181610/tools/bin/../lib/gcc/arm-none-eabi/7.3.1/../../../../arm-none-eabi/lib/thumb/v7e-m\libc_nano.a(lib_a-exit.o)
 .data          0x0000000000000000        0x0 c:/st/stm32cubeide_1.1.0/stm32cubeide/plugins/com.st.stm32cube.ide.mcu.externaltools.gnu-tools-for-stm32.7-2018-q2-update.win32_1.0.0.201904181610/tools/bin/../lib/gcc/arm-none-eabi/7.3.1/../../../../arm-none-eabi/lib/thumb/v7e-m\libc_nano.a(lib_a-exit.o)
 .bss           0x0000000000000000        0x0 c:/st/stm32cubeide_1.1.0/stm32cubeide/plugins/com.st.stm32cube.ide.mcu.externaltools.gnu-tools-for-stm32.7-2018-q2-update.win32_1.0.0.201904181610/tools/bin/../lib/gcc/arm-none-eabi/7.3.1/../../../../arm-none-eabi/lib/thumb/v7e-m\libc_nano.a(lib_a-exit.o)
 .text.exit     0x0000000000000000       0x28 c:/st/stm32cubeide_1.1.0/stm32cubeide/plugins/com.st.stm32cube.ide.mcu.externaltools.gnu-tools-for-stm32.7-2018-q2-update.win32_1.0.0.201904181610/tools/bin/../lib/gcc/arm-none-eabi/7.3.1/../../../../arm-none-eabi/lib/thumb/v7e-m\libc_nano.a(lib_a-exit.o)
 .debug_frame   0x0000000000000000       0x28 c:/st/stm32cubeide_1.1.0/stm32cubeide/plugins/com.st.stm32cube.ide.mcu.externaltools.gnu-tools-for-stm32.7-2018-q2-update.win32_1.0.0.201904181610/tools/bin/../lib/gcc/arm-none-eabi/7.3.1/../../../../arm-none-eabi/lib/thumb/v7e-m\libc_nano.a(lib_a-exit.o)
 .ARM.attributes
                0x0000000000000000       0x2e c:/st/stm32cubeide_1.1.0/stm32cubeide/plugins/com.st.stm32cube.ide.mcu.externaltools.gnu-tools-for-stm32.7-2018-q2-update.win32_1.0.0.201904181610/tools/bin/../lib/gcc/arm-none-eabi/7.3.1/../../../../arm-none-eabi/lib/thumb/v7e-m\libc_nano.a(lib_a-exit.o)
 .text          0x0000000000000000        0x0 c:/st/stm32cubeide_1.1.0/stm32cubeide/plugins/com.st.stm32cube.ide.mcu.externaltools.gnu-tools-for-stm32.7-2018-q2-update.win32_1.0.0.201904181610/tools/bin/../lib/gcc/arm-none-eabi/7.3.1/../../../../arm-none-eabi/lib/thumb/v7e-m\libc_nano.a(lib_a-impure.o)
 .data          0x0000000000000000        0x0 c:/st/stm32cubeide_1.1.0/stm32cubeide/plugins/com.st.stm32cube.ide.mcu.externaltools.gnu-tools-for-stm32.7-2018-q2-update.win32_1.0.0.201904181610/tools/bin/../lib/gcc/arm-none-eabi/7.3.1/../../../../arm-none-eabi/lib/thumb/v7e-m\libc_nano.a(lib_a-impure.o)
 .bss           0x0000000000000000        0x0 c:/st/stm32cubeide_1.1.0/stm32cubeide/plugins/com.st.stm32cube.ide.mcu.externaltools.gnu-tools-for-stm32.7-2018-q2-update.win32_1.0.0.201904181610/tools/bin/../lib/gcc/arm-none-eabi/7.3.1/../../../../arm-none-eabi/lib/thumb/v7e-m\libc_nano.a(lib_a-impure.o)
 .data._impure_ptr
                0x0000000000000000        0x4 c:/st/stm32cubeide_1.1.0/stm32cubeide/plugins/com.st.stm32cube.ide.mcu.externaltools.gnu-tools-for-stm32.7-2018-q2-update.win32_1.0.0.201904181610/tools/bin/../lib/gcc/arm-none-eabi/7.3.1/../../../../arm-none-eabi/lib/thumb/v7e-m\libc_nano.a(lib_a-impure.o)
 .data.impure_data
                0x0000000000000000       0x60 c:/st/stm32cubeide_1.1.0/stm32cubeide/plugins/com.st.stm32cube.ide.mcu.externaltools.gnu-tools-for-stm32.7-2018-q2-update.win32_1.0.0.201904181610/tools/bin/../lib/gcc/arm-none-eabi/7.3.1/../../../../arm-none-eabi/lib/thumb/v7e-m\libc_nano.a(lib_a-impure.o)
 .rodata._global_impure_ptr
                0x0000000000000000        0x4 c:/st/stm32cubeide_1.1.0/stm32cubeide/plugins/com.st.stm32cube.ide.mcu.externaltools.gnu-tools-for-stm32.7-2018-q2-update.win32_1.0.0.201904181610/tools/bin/../lib/gcc/arm-none-eabi/7.3.1/../../../../arm-none-eabi/lib/thumb/v7e-m\libc_nano.a(lib_a-impure.o)
 .ARM.attributes
                0x0000000000000000       0x2e c:/st/stm32cubeide_1.1.0/stm32cubeide/plugins/com.st.stm32cube.ide.mcu.externaltools.gnu-tools-for-stm32.7-2018-q2-update.win32_1.0.0.201904181610/tools/bin/../lib/gcc/arm-none-eabi/7.3.1/../../../../arm-none-eabi/lib/thumb/v7e-m\libc_nano.a(lib_a-impure.o)
 .text          0x0000000000000000        0x0 c:/st/stm32cubeide_1.1.0/stm32cubeide/plugins/com.st.stm32cube.ide.mcu.externaltools.gnu-tools-for-stm32.7-2018-q2-update.win32_1.0.0.201904181610/tools/bin/../lib/gcc/arm-none-eabi/7.3.1/../../../../arm-none-eabi/lib/thumb/v7e-m\libc_nano.a(lib_a-init.o)
 .data          0x0000000000000000        0x0 c:/st/stm32cubeide_1.1.0/stm32cubeide/plugins/com.st.stm32cube.ide.mcu.externaltools.gnu-tools-for-stm32.7-2018-q2-update.win32_1.0.0.201904181610/tools/bin/../lib/gcc/arm-none-eabi/7.3.1/../../../../arm-none-eabi/lib/thumb/v7e-m\libc_nano.a(lib_a-init.o)
 .bss           0x0000000000000000        0x0 c:/st/stm32cubeide_1.1.0/stm32cubeide/plugins/com.st.stm32cube.ide.mcu.externaltools.gnu-tools-for-stm32.7-2018-q2-update.win32_1.0.0.201904181610/tools/bin/../lib/gcc/arm-none-eabi/7.3.1/../../../../arm-none-eabi/lib/thumb/v7e-m\libc_nano.a(lib_a-init.o)
 .text          0x0000000000000000        0x0 c:/st/stm32cubeide_1.1.0/stm32cubeide/plugins/com.st.stm32cube.ide.mcu.externaltools.gnu-tools-for-stm32.7-2018-q2-update.win32_1.0.0.201904181610/tools/bin/../lib/gcc/arm-none-eabi/7.3.1/../../../../arm-none-eabi/lib/thumb/v7e-m\libc_nano.a(lib_a-memset.o)
 .data          0x0000000000000000        0x0 c:/st/stm32cubeide_1.1.0/stm32cubeide/plugins/com.st.stm32cube.ide.mcu.externaltools.gnu-tools-for-stm32.7-2018-q2-update.win32_1.0.0.201904181610/tools/bin/../lib/gcc/arm-none-eabi/7.3.1/../../../../arm-none-eabi/lib/thumb/v7e-m\libc_nano.a(lib_a-memset.o)
 .bss           0x0000000000000000        0x0 c:/st/stm32cubeide_1.1.0/stm32cubeide/plugins/com.st.stm32cube.ide.mcu.externaltools.gnu-tools-for-stm32.7-2018-q2-update.win32_1.0.0.201904181610/tools/bin/../lib/gcc/arm-none-eabi/7.3.1/../../../../arm-none-eabi/lib/thumb/v7e-m\libc_nano.a(lib_a-memset.o)
 .text          0x0000000000000000        0x0 c:/st/stm32cubeide_1.1.0/stm32cubeide/plugins/com.st.stm32cube.ide.mcu.externaltools.gnu-tools-for-stm32.7-2018-q2-update.win32_1.0.0.201904181610/tools/bin/../lib/gcc/arm-none-eabi/7.3.1/thumb/v7e-m/crtend.o
 .data          0x0000000000000000        0x0 c:/st/stm32cubeide_1.1.0/stm32cubeide/plugins/com.st.stm32cube.ide.mcu.externaltools.gnu-tools-for-stm32.7-2018-q2-update.win32_1.0.0.201904181610/tools/bin/../lib/gcc/arm-none-eabi/7.3.1/thumb/v7e-m/crtend.o
 .bss           0x0000000000000000        0x0 c:/st/stm32cubeide_1.1.0/stm32cubeide/plugins/com.st.stm32cube.ide.mcu.externaltools.gnu-tools-for-stm32.7-2018-q2-update.win32_1.0.0.201904181610/tools/bin/../lib/gcc/arm-none-eabi/7.3.1/thumb/v7e-m/crtend.o
 .eh_frame      0x0000000000000000        0x4 c:/st/stm32cubeide_1.1.0/stm32cubeide/plugins/com.st.stm32cube.ide.mcu.externaltools.gnu-tools-for-stm32.7-2018-q2-update.win32_1.0.0.201904181610/tools/bin/../lib/gcc/arm-none-eabi/7.3.1/thumb/v7e-m/crtend.o
 .ARM.attributes
                0x0000000000000000       0x2e c:/st/stm32cubeide_1.1.0/stm32cubeide/plugins/com.st.stm32cube.ide.mcu.externaltools.gnu-tools-for-stm32.7-2018-q2-update.win32_1.0.0.201904181610/tools/bin/../lib/gcc/arm-none-eabi/7.3.1/thumb/v7e-m/crtend.o
 .text          0x0000000000000000        0x0 c:/st/stm32cubeide_1.1.0/stm32cubeide/plugins/com.st.stm32cube.ide.mcu.externaltools.gnu-tools-for-stm32.7-2018-q2-update.win32_1.0.0.201904181610/tools/bin/../lib/gcc/arm-none-eabi/7.3.1/thumb/v7e-m/crtn.o
 .data          0x0000000000000000        0x0 c:/st/stm32cubeide_1.1.0/stm32cubeide/plugins/com.st.stm32cube.ide.mcu.externaltools.gnu-tools-for-stm32.7-2018-q2-update.win32_1.0.0.201904181610/tools/bin/../lib/gcc/arm-none-eabi/7.3.1/thumb/v7e-m/crtn.o
 .bss           0x0000000000000000        0x0 c:/st/stm32cubeide_1.1.0/stm32cubeide/plugins/com.st.stm32cube.ide.mcu.externaltools.gnu-tools-for-stm32.7-2018-q2-update.win32_1.0.0.201904181610/tools/bin/../lib/gcc/arm-none-eabi/7.3.1/thumb/v7e-m/crtn.o

Memory Configuration

Name             Origin             Length             Attributes
RAM              0x0000000020000000 0x0000000000020000 xrw
ROM              0x0000000008000000 0x0000000000080000 xr
*default*        0x0000000000000000 0xffffffffffffffff

Linker script and memory map

LOAD c:/st/stm32cubeide_1.1.0/stm32cubeide/plugins/com.st.stm32cube.ide.mcu.externaltools.gnu-tools-for-stm32.7-2018-q2-update.win32_1.0.0.201904181610/tools/bin/../lib/gcc/arm-none-eabi/7.3.1/thumb/v7e-m/crti.o
LOAD c:/st/stm32cubeide_1.1.0/stm32cubeide/plugins/com.st.stm32cube.ide.mcu.externaltools.gnu-tools-for-stm32.7-2018-q2-update.win32_1.0.0.201904181610/tools/bin/../lib/gcc/arm-none-eabi/7.3.1/thumb/v7e-m/crtbegin.o
LOAD c:/st/stm32cubeide_1.1.0/stm32cubeide/plugins/com.st.stm32cube.ide.mcu.externaltools.gnu-tools-for-stm32.7-2018-q2-update.win32_1.0.0.201904181610/tools/bin/../lib/gcc/arm-none-eabi/7.3.1/../../../../arm-none-eabi/lib/thumb/v7e-m/crt0.o
LOAD Src/gpio_freq.o
LOAD Src/syscalls.o
LOAD Src/sysmem.o
LOAD Startup/startup_stm32f446retx.o
LOAD drivers/Src/stm32f4xx_gpio_driver.o
LOAD drivers/Src/stm32f4xx_spi_driver.o
START GROUP
LOAD c:/st/stm32cubeide_1.1.0/stm32cubeide/plugins/com.st.stm32cube.ide.mcu.externaltools.gnu-tools-for-stm32.7-2018-q2-update.win32_1.0.0.201904181610/tools/bin/../lib/gcc/arm-none-eabi/7.3.1/../../../../arm-none-eabi/lib/thumb/v7e-m\libc_nano.a
LOAD c:/st/stm32cubeide_1.1.0/stm32cubeide/plugins/com.st.stm32cube.ide.mcu.externaltools.gnu-tools-for-stm32.7-2018-q2-update.win32_1.0.0.201904181610/tools/bin/../lib/gcc/arm-none-eabi/7.3.1/../../../../arm-none-eabi/lib/thumb/v7e-m\libm.a
END GROUP
START GROUP
LOAD c:/st/stm32cubeide_1.1.0/stm32cubeide/plugins/com.st.stm32cube.ide.mcu.externaltools.gnu-tools-for-stm32.7-2018-q2-update.win32_1.0.0.201904181610/tools/bin/../lib/gcc/arm-none-eabi/7.3.1/thumb/v7e-m\libgcc.a
LOAD c:/st/stm32cubeide_1.1.0/stm32cubeide/plugins/com.st.stm32cube.ide.mcu.externaltools.gnu-tools-for-stm32.7-2018-q2-update.win32_1.0.0.201904181610/tools/bin/../lib/gcc/arm-none-eabi/7.3.1/../../../../arm-none-eabi/lib/thumb/v7e-m\libc_nano.a
END GROUP
START GROUP
LOAD c:/st/stm32cubeide_1.1.0/stm32cubeide/plugins/com.st.stm32cube.ide.mcu.externaltools.gnu-tools-for-stm32.7-2018-q2-update.win32_1.0.0.201904181610/tools/bin/../lib/gcc/arm-none-eabi/7.3.1/thumb/v7e-m\libgcc.a
LOAD c:/st/stm32cubeide_1.1.0/stm32cubeide/plugins/com.st.stm32cube.ide.mcu.externaltools.gnu-tools-for-stm32.7-2018-q2-update.win32_1.0.0.201904181610/tools/bin/../lib/gcc/arm-none-eabi/7.3.1/../../../../arm-none-eabi/lib/thumb/v7e-m\libc_nano.a
LOAD c:/st/stm32cubeide_1.1.0/stm32cubeide/plugins/com.st.stm32cube.ide.mcu.externaltools.gnu-tools-for-stm32.7-2018-q2-update.win32_1.0.0.201904181610/tools/bin/../lib/gcc/arm-none-eabi/7.3.1/../../../../arm-none-eabi/lib/thumb/v7e-m\libnosys.a
END GROUP
START GROUP
LOAD c:/st/stm32cubeide_1.1.0/stm32cubeide/plugins/com.st.stm32cube.ide.mcu.externaltools.gnu-tools-for-stm32.7-2018-q2-update.win32_1.0.0.201904181610/tools/bin/../lib/gcc/arm-none-eabi/7.3.1/thumb/v7e-m\libgcc.a
LOAD c:/st/stm32cubeide_1.1.0/stm32cubeide/plugins/com.st.stm32cube.ide.mcu.externaltools.gnu-tools-for-stm32.7-2018-q2-update.win32_1.0.0.201904181610/tools/bin/../lib/gcc/arm-none-eabi/7.3.1/../../../../arm-none-eabi/lib/thumb/v7e-m\libc_nano.a
LOAD c:/st/stm32cubeide_1.1.0/stm32cubeide/plugins/com.st.stm32cube.ide.mcu.externaltools.gnu-tools-for-stm32.7-2018-q2-update.win32_1.0.0.201904181610/tools/bin/../lib/gcc/arm-none-eabi/7.3.1/../../../../arm-none-eabi/lib/thumb/v7e-m\libnosys.a
END GROUP
LOAD c:/st/stm32cubeide_1.1.0/stm32cubeide/plugins/com.st.stm32cube.ide.mcu.externaltools.gnu-tools-for-stm32.7-2018-q2-update.win32_1.0.0.201904181610/tools/bin/../lib/gcc/arm-none-eabi/7.3.1/thumb/v7e-m/crtend.o
LOAD c:/st/stm32cubeide_1.1.0/stm32cubeide/plugins/com.st.stm32cube.ide.mcu.externaltools.gnu-tools-for-stm32.7-2018-q2-update.win32_1.0.0.201904181610/tools/bin/../lib/gcc/arm-none-eabi/7.3.1/thumb/v7e-m/crtn.o
                0x0000000020020000                _estack = (ORIGIN (RAM) + LENGTH (RAM))
                0x0000000000000200                _Min_Heap_Size = 0x200
                0x0000000000000400                _Min_Stack_Size = 0x400

.isr_vector     0x0000000008000000      0x1c4
                0x0000000008000000                . = ALIGN (0x4)
 *(.isr_vector)
 .isr_vector    0x0000000008000000      0x1c4 Startup/startup_stm32f446retx.o
                0x0000000008000000                g_pfnVectors
                0x00000000080001c4                . = ALIGN (0x4)

.text           0x00000000080001c4      0x794
                0x00000000080001c4                . = ALIGN (0x4)
 *(.text)
 .text          0x00000000080001c4       0x40 c:/st/stm32cubeide_1.1.0/stm32cubeide/plugins/com.st.stm32cube.ide.mcu.externaltools.gnu-tools-for-stm32.7-2018-q2-update.win32_1.0.0.201904181610/tools/bin/../lib/gcc/arm-none-eabi/7.3.1/thumb/v7e-m/crtbegin.o
 *(.text*)
 .text.ConfigPeripherals
                0x0000000008000204       0x88 Src/gpio_freq.o
                0x0000000008000204                ConfigPeripherals
 .text.EXTI15_10_IRQHandler
                0x000000000800028c       0x1c Src/gpio_freq.o
                0x000000000800028c                EXTI15_10_IRQHandler
 .text.main     0x00000000080002a8       0x30 Src/gpio_freq.o
                0x00000000080002a8                main
 .text.Reset_Handler
                0x00000000080002d8       0x50 Startup/startup_stm32f446retx.o
                0x00000000080002d8                Reset_Handler
 .text.Default_Handler
                0x0000000008000328        0x2 Startup/startup_stm32f446retx.o
                0x0000000008000328                RTC_Alarm_IRQHandler
                0x0000000008000328                EXTI2_IRQHandler
                0x0000000008000328                TIM8_CC_IRQHandler
                0x0000000008000328                SPDIF_Rx_IRQHandler
                0x0000000008000328                DebugMon_Handler
                0x0000000008000328                SPI4_IRQHandler
                0x0000000008000328                TIM1_CC_IRQHandler
                0x0000000008000328                QuadSPI_IRQHandler
                0x0000000008000328                DMA2_Stream5_IRQHandler
                0x0000000008000328                HardFault_Handler
                0x0000000008000328                DMA1_Stream5_IRQHandler
                0x0000000008000328                SysTick_Handler
                0x0000000008000328                PVD_IRQHandler
                0x0000000008000328                SDIO_IRQHandler
                0x0000000008000328                TAMP_STAMP_IRQHandler
                0x0000000008000328                PendSV_Handler
                0x0000000008000328                NMI_Handler
                0x0000000008000328                CAN2_RX1_IRQHandler
                0x0000000008000328                EXTI3_IRQHandler
                0x0000000008000328                TIM8_TRG_COM_TIM14_IRQHandler
                0x0000000008000328                TIM1_UP_TIM10_IRQHandler
                0x0000000008000328                FMPI2C1_error_IRQHandler
                0x0000000008000328                TIM8_UP_TIM13_IRQHandler
                0x0000000008000328                I2C3_ER_IRQHandler
                0x0000000008000328                EXTI0_IRQHandler
                0x0000000008000328                I2C2_EV_IRQHandler
                0x0000000008000328                DMA1_Stream2_IRQHandler
                0x0000000008000328                CAN1_RX0_IRQHandler
                0x0000000008000328                FPU_IRQHandler
                0x0000000008000328                OTG_HS_WKUP_IRQHandler
                0x0000000008000328                UsageFault_Handler
                0x0000000008000328                CAN2_SCE_IRQHandler
                0x0000000008000328                DMA2_Stream2_IRQHandler
                0x0000000008000328                SPI1_IRQHandler
                0x0000000008000328                TIM6_DAC_IRQHandler
                0x0000000008000328                TIM1_BRK_TIM9_IRQHandler
                0x0000000008000328                DCMI_IRQHandler
                0x0000000008000328                CAN2_RX0_IRQHandler
                0x0000000008000328                DMA2_Stream3_IRQHandler
                0x0000000008000328                FMPI2C1_IRQHandler
                0x0000000008000328                SAI2_IRQHandler
                0x0000000008000328                USART6_IRQHandler
                0x0000000008000328                USART3_IRQHandler
                0x0000000008000328                CAN1_RX1_IRQHandler
                0x0000000008000328                UART5_IRQHandler
                0x0000000008000328                DMA2_Stream0_IRQHandler
                0x0000000008000328                TIM4_IRQHandler
                0x0000000008000328                I2C1_EV_IRQHandler
                0x0000000008000328                HDMI_CEC_IRQHandler
                0x0000000008000328                DMA1_Stream6_IRQHandler
                0x0000000008000328                DMA1_Stream1_IRQHandler
                0x0000000008000328                UART4_IRQHandler
                0x0000000008000328                TIM3_IRQHandler
                0x0000000008000328                RCC_IRQHandler
                0x0000000008000328                TIM8_BRK_TIM12_IRQHandler
                0x0000000008000328                Default_Handler
                0x0000000008000328                ADC_IRQHandler
                0x0000000008000328                DMA1_Stream7_IRQHandler
                0x0000000008000328                TIM7_IRQHandler
                0x0000000008000328                CAN2_TX_IRQHandler
                0x0000000008000328                TIM5_IRQHandler
                0x0000000008000328                DMA2_Stream7_IRQHandler
                0x0000000008000328                I2C3_EV_IRQHandler
                0x0000000008000328                EXTI9_5_IRQHandler
                0x0000000008000328                RTC_WKUP_IRQHandler
                0x0000000008000328                SPI2_IRQHandler
                0x0000000008000328                OTG_HS_EP1_IN_IRQHandler
                0x0000000008000328                MemManage_Handler
                0x0000000008000328                DMA1_Stream0_IRQHandler
                0x0000000008000328                CAN1_TX_IRQHandler
                0x0000000008000328                SVC_Handler
                0x0000000008000328                EXTI4_IRQHandler
                0x0000000008000328                OTG_HS_EP1_OUT_IRQHandler
                0x0000000008000328                WWDG_IRQHandler
                0x0000000008000328                TIM2_IRQHandler
                0x0000000008000328                OTG_FS_WKUP_IRQHandler
                0x0000000008000328                TIM1_TRG_COM_TIM11_IRQHandler
                0x0000000008000328                OTG_HS_IRQHandler
                0x0000000008000328                EXTI1_IRQHandler
                0x0000000008000328                USART2_IRQHandler
                0x0000000008000328                I2C2_ER_IRQHandler
                0x0000000008000328                DMA2_Stream1_IRQHandler
                0x0000000008000328                CAN1_SCE_IRQHandler
                0x0000000008000328                FLASH_IRQHandler
                0x0000000008000328                DMA2_Stream4_IRQHandler
                0x0000000008000328                BusFault_Handler
                0x0000000008000328                USART1_IRQHandler
                0x0000000008000328                OTG_FS_IRQHandler
                0x0000000008000328                SPI3_IRQHandler
                0x0000000008000328                DMA1_Stream4_IRQHandler
                0x0000000008000328                I2C1_ER_IRQHandler
                0x0000000008000328                FMC_IRQHandler
                0x0000000008000328                DMA2_Stream6_IRQHandler
                0x0000000008000328                SAI1_IRQHandler
                0x0000000008000328                DMA1_Stream3_IRQHandler
 *fill*         0x000000000800032a        0x2 
 .text.GPIO_PeriClockControl
                0x000000000800032c       0xd4 drivers/Src/stm32f4xx_gpio_driver.o
                0x000000000800032c                GPIO_PeriClockControl
 .text.GPIO_Init
                0x0000000008000400      0x328 drivers/Src/stm32f4xx_gpio_driver.o
                0x0000000008000400                GPIO_Init
 .text.GPIO_ToggleOutputPin
                0x0000000008000728       0x28 drivers/Src/stm32f4xx_gpio_driver.o
                0x0000000008000728                GPIO_ToggleOutputPin
 .text.GPIO_IRQInterruptConfig
                0x0000000008000750      0x104 drivers/Src/stm32f4xx_gpio_driver.o
                0x0000000008000750                GPIO_IRQInterruptConfig
 .text.GPIO_IRQPriorityConfig
                0x0000000008000854       0x52 drivers/Src/stm32f4xx_gpio_driver.o
                0x0000000008000854                GPIO_IRQPriorityConfig
 *fill*         0x00000000080008a6        0x2 
 .text.GPIO_IRQHandling
                0x00000000080008a8       0x40 drivers/Src/stm32f4xx_gpio_driver.o
                0x00000000080008a8                GPIO_IRQHandling
 .text.__libc_init_array
                0x00000000080008e8       0x48 c:/st/stm32cubeide_1.1.0/stm32cubeide/plugins/com.st.stm32cube.ide.mcu.externaltools.gnu-tools-for-stm32.7-2018-q2-update.win32_1.0.0.201904181610/tools/bin/../lib/gcc/arm-none-eabi/7.3.1/../../../../arm-none-eabi/lib/thumb/v7e-m\libc_nano.a(lib_a-init.o)
                0x00000000080008e8                __libc_init_array
 .text.memset   0x0000000008000930       0x10 c:/st/stm32cubeide_1.1.0/stm32cubeide/plugins/com.st.stm32cube.ide.mcu.externaltools.gnu-tools-for-stm32.7-2018-q2-update.win32_1.0.0.201904181610/tools/bin/../lib/gcc/arm-none-eabi/7.3.1/../../../../arm-none-eabi/lib/thumb/v7e-m\libc_nano.a(lib_a-memset.o)
                0x0000000008000930                memset
 *(.glue_7)
 .glue_7        0x0000000008000940        0x0 linker stubs
 *(.glue_7t)
 .glue_7t       0x0000000008000940        0x0 linker stubs
 *(.eh_frame)
 .eh_frame      0x0000000008000940        0x0 c:/st/stm32cubeide_1.1.0/stm32cubeide/plugins/com.st.stm32cube.ide.mcu.externaltools.gnu-tools-for-stm32.7-2018-q2-update.win32_1.0.0.201904181610/tools/bin/../lib/gcc/arm-none-eabi/7.3.1/thumb/v7e-m/crtbegin.o
 *(.init)
 .init          0x0000000008000940        0x4 c:/st/stm32cubeide_1.1.0/stm32cubeide/plugins/com.st.stm32cube.ide.mcu.externaltools.gnu-tools-for-stm32.7-2018-q2-update.win32_1.0.0.201904181610/tools/bin/../lib/gcc/arm-none-eabi/7.3.1/thumb/v7e-m/crti.o
                0x0000000008000940                _init
 .init          0x0000000008000944        0x8 c:/st/stm32cubeide_1.1.0/stm32cubeide/plugins/com.st.stm32cube.ide.mcu.externaltools.gnu-tools-for-stm32.7-2018-q2-update.win32_1.0.0.201904181610/tools/bin/../lib/gcc/arm-none-eabi/7.3.1/thumb/v7e-m/crtn.o
 *(.fini)
 .fini          0x000000000800094c        0x4 c:/st/stm32cubeide_1.1.0/stm32cubeide/plugins/com.st.stm32cube.ide.mcu.externaltools.gnu-tools-for-stm32.7-2018-q2-update.win32_1.0.0.201904181610/tools/bin/../lib/gcc/arm-none-eabi/7.3.1/thumb/v7e-m/crti.o
                0x000000000800094c                _fini
 .fini          0x0000000008000950        0x8 c:/st/stm32cubeide_1.1.0/stm32cubeide/plugins/com.st.stm32cube.ide.mcu.externaltools.gnu-tools-for-stm32.7-2018-q2-update.win32_1.0.0.201904181610/tools/bin/../lib/gcc/arm-none-eabi/7.3.1/thumb/v7e-m/crtn.o
                0x0000000008000958                . = ALIGN (0x4)
                0x0000000008000958                _etext = .

.vfp11_veneer   0x0000000008000958        0x0
 .vfp11_veneer  0x0000000008000958        0x0 linker stubs

.v4_bx          0x0000000008000958        0x0
 .v4_bx         0x0000000008000958        0x0 linker stubs

.iplt           0x0000000008000958        0x0
 .iplt          0x0000000008000958        0x0 c:/st/stm32cubeide_1.1.0/stm32cubeide/plugins/com.st.stm32cube.ide.mcu.externaltools.gnu-tools-for-stm32.7-2018-q2-update.win32_1.0.0.201904181610/tools/bin/../lib/gcc/arm-none-eabi/7.3.1/thumb/v7e-m/crtbegin.o

.rel.dyn        0x0000000008000958        0x0
 .rel.iplt      0x0000000008000958        0x0 c:/st/stm32cubeide_1.1.0/stm32cubeide/plugins/com.st.stm32cube.ide.mcu.externaltools.gnu-tools-for-stm32.7-2018-q2-update.win32_1.0.0.201904181610/tools/bin/../lib/gcc/arm-none-eabi/7.3.1/thumb/v7e-m/crtbegin.o

.rodata         0x0000000008000958        0x0
                0x0000000008000958                . = ALIGN (0x4)
 *(.rodata)
 *(.rodata*)
                0x0000000008000958                . = ALIGN (0x4)

.ARM.extab      0x0000000008000958        0x0
                0x0000000008000958                . = ALIGN (0x4)
 *(.ARM.extab* .gnu.linkonce.armextab.*)
                0x0000000008000958                . = ALIGN (0x4)

.ARM            0x0000000008000958        0x0
                0x0000000008000958                . = ALIGN (0x4)
                0x0000000008000958                __exidx_start = .
 *(.ARM.exidx*)
                0x0000000008000958                __exidx_end = .
                0x0000000008000958                . = ALIGN (0x4)

.preinit_array  0x0000000008000958        0x0
                0x0000000008000958                . = ALIGN (0x4)
                0x0000000008000958                PROVIDE (__preinit_array_start = .)
 *(.preinit_array*)
                0x0000000008000958                PROVIDE (__preinit_array_end = .)
                0x0000000008000958                . = ALIGN (0x4)

.init_array     0x0000000008000958        0x4
                0x0000000008000958                . = ALIGN (0x4)
                0x0000000008000958                PROVIDE (__init_array_start = .)
 *(SORT_BY_NAME(.init_array.*))
 *(.init_array*)
 .init_array    0x0000000008000958        0x4 c:/st/stm32cubeide_1.1.0/stm32cubeide/plugins/com.st.stm32cube.ide.mcu.externaltools.gnu-tools-for-stm32.7-2018-q2-update.win32_1.0.0.201904181610/tools/bin/../lib/gcc/arm-none-eabi/7.3.1/thumb/v7e-m/crtbegin.o
                0x000000000800095c                PROVIDE (__init_array_end = .)
                0x000000000800095c                . = ALIGN (0x4)

.fini_array     0x000000000800095c        0x4
                0x000000000800095c                . = ALIGN (0x4)
                [!provide]                        PROVIDE (__fini_array_start = .)
 *(SORT_BY_NAME(.fini_array.*))
 *(.fini_array*)
 .fini_array    0x000000000800095c        0x4 c:/st/stm32cubeide_1.1.0/stm32cubeide/plugins/com.st.stm32cube.ide.mcu.externaltools.gnu-tools-for-stm32.7-2018-q2-update.win32_1.0.0.201904181610/tools/bin/../lib/gcc/arm-none-eabi/7.3.1/thumb/v7e-m/crtbegin.o
                [!provide]                        PROVIDE (__fini_array_end = .)
                0x0000000008000960                . = ALIGN (0x4)
                0x0000000008000960                _sidata = LOADADDR (.data)

.data           0x0000000020000000        0x0 load address 0x0000000008000960
                0x0000000020000000                . = ALIGN (0x4)
                0x0000000020000000                _sdata = .
 *(.data)
 *(.data*)
                0x0000000020000000                . = ALIGN (0x4)
                0x0000000020000000                _edata = .

.igot.plt       0x0000000020000000        0x0 load address 0x0000000008000960
 .igot.plt      0x0000000020000000        0x0 c:/st/stm32cubeide_1.1.0/stm32cubeide/plugins/com.st.stm32cube.ide.mcu.externaltools.gnu-tools-for-stm32.7-2018-q2-update.win32_1.0.0.201904181610/tools/bin/../lib/gcc/arm-none-eabi/7.3.1/thumb/v7e-m/crtbegin.o
                0x0000000020000000                . = ALIGN (0x4)

.bss            0x0000000020000000       0x1c load address 0x0000000008000960
                0x0000000020000000                _sbss = .
                0x0000000020000000                __bss_start__ = _sbss
 *(.bss)
 .bss           0x0000000020000000       0x1c c:/st/stm32cubeide_1.1.0/stm32cubeide/plugins/com.st.stm32cube.ide.mcu.externaltools.gnu-tools-for-stm32.7-2018-q2-update.win32_1.0.0.201904181610/tools/bin/../lib/gcc/arm-none-eabi/7.3.1/thumb/v7e-m/crtbegin.o
 *(.bss*)
 *(COMMON)
                0x000000002000001c                . = ALIGN (0x4)
                0x000000002000001c                _ebss = .
                0x000000002000001c                __bss_end__ = _ebss

._user_heap_stack
                0x000000002000001c      0x604 load address 0x0000000008000960
                0x0000000020000020                . = ALIGN (0x8)
 *fill*         0x000000002000001c        0x4 
                0x0000000020000020                PROVIDE (end = .)
                [!provide]                        PROVIDE (_end = .)
                0x0000000020000220                . = (. + _Min_Heap_Size)
 *fill*         0x0000000020000020      0x200 
                0x0000000020000620                . = (. + _Min_Stack_Size)
 *fill*         0x0000000020000220      0x400 
                0x0000000020000620                . = ALIGN (0x8)

/DISCARD/
 libc.a(*)
 libm.a(*)
 libgcc.a(*)

.ARM.attributes
                0x0000000000000000       0x2a
 *(.ARM.attributes)
 .ARM.attributes
                0x0000000000000000       0x1e c:/st/stm32cubeide_1.1.0/stm32cubeide/plugins/com.st.stm32cube.ide.mcu.externaltools.gnu-tools-for-stm32.7-2018-q2-update.win32_1.0.0.201904181610/tools/bin/../lib/gcc/arm-none-eabi/7.3.1/thumb/v7e-m/crti.o
 .ARM.attributes
                0x000000000000001e       0x2e c:/st/stm32cubeide_1.1.0/stm32cubeide/plugins/com.st.stm32cube.ide.mcu.externaltools.gnu-tools-for-stm32.7-2018-q2-update.win32_1.0.0.201904181610/tools/bin/../lib/gcc/arm-none-eabi/7.3.1/thumb/v7e-m/crtbegin.o
 .ARM.attributes
                0x000000000000004c       0x33 Src/gpio_freq.o
 .ARM.attributes
                0x000000000000007f       0x21 Startup/startup_stm32f446retx.o
 .ARM.attributes
                0x00000000000000a0       0x33 drivers/Src/stm32f4xx_gpio_driver.o
 .ARM.attributes
                0x00000000000000d3       0x2e c:/st/stm32cubeide_1.1.0/stm32cubeide/plugins/com.st.stm32cube.ide.mcu.externaltools.gnu-tools-for-stm32.7-2018-q2-update.win32_1.0.0.201904181610/tools/bin/../lib/gcc/arm-none-eabi/7.3.1/../../../../arm-none-eabi/lib/thumb/v7e-m\libc_nano.a(lib_a-init.o)
 .ARM.attributes
                0x0000000000000101       0x2e c:/st/stm32cubeide_1.1.0/stm32cubeide/plugins/com.st.stm32cube.ide.mcu.externaltools.gnu-tools-for-stm32.7-2018-q2-update.win32_1.0.0.201904181610/tools/bin/../lib/gcc/arm-none-eabi/7.3.1/../../../../arm-none-eabi/lib/thumb/v7e-m\libc_nano.a(lib_a-memset.o)
 .ARM.attributes
                0x000000000000012f       0x1e c:/st/stm32cubeide_1.1.0/stm32cubeide/plugins/com.st.stm32cube.ide.mcu.externaltools.gnu-tools-for-stm32.7-2018-q2-update.win32_1.0.0.201904181610/tools/bin/../lib/gcc/arm-none-eabi/7.3.1/thumb/v7e-m/crtn.o
OUTPUT(stm32f4xx_drivers.elf elf32-littlearm)

.debug_info     0x0000000000000000     0x11c5
 .debug_info    0x0000000000000000      0xa5c Src/gpio_freq.o
 .debug_info    0x0000000000000a5c       0x22 Startup/startup_stm32f446retx.o
 .debug_info    0x0000000000000a7e      0x747 drivers/Src/stm32f4xx_gpio_driver.o

.debug_abbrev   0x0000000000000000      0x347
 .debug_abbrev  0x0000000000000000      0x1be Src/gpio_freq.o
 .debug_abbrev  0x00000000000001be       0x12 Startup/startup_stm32f446retx.o
 .debug_abbrev  0x00000000000001d0      0x177 drivers/Src/stm32f4xx_gpio_driver.o

.debug_aranges  0x0000000000000000       0xc8
 .debug_aranges
                0x0000000000000000       0x30 Src/gpio_freq.o
 .debug_aranges
                0x0000000000000030       0x28 Startup/startup_stm32f446retx.o
 .debug_aranges
                0x0000000000000058       0x70 drivers/Src/stm32f4xx_gpio_driver.o

.debug_ranges   0x0000000000000000       0xa0
 .debug_ranges  0x0000000000000000       0x20 Src/gpio_freq.o
 .debug_ranges  0x0000000000000020       0x20 Startup/startup_stm32f446retx.o
 .debug_ranges  0x0000000000000040       0x60 drivers/Src/stm32f4xx_gpio_driver.o

.debug_macro    0x0000000000000000     0x271e
 .debug_macro   0x0000000000000000      0x210 Src/gpio_freq.o
 .debug_macro   0x0000000000000210      0xa66 Src/gpio_freq.o
 .debug_macro   0x0000000000000c76       0x22 Src/gpio_freq.o
 .debug_macro   0x0000000000000c98       0x8e Src/gpio_freq.o
 .debug_macro   0x0000000000000d26       0x51 Src/gpio_freq.o
 .debug_macro   0x0000000000000d77       0xef Src/gpio_freq.o
 .debug_macro   0x0000000000000e66       0x6a Src/gpio_freq.o
 .debug_macro   0x0000000000000ed0      0x1df Src/gpio_freq.o
 .debug_macro   0x00000000000010af      0x8fd Src/gpio_freq.o
 .debug_macro   0x00000000000019ac       0xc4 Src/gpio_freq.o
 .debug_macro   0x0000000000001a70       0x46 Src/gpio_freq.o
 .debug_macro   0x0000000000001ab6       0x18 Src/gpio_freq.o
 .debug_macro   0x0000000000001ace       0x3c Src/gpio_freq.o
 .debug_macro   0x0000000000001b0a       0x34 Src/gpio_freq.o
 .debug_macro   0x0000000000001b3e       0x16 Src/gpio_freq.o
 .debug_macro   0x0000000000001b54       0x97 Src/gpio_freq.o
 .debug_macro   0x0000000000001beb      0x330 Src/gpio_freq.o
 .debug_macro   0x0000000000001f1b       0xfd Src/gpio_freq.o
 .debug_macro   0x0000000000002018       0x10 Src/gpio_freq.o
 .debug_macro   0x0000000000002028       0x52 Src/gpio_freq.o
 .debug_macro   0x000000000000207a       0x1f Src/gpio_freq.o
 .debug_macro   0x0000000000002099       0x43 Src/gpio_freq.o
 .debug_macro   0x00000000000020dc       0x20 Src/gpio_freq.o
 .debug_macro   0x00000000000020fc      0x1a3 Src/gpio_freq.o
 .debug_macro   0x000000000000229f       0x10 Src/gpio_freq.o
 .debug_macro   0x00000000000022af       0x1c Src/gpio_freq.o
 .debug_macro   0x00000000000022cb       0x52 Src/gpio_freq.o
 .debug_macro   0x000000000000231d       0x40 Src/gpio_freq.o
 .debug_macro   0x000000000000235d       0x10 Src/gpio_freq.o
 .debug_macro   0x000000000000236d       0x40 Src/gpio_freq.o
 .debug_macro   0x00000000000023ad       0xd7 Src/gpio_freq.o
 .debug_macro   0x0000000000002484       0x1c Src/gpio_freq.o
 .debug_macro   0x00000000000024a0       0x3d Src/gpio_freq.o
 .debug_macro   0x00000000000024dd       0x16 Src/gpio_freq.o
 .debug_macro   0x00000000000024f3      0x145 Src/gpio_freq.o
 .debug_macro   0x0000000000002638       0x16 Src/gpio_freq.o
 .debug_macro   0x000000000000264e       0x35 Src/gpio_freq.o
 .debug_macro   0x0000000000002683       0x20 Src/gpio_freq.o
 .debug_macro   0x00000000000026a3       0x7b drivers/Src/stm32f4xx_gpio_driver.o

.debug_line     0x0000000000000000      0xd23
 .debug_line    0x0000000000000000      0x645 Src/gpio_freq.o
 .debug_line    0x0000000000000645       0x84 Startup/startup_stm32f446retx.o
 .debug_line    0x00000000000006c9      0x65a drivers/Src/stm32f4xx_gpio_driver.o

.debug_str      0x0000000000000000     0xb89c
 .debug_str     0x0000000000000000     0xb59d Src/gpio_freq.o
                                       0xb7f0 (size before relaxing)
 .debug_str     0x000000000000b59d       0x31 Startup/startup_stm32f446retx.o
                                         0x75 (size before relaxing)
 .debug_str     0x000000000000b5ce      0x2ce drivers/Src/stm32f4xx_gpio_driver.o
                                       0x75ed (size before relaxing)

.comment        0x0000000000000000       0x7b
 .comment       0x0000000000000000       0x7b Src/gpio_freq.o
                                         0x7c (size before relaxing)
 .comment       0x000000000000007b       0x7c drivers/Src/stm32f4xx_gpio_driver.o

.debug_frame    0x0000000000000000      0x284
 .debug_frame   0x0000000000000000       0x70 Src/gpio_freq.o
 .debug_frame   0x0000000000000070      0x1c8 drivers/Src/stm32f4xx_gpio_driver.o
 .debug_frame   0x0000000000000238       0x2c c:/st/stm32cubeide_1.1.0/stm32cubeide/plugins/com.st.stm32cube.ide.mcu.externaltools.gnu-tools-for-stm32.7-2018-q2-update.win32_1.0.0.201904181610/tools/bin/../lib/gcc/arm-none-eabi/7.3.1/../../../../arm-none-eabi/lib/thumb/v7e-m\libc_nano.a(lib_a-init.o)
 .debug_frame   0x0000000000000264       0x20 c:/st/stm32cubeide_1.1.0/stm32cubeide/plugins/com.st.stm32cube.ide.mcu.externaltools.gnu-tools-for-stm32.7-2018-q2-update.win32_1.0.0.201904181610/tools/bin/../lib/gcc/arm-none-eabi/7.3.1/../../../../arm-none-eabi/lib/thumb/v7e-m\libc_nano.a(lib_a-memset.o)
