<html>
<body>
<pre>
<h1>µVision Build Log</h1>
<h2>Tool Versions:</h2>
IDE-Version: µVision V5.31.0.0
Copyright (C) 2020 ARM Ltd and ARM Germany GmbH. All rights reserved.
License Information: Xavier Rocher, MPS, LIC=----
 
Tool Versions:
Toolchain:       MDK-Lite  Version: 5.31.0.0
Toolchain Path:  C:\Keil_v5\ARM\ARMCLANG\Bin
C Compiler:      ArmClang.exe V6.14
Assembler:       Armasm.exe V6.14
Linker/Locator:  ArmLink.exe V6.14
Library Manager: ArmAr.exe V6.14
Hex Converter:   FromElf.exe V6.14
CPU DLL:         SARMCM3.DLL V5.31.0.0
Dialog DLL:      DCM.DLL V1.17.3.0
Target DLL:      STLink\ST-LINKIII-KEIL_SWO.dll V3.0.7.0
Dialog DLL:      TCM.DLL V1.46.0.0
 
<h2>Project:</h2>
C:\Users\xavier.rocher\Documents\Projects\FW\stm32f446re_drivers\stm32f446re.uvprojx
Project File Date:  04/02/2024

<h2>Output:</h2>
*** Using Compiler 'V6.14', folder: 'C:\Keil_v5\ARM\ARMCLANG\Bin'
Rebuild target 'Target 1'
Drivers/src/stm32f446xx_ADC_Driver.c(46): warning: implicit conversion changes signedness: 'int' to 'unsigned int' [-Wsign-conversion]
        pGPIOx->MODER |= ( 0x03 << nChannel );
                      ~~   ~~~~~^~~~~~~~~~~
Drivers/src/stm32f446xx_ADC_Driver.c(63): warning: implicit conversion changes signedness: 'int' to 'unsigned int' [-Wsign-conversion]
        pADCx->SQR[0]  |= ( ADC_N_CONVERSION( nConversions ) << 20 ) ;
                       ~~   ~~~~~~~~~~~~~~~~~~~~~~~~~~~~~~~~~^~~~~
2 warnings generated.
compiling stm32f446xx_ADC_Driver.c...
User/src/SPI_TX_Testing.c(2): warning: In file included from...
./Drivers/inc\stm32f446xx_SPI_Driver.h(118): warning: no newline at end of file [-Wnewline-eof]
#endif
      ^
User/src/SPI_TX_Testing.c(3): warning: non-portable path to file '"stm32f446xx_Gpio_Driver.h"'; specified path differs in case from file name on disk [-Wnonportable-include-path]
#include "stm32f446xx_GPIO_Driver.h"
         ^~~~~~~~~~~~~~~~~~~~~~~~~~~
         "stm32f446xx_Gpio_Driver.h"
User/src/SPI_TX_Testing.c(2): warning: In file included from...
./Drivers/inc\stm32f446xx_SPI_Driver.h(18): warning: padding size of 'SPI_Handle_t' with 1 byte to alignment boundary [-Wpadded]
typedef struct{
        ^
User/src/SPI_TX_Testing.c(3): warning: In file included from...
./Drivers/inc\stm32f446xx_GPIO_Driver.h(27): warning: padding size of 'GPIO_Handle_t' with 2 bytes to alignment boundary [-Wpadded]
typedef struct{
        ^
User/src/SPI_TX_Testing.c(84): warning: no newline at end of file [-Wnewline-eof]
}
 ^
5 warnings generated.
compiling SPI_TX_Testing.c...
assembling startup_stm32f446xx.s...
compiling system_stm32f4xx.c...
Drivers/src/stm32f446xx_Gpio_Driver.c(58): warning: implicit conversion changes signedness: 'int' to 'unsigned int' [-Wsign-conversion]
                        GPIOA_PCLCK_DIS();
                        ^~~~~~~~~~~~~~~~~
./Drivers/inc/stm32f446xx.h(476): note: expanded from macro 'GPIOA_PCLCK_DIS'
#define GPIOA_PCLCK_DIS()               RCC->AHB1ENR &= ~(0x01 << 0)
                                                     ~~ ^~~~~~~~~~~~
Drivers/src/stm32f446xx_Gpio_Driver.c(61): warning: implicit conversion changes signedness: 'int' to 'unsigned int' [-Wsign-conversion]
                        GPIOB_PCLCK_DIS();
                        ^~~~~~~~~~~~~~~~~
./Drivers/inc/stm32f446xx.h(477): note: expanded from macro 'GPIOB_PCLCK_DIS'
#define GPIOB_PCLCK_DIS()               RCC->AHB1ENR &= ~(0x01 << 1)
                                                     ~~ ^~~~~~~~~~~~
Drivers/src/stm32f446xx_Gpio_Driver.c(64): warning: implicit conversion changes signedness: 'int' to 'unsigned int' [-Wsign-conversion]
                        GPIOC_PCLCK_DIS();
                        ^~~~~~~~~~~~~~~~~
./Drivers/inc/stm32f446xx.h(478): note: expanded from macro 'GPIOC_PCLCK_DIS'
#define GPIOC_PCLCK_DIS()               RCC->AHB1ENR &= ~(0x01 << 2)
                                                     ~~ ^~~~~~~~~~~~
Drivers/src/stm32f446xx_Gpio_Driver.c(67): warning: implicit conversion changes signedness: 'int' to 'unsigned int' [-Wsign-conversion]
                        GPIOD_PCLCK_DIS();
                        ^~~~~~~~~~~~~~~~~
./Drivers/inc/stm32f446xx.h(479): note: expanded from macro 'GPIOD_PCLCK_DIS'
#define GPIOD_PCLCK_DIS()               RCC->AHB1ENR &= ~(0x01 << 3)
                                                     ~~ ^~~~~~~~~~~~
Drivers/src/stm32f446xx_Gpio_Driver.c(70): warning: implicit conversion changes signedness: 'int' to 'unsigned int' [-Wsign-conversion]
                        GPIOE_PCLCK_DIS();
                        ^~~~~~~~~~~~~~~~~
./Drivers/inc/stm32f446xx.h(480): note: expanded from macro 'GPIOE_PCLCK_DIS'
#define GPIOE_PCLCK_DIS()               RCC->AHB1ENR &= ~(0x01 << 4)
                                                     ~~ ^~~~~~~~~~~~
Drivers/src/stm32f446xx_Gpio_Driver.c(73): warning: implicit conversion changes signedness: 'int' to 'unsigned int' [-Wsign-conversion]
                        GPIOF_PCLCK_DIS();
                        ^~~~~~~~~~~~~~~~~
./Drivers/inc/stm32f446xx.h(481): note: expanded from macro 'GPIOF_PCLCK_DIS'
#define GPIOF_PCLCK_DIS()               RCC->AHB1ENR &= ~(0x01 << 5)
                                                     ~~ ^~~~~~~~~~~~
Drivers/src/stm32f446xx_Gpio_Driver.c(76): warning: implicit conversion changes signedness: 'int' to 'unsigned int' [-Wsign-conversion]
                        GPIOG_PCLCK_DIS();
                        ^~~~~~~~~~~~~~~~~
./Drivers/inc/stm32f446xx.h(482): note: expanded from macro 'GPIOG_PCLCK_DIS'
#define GPIOG_PCLCK_DIS()               RCC->AHB1ENR &= ~(0x01 << 6)
                                                     ~~ ^~~~~~~~~~~~
Drivers/src/stm32f446xx_Gpio_Driver.c(79): warning: implicit conversion changes signedness: 'int' to 'unsigned int' [-Wsign-conversion]
                        GPIOH_PCLCK_DIS();
                        ^~~~~~~~~~~~~~~~~
./Drivers/inc/stm32f446xx.h(483): note: expanded from macro 'GPIOH_PCLCK_DIS'
#define GPIOH_PCLCK_DIS()               RCC->AHB1ENR &= ~(0x01 << 7)
                                                     ~~ ^~~~~~~~~~~~
Drivers/src/stm32f446xx_Gpio_Driver.c(110): warning: implicit conversion changes signedness: 'int' to 'uint32_t' (aka 'unsigned int') [-Wsign-conversion]
                temp = pGPIOHandle->GPIO_PinConfig.GPIO_PinMode << ( 2 * pGPIOHandle->GPIO_PinConfig.GPIO_PinNumber );
                     ~ ~~~~~~~~~~~~~~~~~~~~~~~~~~~~~~~~~~~~~~~~~^~~~~~~~~~~~~~~~~~~~~~~~~~~~~~~~~~~~~~~~~~~~~~~~~~~~~
Drivers/src/stm32f446xx_Gpio_Driver.c(112): warning: implicit conversion changes signedness: 'int' to 'unsigned int' [-Wsign-conversion]
                pGPIOHandle->pGPIOx->MODER &= ~( 0x03 << pGPIOHandle->GPIO_PinConfig.GPIO_PinNumber );
                                           ~~ ^~~~~~~~~~~~~~~~~~~~~~~~~~~~~~~~~~~~~~~~~~~~~~~~~~~~~~~
Drivers/src/stm32f446xx_Gpio_Driver.c(144): warning: implicit conversion changes signedness: 'int' to 'uint32_t' (aka 'unsigned int') [-Wsign-conversion]
                SYSCFGR->EXTICR[ temp1] = portcode <<( temp2 * 4) ;
                                        ~ ~~~~~~~~~^~~~~~~~~~~~~~
Drivers/src/stm32f446xx_Gpio_Driver.c(156): warning: implicit conversion changes signedness: 'int' to 'uint32_t' (aka 'unsigned int') [-Wsign-conversion]
         temp = pGPIOHandle->GPIO_PinConfig.GPIO_PinSpeed << ( 2 * pGPIOHandle->GPIO_PinConfig.GPIO_PinNumber );
              ~ ~~~~~~~~~~~~~~~~~~~~~~~~~~~~~~~~~~~~~~~~~~^~~~~~~~~~~~~~~~~~~~~~~~~~~~~~~~~~~~~~~~~~~~~~~~~~~~~
Drivers/src/stm32f446xx_Gpio_Driver.c(158): warning: implicit conversion changes signedness: 'int' to 'unsigned int' [-Wsign-conversion]
         pGPIOHandle->pGPIOx->OSPEEDER &= ~( 0x03 << pGPIOHandle->GPIO_PinConfig.GPIO_PinNumber );
                                       ~~ ^~~~~~~~~~~~~~~~~~~~~~~~~~~~~~~~~~~~~~~~~~~~~~~~~~~~~~~
Drivers/src/stm32f446xx_Gpio_Driver.c(165): warning: implicit conversion changes signedness: 'int' to 'uint32_t' (aka 'unsigned int') [-Wsign-conversion]
         temp = pGPIOHandle->GPIO_PinConfig.GPIO_PinPupdControl << ( 2 * pGPIOHandle->GPIO_PinConfig.GPIO_PinNumber );
              ~ ~~~~~~~~~~~~~~~~~~~~~~~~~~~~~~~~~~~~~~~~~~~~~~~~^~~~~~~~~~~~~~~~~~~~~~~~~~~~~~~~~~~~~~~~~~~~~~~~~~~~~
Drivers/src/stm32f446xx_Gpio_Driver.c(167): warning: implicit conversion changes signedness: 'int' to 'unsigned int' [-Wsign-conversion]
         pGPIOHandle->pGPIOx->PUPDR &= ~( 0x03 << pGPIOHandle->GPIO_PinConfig.GPIO_PinNumber );
                                    ~~ ^~~~~~~~~~~~~~~~~~~~~~~~~~~~~~~~~~~~~~~~~~~~~~~~~~~~~~~
Drivers/src/stm32f446xx_Gpio_Driver.c(173): warning: implicit conversion changes signedness: 'int' to 'uint32_t' (aka 'unsigned int') [-Wsign-conversion]
         temp = pGPIOHandle->GPIO_PinConfig.GPIO_PinOPType << ( 2 * pGPIOHandle->GPIO_PinConfig.GPIO_PinNumber );
              ~ ~~~~~~~~~~~~~~~~~~~~~~~~~~~~~~~~~~~~~~~~~~~^~~~~~~~~~~~~~~~~~~~~~~~~~~~~~~~~~~~~~~~~~~~~~~~~~~~~
Drivers/src/stm32f446xx_Gpio_Driver.c(175): warning: implicit conversion changes signedness: 'int' to 'unsigned int' [-Wsign-conversion]
         pGPIOHandle->pGPIOx->OTYPER &= ~( 0x03 << pGPIOHandle->GPIO_PinConfig.GPIO_PinNumber );
                                     ~~ ^~~~~~~~~~~~~~~~~~~~~~~~~~~~~~~~~~~~~~~~~~~~~~~~~~~~~~~
Drivers/src/stm32f446xx_Gpio_Driver.c(182): warning: declaration shadows a local variable [-Wshadow]
                uint32_t temp1 = 0, temp2 = 0;
                         ^
Drivers/src/stm32f446xx_Gpio_Driver.c(102): note: previous declaration is here
        uint32_t temp1          = 0;
                 ^
Drivers/src/stm32f446xx_Gpio_Driver.c(182): warning: declaration shadows a local variable [-Wshadow]
                uint32_t temp1 = 0, temp2 = 0;
                                    ^
Drivers/src/stm32f446xx_Gpio_Driver.c(103): note: previous declaration is here
        uint32_t temp2          = 0;
                 ^
Drivers/src/stm32f446xx_Gpio_Driver.c(187): warning: implicit conversion changes signedness: 'int' to 'unsigned int' [-Wsign-conversion]
                pGPIOHandle->pGPIOx->AFR[temp1] &=  ~( 0xF << ( 4 * temp2) );
                                                ~~  ^~~~~~~~~~~~~~~~~~~~~~~~
Drivers/src/stm32f446xx_Gpio_Driver.c(188): warning: implicit conversion changes signedness: 'int' to 'unsigned int' [-Wsign-conversion]
                pGPIOHandle->pGPIOx->AFR[temp1] |=  ( pGPIOHandle->GPIO_PinConfig.GPIO_PinAltFuncMode << ( 4 * temp2) );
                                                ~~    ~~~~~~~~~~~~~~~~~~~~~~~~~~~~~~~~~~~~~~~~~~~~~~~~^~~~~~~~~~~~~~~
Drivers/src/stm32f446xx_Gpio_Driver.c(9): warning: In file included from...
./Drivers/inc\stm32f446xx_Gpio_Driver.h(27): warning: padding size of 'GPIO_Handle_t' with 2 bytes to alignment boundary [-Wpadded]
typedef struct{
        ^
Drivers/src/stm32f446xx_Gpio_Driver.c(198): warning: implicit conversion changes signedness: 'int' to 'unsigned int' [-Wsign-conversion]
                        RESET_GPIOA();
                        ^~~~~~~~~~~~~
./Drivers/inc/stm32f446xx.h(638): note: expanded from macro 'RESET_GPIOA'
#define RESET_GPIOA()                   do{ RCC->AHB1RSTR |= (0x01 << 0);   RCC->AHB1RSTR &= ~(0x01 << 0); }while(0)
                                                                                          ~~ ^~~~~~~~~~~~
Drivers/src/stm32f446xx_Gpio_Driver.c(201): warning: implicit conversion changes signedness: 'int' to 'unsigned int' [-Wsign-conversion]
                        RESET_GPIOB();
                        ^~~~~~~~~~~~~
./Drivers/inc/stm32f446xx.h(639): note: expanded from macro 'RESET_GPIOB'
#define RESET_GPIOB()                   do{ RCC->AHB1RSTR |= (0x01 << 1);   RCC->AHB1RSTR &= ~(0x01 << 1); }while(0)
                                                                                          ~~ ^~~~~~~~~~~~
Drivers/src/stm32f446xx_Gpio_Driver.c(204): warning: implicit conversion changes signedness: 'int' to 'unsigned int' [-Wsign-conversion]
                        RESET_GPIOC();
                        ^~~~~~~~~~~~~
./Drivers/inc/stm32f446xx.h(640): note: expanded from macro 'RESET_GPIOC'
#define RESET_GPIOC()                   do{ RCC->AHB1RSTR |= (0x01 << 2);   RCC->AHB1RSTR &= ~(0x01 << 2); }while(0)
                                                                                          ~~ ^~~~~~~~~~~~
Drivers/src/stm32f446xx_Gpio_Driver.c(207): warning: implicit conversion changes signedness: 'int' to 'unsigned int' [-Wsign-conversion]
                        RESET_GPIOD();
                        ^~~~~~~~~~~~~
./Drivers/inc/stm32f446xx.h(641): note: expanded from macro 'RESET_GPIOD'
#define RESET_GPIOD()                   do{ RCC->AHB1RSTR |= (0x01 << 3);   RCC->AHB1RSTR &= ~(0x01 << 3); }while(0)
                                                                                          ~~ ^~~~~~~~~~~~
Drivers/src/stm32f446xx_Gpio_Driver.c(210): warning: implicit conversion changes signedness: 'int' to 'unsigned int' [-Wsign-conversion]
                        RESET_GPIOE();
                        ^~~~~~~~~~~~~
./Drivers/inc/stm32f446xx.h(642): note: expanded from macro 'RESET_GPIOE'
#define RESET_GPIOE()                   do{ RCC->AHB1RSTR |= (0x01 << 4);   RCC->AHB1RSTR &= ~(0x01 << 4); }while(0)
                                                                                          ~~ ^~~~~~~~~~~~
Drivers/src/stm32f446xx_Gpio_Driver.c(213): warning: implicit conversion changes signedness: 'int' to 'unsigned int' [-Wsign-conversion]
                        RESET_GPIOF();
                        ^~~~~~~~~~~~~
./Drivers/inc/stm32f446xx.h(643): note: expanded from macro 'RESET_GPIOF'
#define RESET_GPIOF()                   do{ RCC->AHB1RSTR |= (0x01 << 5);   RCC->AHB1RSTR &= ~(0x01 << 5); }while(0)
                                                                                          ~~ ^~~~~~~~~~~~
Drivers/src/stm32f446xx_Gpio_Driver.c(216): warning: implicit conversion changes signedness: 'int' to 'unsigned int' [-Wsign-conversion]
                        RESET_GPIOG();
                        ^~~~~~~~~~~~~
./Drivers/inc/stm32f446xx.h(644): note: expanded from macro 'RESET_GPIOG'
#define RESET_GPIOG()                   do{ RCC->AHB1RSTR |= (0x01 << 6);   RCC->AHB1RSTR &= ~(0x01 << 6); }while(0)
                                                                                          ~~ ^~~~~~~~~~~~
Drivers/src/stm32f446xx_Gpio_Driver.c(219): warning: implicit conversion changes signedness: 'int' to 'unsigned int' [-Wsign-conversion]
                        RESET_GPIOH();
                        ^~~~~~~~~~~~~
./Drivers/inc/stm32f446xx.h(645): note: expanded from macro 'RESET_GPIOH'
#define RESET_GPIOH()                   do{ RCC->AHB1RSTR |= (0x01 << 7);   RCC->AHB1RSTR &= ~(0x01 << 7); }while(0)
                                                                                          ~~ ^~~~~~~~~~~~
Drivers/src/stm32f446xx_Gpio_Driver.c(290): warning: implicit conversion changes signedness: 'int' to 'unsigned int' [-Wsign-conversion]
                pGPIOx->BSRR |= ( (0x01 << 16) << PinNumber );
                             ~~   ~~~~~~~~~~~~~^~~~~~~~~~~~
31 warnings generated.
compiling stm32f446xx_Gpio_Driver.c...
Drivers/src/stm32f446xx_SPI_Driver.c(2): warning: In file included from...
./Drivers/inc\stm32f446xx_SPI_Driver.h(118): warning: no newline at end of file [-Wnewline-eof]
#endif
      ^
Drivers/src/stm32f446xx_SPI_Driver.c(39): warning: implicit conversion changes signedness: 'int' to 'unsigned int' [-Wsign-conversion]
                                SPI1_PCLCK_DIS();
                                ^~~~~~~~~~~~~~~~
./Drivers/inc/stm32f446xx.h(622): note: expanded from macro 'SPI1_PCLCK_DIS'
#define SPI1_PCLCK_DIS()                RCC->APB2ENR &= ~(0x01 << 12)
                                                     ~~ ^~~~~~~~~~~~~
Drivers/src/stm32f446xx_SPI_Driver.c(42): warning: implicit conversion changes signedness: 'int' to 'unsigned int' [-Wsign-conversion]
                                SPI2_PCLCK_DIS();
                                ^~~~~~~~~~~~~~~~
./Drivers/inc/stm32f446xx.h(552): note: expanded from macro 'SPI2_PCLCK_DIS'
#define SPI2_PCLCK_DIS()                RCC->APB1ENR &= ~(0x01 << 14)
                                                     ~~ ^~~~~~~~~~~~~
Drivers/src/stm32f446xx_SPI_Driver.c(45): warning: implicit conversion changes signedness: 'int' to 'unsigned int' [-Wsign-conversion]
                                SPI3_PCLCK_DIS();
                                ^~~~~~~~~~~~~~~~
./Drivers/inc/stm32f446xx.h(553): note: expanded from macro 'SPI3_PCLCK_DIS'
#define SPI3_PCLCK_DIS()                RCC->APB1ENR &= ~(0x01 << 15)
                                                     ~~ ^~~~~~~~~~~~~
Drivers/src/stm32f446xx_SPI_Driver.c(48): warning: implicit conversion changes signedness: 'int' to 'unsigned int' [-Wsign-conversion]
                                SPI4_PCLCK_DIS();
                                ^~~~~~~~~~~~~~~~
./Drivers/inc/stm32f446xx.h(623): note: expanded from macro 'SPI4_PCLCK_DIS'
#define SPI4_PCLCK_DIS()                RCC->APB2ENR &= ~(0x01 << 13)
                                                     ~~ ^~~~~~~~~~~~~
Drivers/src/stm32f446xx_SPI_Driver.c(79): warning: implicit conversion changes signedness: 'int' to 'unsigned int' [-Wsign-conversion]
        tempreg |= ( pSPIHandle->SPICOnfig.SPI_DeviceMode << SPI_CR1_MASTER_SELECTION ); //OK
                ~~   ~~~~~~~~~~~~~~~~~~~~~~~~~~~~~~~~~~~~~^~~~~~~~~~~~~~~~~~~~~~~~~~~
Drivers/src/stm32f446xx_SPI_Driver.c(2): warning: In file included from...
./Drivers/inc\stm32f446xx_SPI_Driver.h(18): warning: padding size of 'SPI_Handle_t' with 1 byte to alignment boundary [-Wpadded]
typedef struct{
        ^
Drivers/src/stm32f446xx_SPI_Driver.c(122): warning: unused parameter 'pSPIx' [-Wunused-parameter]
void SPI_DeInit( SPI_RegDef_t *pSPIx ){
                               ^
Drivers/src/stm32f446xx_SPI_Driver.c(145): warning: cast from 'uint8_t *' (aka 'unsigned char *') to 'uint16_t *' (aka 'unsigned short *') increases required alignment from 1 to 2 [-Wcast-align]
                                pSPIx->DR = *( (uint16_t *) pTxBuffer );
                                               ^~~~~~~~~~~~~~~~~~~~~~
Drivers/src/stm32f446xx_SPI_Driver.c(150): warning: cast from 'uint8_t *' (aka 'unsigned char *') to 'uint16_t *' (aka 'unsigned short *') increases required alignment from 1 to 2 [-Wcast-align]
                                (uint16_t *) pTxBuffer++;
                                ^~~~~~~~~~~~~~~~~~~~~~~~
Drivers/src/stm32f446xx_SPI_Driver.c(150): warning: expression result unused [-Wunused-value]
                                (uint16_t *) pTxBuffer++;
                                ^            ~~~~~~~~~~~
Drivers/src/stm32f446xx_SPI_Driver.c(191): warning: implicit conversion changes signedness: 'int' to 'unsigned int' [-Wsign-conversion]
                        pSPIx->CR[0] &= ~(1<<SPI_CR1_ENABLE);   //OK
                                     ~~ ^~~~~~~~~~~~~~~~~~~~
Drivers/src/stm32f446xx_SPI_Driver.c(201): warning: implicit conversion changes signedness: 'int' to 'unsigned int' [-Wsign-conversion]
                pSPIx->CR[0] &= ~(1<<SPI_CR1_SSI);      //OK
                             ~~ ^~~~~~~~~~~~~~~~~
Drivers/src/stm32f446xx_SPI_Driver.c(204): warning: no newline at end of file [-Wnewline-eof]
 
 ^
14 warnings generated.
compiling stm32f446xx_SPI_Driver.c...
linking...
Program Size: Code=2696 RO-data=508 RW-data=12 ZI-data=1632  
".\Objects\stm32f446re.axf" - 0 Error(s), 52 Warning(s).

<h2>Software Packages used:</h2>

Package Vendor: ARM
                http://www.keil.com/pack/ARM.CMSIS.5.9.0.pack
                ARM.CMSIS.5.9.0
                CMSIS (Common Microcontroller Software Interface Standard)
   * Component: CORE Version: 5.6.0

Package Vendor: Keil
                https://www.keil.com/pack/Keil.STM32F4xx_DFP.2.17.1.pack
                Keil.STM32F4xx_DFP.2.17.1
                STMicroelectronics STM32F4 Series Device Support, Drivers and Examples
   * Component: Startup Version: 2.6.3

<h2>Collection of Component include folders:</h2>
  .\RTE\_Target_1
  C:\Users\xavier.rocher\AppData\Local\Arm\Packs\ARM\CMSIS\5.9.0\CMSIS\Core\Include
  C:\Users\xavier.rocher\AppData\Local\Arm\Packs\Keil\STM32F4xx_DFP\2.17.1\Drivers\CMSIS\Device\ST\STM32F4xx\Include

<h2>Collection of Component Files used:</h2>

   * Component: ARM::CMSIS:CORE:5.6.0

   * Component: Keil::Device:Startup:2.6.3
      Source file:   MDK\Device\Source\ARM\STM32F446xx_OPT.s
      Source file:   MDK\Device\Source\ARM\STM32F4xx_OTP.s
      Include file:  Drivers\CMSIS\Device\ST\STM32F4xx\Include\stm32f4xx.h
      Source file:   Drivers\CMSIS\Device\ST\STM32F4xx\Source\Templates\arm\startup_stm32f446xx.s
      Source file:   Drivers\CMSIS\Device\ST\STM32F4xx\Source\Templates\system_stm32f4xx.c
Build Time Elapsed:  00:00:01
</pre>
</body>
</html>
