<html>
<body>
<pre>
<h1>µVision Build Log</h1>
<h2>Tool Versions:</h2>
IDE-Version: µVision V5.31.0.0
Copyright (C) 2020 ARM Ltd and ARM Germany GmbH. All rights reserved.
License Information: Xavier Rocher, MPS, LIC=----
 
Tool Versions:
Toolchain:       MDK-Lite  Version: 5.31.0.0
Toolchain Path:  C:\Keil_v5\ARM\ARMCLANG\Bin
C Compiler:      ArmClang.exe V6.14
Assembler:       Armasm.exe V6.14
Linker/Locator:  ArmLink.exe V6.14
Library Manager: ArmAr.exe V6.14
Hex Converter:   FromElf.exe V6.14
CPU DLL:         SARMCM3.DLL V5.31.0.0
Dialog DLL:      DCM.DLL V1.17.3.0
Target DLL:      STLink\ST-LINKIII-KEIL_SWO.dll V3.0.7.0
Dialog DLL:      TCM.DLL V1.46.0.0
 
<h2>Project:</h2>
C:\Users\xavier.rocher\Documents\Projects\FW\stm32f446re_drivers\stm32f446re.uvprojx
Project File Date:  04/05/2024

<h2>Output:</h2>
*** Using Compiler 'V6.14', folder: 'C:\Keil_v5\ARM\ARMCLANG\Bin'
Build target 'Target 1'
Drivers/src/stm32f446xx_SPI_Driver.c(2): warning: In file included from...
./Drivers/inc\stm32f446xx_SPI_Driver.h(155): warning: no newline at end of file [-Wnewline-eof]
#endif
      ^
Drivers/src/stm32f446xx_SPI_Driver.c(13): warning: cast from 'uint8_t *' (aka 'unsigned char *') to 'uint16_t *' (aka 'unsigned short *') increases required alignment from 1 to 2 [-Wcast-align]
                                pSPIHandle->pSPIx->DR = *( (uint16_t *) pSPIHandle->pTxBuffer );
                                                           ^~~~~~~~~~~~~~~~~~~~~~~~~~~~~~~~~~
Drivers/src/stm32f446xx_SPI_Driver.c(18): warning: cast from 'uint8_t *' (aka 'unsigned char *') to 'uint16_t *' (aka 'unsigned short *') increases required alignment from 1 to 2 [-Wcast-align]
                                (uint16_t *) pSPIHandle->pTxBuffer++;
                                ^~~~~~~~~~~~~~~~~~~~~~~~~~~~~~~~~~~~
Drivers/src/stm32f446xx_SPI_Driver.c(18): warning: expression result unused [-Wunused-value]
                                (uint16_t *) pSPIHandle->pTxBuffer++;
                                ^            ~~~~~~~~~~~~~~~~~~~~~~~
Drivers/src/stm32f446xx_SPI_Driver.c(44): warning: cast from 'uint8_t *' (aka 'unsigned char *') to 'uint16_t *' (aka 'unsigned short *') increases required alignment from 1 to 2 [-Wcast-align]
                                *( (uint16_t *) pSPIHandle->pRxBuffer ) = (uint16_t) pSPIHandle->pSPIx->DR;
                                   ^~~~~~~~~~~~~~~~~~~~~~~~~~~~~~~~~~
Drivers/src/stm32f446xx_SPI_Driver.c(73): warning: implicit conversion loses integer precision: 'volatile uint32_t' (aka 'volatile unsigned int') to 'uint8_t' (aka 'unsigned char') [-Wimplicit-int-conversion]
                temp = pSPIHandle->pSPIx->DR;
                     ~ ~~~~~~~~~~~~~~~~~~~^~
Drivers/src/stm32f446xx_SPI_Driver.c(74): warning: implicit conversion loses integer precision: 'volatile uint32_t' (aka 'volatile unsigned int') to 'uint8_t' (aka 'unsigned char') [-Wimplicit-int-conversion]
                temp = pSPIHandle->pSPIx->SR;
                     ~ ~~~~~~~~~~~~~~~~~~~^~
Drivers/src/stm32f446xx_SPI_Driver.c(85): warning: implicit conversion loses integer precision: 'volatile uint32_t' (aka 'volatile unsigned int') to 'uint8_t' (aka 'unsigned char') [-Wimplicit-int-conversion]
        temp = pSPIx->DR;
             ~ ~~~~~~~^~
Drivers/src/stm32f446xx_SPI_Driver.c(86): warning: implicit conversion loses integer precision: 'volatile uint32_t' (aka 'volatile unsigned int') to 'uint8_t' (aka 'unsigned char') [-Wimplicit-int-conversion]
        temp = pSPIx->SR;
             ~ ~~~~~~~^~
Drivers/src/stm32f446xx_SPI_Driver.c(96): warning: implicit conversion changes signedness: 'int' to 'unsigned int' [-Wsign-conversion]
        pSPIHandle->pSPIx->CR[1] &= ~(1 << SPI_CR2_TXBUFFER_EMPTY_INTERRUPT_ENABLE);
                                 ~~ ^~~~~~~~~~~~~~~~~~~~~~~~~~~~~~~~~~~~~~~~~~~~~~~
Drivers/src/stm32f446xx_SPI_Driver.c(2): warning: In file included from...
./Drivers/inc\stm32f446xx_SPI_Driver.h(22): warning: padding struct 'SPI_Handle_t' with 1 byte to align 'pTxBuffer' [-Wpadded]
        uint8_t *pTxBuffer;
                 ^
./Drivers/inc\stm32f446xx_SPI_Driver.h(18): warning: padding size of 'SPI_Handle_t' with 2 bytes to alignment boundary [-Wpadded]
typedef struct{
        ^
Drivers/src/stm32f446xx_SPI_Driver.c(105): warning: implicit conversion changes signedness: 'int' to 'unsigned int' [-Wsign-conversion]
        pSPIHandle->pSPIx->CR[1] &= ~(1 << SPI_CR2_RXBUFFER_NEMPTY_INTERRUPT_ENABLE);
                                 ~~ ^~~~~~~~~~~~~~~~~~~~~~~~~~~~~~~~~~~~~~~~~~~~~~~~
Drivers/src/stm32f446xx_SPI_Driver.c(146): warning: implicit conversion changes signedness: 'int' to 'unsigned int' [-Wsign-conversion]
                                SPI1_PCLCK_DIS();
                                ^~~~~~~~~~~~~~~~
./Drivers/inc/stm32f446xx.h(624): note: expanded from macro 'SPI1_PCLCK_DIS'
#define SPI1_PCLCK_DIS()                RCC->APB2ENR &= ~(0x01 << 12)
                                                     ~~ ^~~~~~~~~~~~~
Drivers/src/stm32f446xx_SPI_Driver.c(149): warning: implicit conversion changes signedness: 'int' to 'unsigned int' [-Wsign-conversion]
                                SPI2_PCLCK_DIS();
                                ^~~~~~~~~~~~~~~~
./Drivers/inc/stm32f446xx.h(554): note: expanded from macro 'SPI2_PCLCK_DIS'
#define SPI2_PCLCK_DIS()                RCC->APB1ENR &= ~(0x01 << 14)
                                                     ~~ ^~~~~~~~~~~~~
Drivers/src/stm32f446xx_SPI_Driver.c(152): warning: implicit conversion changes signedness: 'int' to 'unsigned int' [-Wsign-conversion]
                                SPI3_PCLCK_DIS();
                                ^~~~~~~~~~~~~~~~
./Drivers/inc/stm32f446xx.h(555): note: expanded from macro 'SPI3_PCLCK_DIS'
#define SPI3_PCLCK_DIS()                RCC->APB1ENR &= ~(0x01 << 15)
                                                     ~~ ^~~~~~~~~~~~~
Drivers/src/stm32f446xx_SPI_Driver.c(155): warning: implicit conversion changes signedness: 'int' to 'unsigned int' [-Wsign-conversion]
                                SPI4_PCLCK_DIS();
                                ^~~~~~~~~~~~~~~~
./Drivers/inc/stm32f446xx.h(625): note: expanded from macro 'SPI4_PCLCK_DIS'
#define SPI4_PCLCK_DIS()                RCC->APB2ENR &= ~(0x01 << 13)
                                                     ~~ ^~~~~~~~~~~~~
Drivers/src/stm32f446xx_SPI_Driver.c(265): warning: cast from 'uint8_t *' (aka 'unsigned char *') to 'uint16_t *' (aka 'unsigned short *') increases required alignment from 1 to 2 [-Wcast-align]
                                pSPIx->DR = *( (uint16_t *) pTxBuffer );
                                               ^~~~~~~~~~~~~~~~~~~~~~
Drivers/src/stm32f446xx_SPI_Driver.c(270): warning: cast from 'uint8_t *' (aka 'unsigned char *') to 'uint16_t *' (aka 'unsigned short *') increases required alignment from 1 to 2 [-Wcast-align]
                                (uint16_t *) pTxBuffer++;
                                ^~~~~~~~~~~~~~~~~~~~~~~~
Drivers/src/stm32f446xx_SPI_Driver.c(270): warning: expression result unused [-Wunused-value]
                                (uint16_t *) pTxBuffer++;
                                ^            ~~~~~~~~~~~
Drivers/src/stm32f446xx_SPI_Driver.c(294): warning: cast from 'uint8_t *' (aka 'unsigned char *') to 'uint16_t *' (aka 'unsigned short *') increases required alignment from 1 to 2 [-Wcast-align]
                                *((uint16_t*)pRxBuffer) = pSPIx->DR;
                                  ^~~~~~~~~~~~~~~~~~~~
Drivers/src/stm32f446xx_SPI_Driver.c(294): warning: implicit conversion loses integer precision: 'volatile uint32_t' (aka 'volatile unsigned int') to 'uint16_t' (aka 'unsigned short') [-Wimplicit-int-conversion]
                                *((uint16_t*)pRxBuffer) = pSPIx->DR;
                                                        ~ ~~~~~~~^~
Drivers/src/stm32f446xx_SPI_Driver.c(297): warning: cast from 'uint8_t *' (aka 'unsigned char *') to 'uint16_t *' (aka 'unsigned short *') increases required alignment from 1 to 2 [-Wcast-align]
                                (uint16_t*)pRxBuffer++;
                                ^~~~~~~~~~~~~~~~~~~~~~
Drivers/src/stm32f446xx_SPI_Driver.c(297): warning: expression result unused [-Wunused-value]
                                (uint16_t*)pRxBuffer++;
                                ^          ~~~~~~~~~~~
Drivers/src/stm32f446xx_SPI_Driver.c(302): warning: implicit conversion loses integer precision: 'volatile uint32_t' (aka 'volatile unsigned int') to 'uint8_t' (aka 'unsigned char') [-Wimplicit-int-conversion]
                                        *(pRxBuffer)    = pSPIx->DR;
                                                        ~ ~~~~~~~^~
Drivers/src/stm32f446xx_SPI_Driver.c(516): warning: implicit conversion changes signedness: 'int' to 'unsigned int' [-Wsign-conversion]
                        pSPIx->CR[0] &= ~(1<<SPI_CR1_ENABLE);   //OK
                                     ~~ ^~~~~~~~~~~~~~~~~~~~
Drivers/src/stm32f446xx_SPI_Driver.c(526): warning: implicit conversion changes signedness: 'int' to 'unsigned int' [-Wsign-conversion]
                pSPIx->CR[0] &= ~(1<<SPI_CR1_SSI);      //OK
                             ~~ ^~~~~~~~~~~~~~~~~
Drivers/src/stm32f446xx_SPI_Driver.c(536): warning: implicit conversion changes signedness: 'int' to 'unsigned int' [-Wsign-conversion]
                pSPIx->CR[1] &= ~(1<<SPI_CR2_SS_ENABLE);        //OK
                             ~~ ^~~~~~~~~~~~~~~~~~~~~~~
Drivers/src/stm32f446xx_SPI_Driver.c(540): warning: no newline at end of file [-Wnewline-eof]
__weak void SPI_ApplicationEventCallback(SPI_Handle_t*pSPIHandle,uint8_t AppEv){}
                                                                                 ^
Drivers/src/stm32f446xx_SPI_Driver.c(540): warning: unused parameter 'pSPIHandle' [-Wunused-parameter]
__weak void SPI_ApplicationEventCallback(SPI_Handle_t*pSPIHandle,uint8_t AppEv){}
                                                      ^
Drivers/src/stm32f446xx_SPI_Driver.c(540): warning: unused parameter 'AppEv' [-Wunused-parameter]
__weak void SPI_ApplicationEventCallback(SPI_Handle_t*pSPIHandle,uint8_t AppEv){}
                                                                         ^
31 warnings generated.
compiling stm32f446xx_SPI_Driver.c...
linking...
Program Size: Code=3992 RO-data=512 RW-data=0 ZI-data=1632  
".\Objects\stm32f446re.axf" - 0 Error(s), 31 Warning(s).

<h2>Software Packages used:</h2>

Package Vendor: ARM
                http://www.keil.com/pack/ARM.CMSIS.5.9.0.pack
                ARM.CMSIS.5.9.0
                CMSIS (Common Microcontroller Software Interface Standard)
   * Component: CORE Version: 5.6.0

Package Vendor: Keil
                https://www.keil.com/pack/Keil.STM32F4xx_DFP.2.17.1.pack
                Keil.STM32F4xx_DFP.2.17.1
                STMicroelectronics STM32F4 Series Device Support, Drivers and Examples
   * Component: Startup Version: 2.6.3

<h2>Collection of Component include folders:</h2>
  .\RTE\_Target_1
  C:\Users\xavier.rocher\AppData\Local\Arm\Packs\ARM\CMSIS\5.9.0\CMSIS\Core\Include
  C:\Users\xavier.rocher\AppData\Local\Arm\Packs\Keil\STM32F4xx_DFP\2.17.1\Drivers\CMSIS\Device\ST\STM32F4xx\Include

<h2>Collection of Component Files used:</h2>

   * Component: ARM::CMSIS:CORE:5.6.0

   * Component: Keil::Device:Startup:2.6.3
      Source file:   MDK\Device\Source\ARM\STM32F446xx_OPT.s
      Source file:   MDK\Device\Source\ARM\STM32F4xx_OTP.s
      Include file:  Drivers\CMSIS\Device\ST\STM32F4xx\Include\stm32f4xx.h
      Source file:   Drivers\CMSIS\Device\ST\STM32F4xx\Source\Templates\arm\startup_stm32f446xx.s
      Source file:   Drivers\CMSIS\Device\ST\STM32F4xx\Source\Templates\system_stm32f4xx.c
Build Time Elapsed:  00:00:01
</pre>
</body>
</html>
