<html>
<body>
<pre>
<h1>µVision Build Log</h1>
<h2>Tool Versions:</h2>
IDE-Version: µVision V5.31.0.0
Copyright (C) 2020 ARM Ltd and ARM Germany GmbH. All rights reserved.
License Information: Xavier Rocher, MPS, LIC=----
 
Tool Versions:
Toolchain:       MDK-Lite  Version: 5.31.0.0
Toolchain Path:  C:\Keil_v5\ARM\ARMCLANG\Bin
C Compiler:      ArmClang.exe V6.14
Assembler:       Armasm.exe V6.14
Linker/Locator:  ArmLink.exe V6.14
Library Manager: ArmAr.exe V6.14
Hex Converter:   FromElf.exe V6.14
CPU DLL:         SARMCM3.DLL V5.31.0.0
Dialog DLL:      DCM.DLL V1.17.3.0
Target DLL:      STLink\ST-LINKIII-KEIL_SWO.dll V3.0.7.0
Dialog DLL:      TCM.DLL V1.46.0.0
 
<h2>Project:</h2>
C:\Users\xavier.rocher\Documents\Projects\FW\stm32f446re_drivers\stm32f446re.uvprojx
Project File Date:  04/24/2024

<h2>Output:</h2>
*** Using Compiler 'V6.14', folder: 'C:\Keil_v5\ARM\ARMCLANG\Bin'
Build target 'Target 1'
TIM_BasicTimerIT.c(16): warning: In file included from...
./Drivers/inc\stm32f446xx_NVIC.h(10): warning: no newline at end of file [-Wnewline-eof]
#endif
      ^
TIM_BasicTimerIT.c(18): warning: In file included from...
./Drivers/inc\stm32f446xx_Timers_Driver.h(215): warning: no newline at end of file [-Wnewline-eof]
#endif
      ^
TIM_BasicTimerIT.c(24): warning: no previous extern declaration for non-static variable 'LED' [-Wmissing-variable-declarations]
GPIO_Handle_t LED                               = { 0 };
              ^
TIM_BasicTimerIT.c(24): note: declare 'static' if the variable is not intended to be used outside of this translation unit
GPIO_Handle_t LED                               = { 0 };
^
TIM_BasicTimerIT.c(17): warning: In file included from...
./Drivers/inc\stm32f446xx_Gpio_Driver.h(27): warning: padding size of 'GPIO_Handle_t' with 2 bytes to alignment boundary [-Wpadded]
typedef struct{
        ^
TIM_BasicTimerIT.c(25): warning: no previous extern declaration for non-static variable 'htim_led' [-Wmissing-variable-declarations]
TIM_handle_t    htim_led                = { 0 };
                ^
TIM_BasicTimerIT.c(25): note: declare 'static' if the variable is not intended to be used outside of this translation unit
TIM_handle_t    htim_led                = { 0 };
^
TIM_BasicTimerIT.c(18): warning: In file included from...
./Drivers/inc\stm32f446xx_Timers_Driver.h(8): warning: padding struct 'TIM_TimeBase_t' with 2 bytes to align 'TIM_Period' [-Wpadded]
        uint32_t TIM_Period;
                 ^
TIM_BasicTimerIT.c(71): warning: no previous prototype for function 'TIM6_DAC_IRQHandler' [-Wmissing-prototypes]
void TIM6_DAC_IRQHandler(void){
     ^
TIM_BasicTimerIT.c(71): note: declare 'static' if the function is not intended to be used outside of this translation unit
void TIM6_DAC_IRQHandler(void){
^
static 
TIM_BasicTimerIT.c(77): warning: unused parameter 'pTIMHandle' [-Wunused-parameter]
void TIM_EventCallback(TIM_handle_t* pTIMHandle,TIM_Event_t event){
                                     ^
8 warnings generated.
compiling TIM_BasicTimerIT.c...
linking...
.\Objects\stm32f446re.axf: Warning: L6439W: Multiply defined Global Symbol TIM_EventCallback defined in .text.TIM_EventCallback(tim_basictimerit.o) rejected in favor of Symbol defined in .text.TIM_EventCallback(stm32f446xx_timers_driver.o).
Program Size: Code=4272 RO-data=468 RW-data=0 ZI-data=1656  
Finished: 0 information, 1 warning and 0 error messages.
".\Objects\stm32f446re.axf" - 0 Error(s), 9 Warning(s).

<h2>Software Packages used:</h2>

Package Vendor: ARM
                http://www.keil.com/pack/ARM.CMSIS.5.9.0.pack
                ARM.CMSIS.5.9.0
                CMSIS (Common Microcontroller Software Interface Standard)
   * Component: CORE Version: 5.6.0

Package Vendor: Keil
                https://www.keil.com/pack/Keil.STM32F4xx_DFP.2.17.1.pack
                Keil.STM32F4xx_DFP.2.17.1
                STMicroelectronics STM32F4 Series Device Support, Drivers and Examples
   * Component: Startup Version: 2.6.3

<h2>Collection of Component include folders:</h2>
  .\RTE\_Target_1
  C:\Users\xavier.rocher\AppData\Local\Arm\Packs\ARM\CMSIS\5.9.0\CMSIS\Core\Include
  C:\Users\xavier.rocher\AppData\Local\Arm\Packs\Keil\STM32F4xx_DFP\2.17.1\Drivers\CMSIS\Device\ST\STM32F4xx\Include

<h2>Collection of Component Files used:</h2>

   * Component: ARM::CMSIS:CORE:5.6.0

   * Component: Keil::Device:Startup:2.6.3
      Source file:   MDK\Device\Source\ARM\STM32F4xx_OTP.s
      Include file:  Drivers\CMSIS\Device\ST\STM32F4xx\Include\stm32f4xx.h
      Source file:   MDK\Device\Source\ARM\STM32F446xx_OPT.s
      Source file:   Drivers\CMSIS\Device\ST\STM32F4xx\Source\Templates\arm\startup_stm32f446xx.s
      Source file:   Drivers\CMSIS\Device\ST\STM32F4xx\Source\Templates\system_stm32f4xx.c
Build Time Elapsed:  00:00:01
</pre>
</body>
</html>
