<html>
<body>
<pre>
<h1>µVision Build Log</h1>
<h2>Tool Versions:</h2>
IDE-Version: µVision V5.31.0.0
Copyright (C) 2020 ARM Ltd and ARM Germany GmbH. All rights reserved.
License Information: Xavier Rocher, MPS, LIC=----
 
Tool Versions:
Toolchain:       MDK-Lite  Version: 5.31.0.0
Toolchain Path:  C:\Keil_v5\ARM\ARMCLANG\Bin
C Compiler:      ArmClang.exe V6.14
Assembler:       Armasm.exe V6.14
Linker/Locator:  ArmLink.exe V6.14
Library Manager: ArmAr.exe V6.14
Hex Converter:   FromElf.exe V6.14
CPU DLL:         SARMCM3.DLL V5.31.0.0
Dialog DLL:      DCM.DLL V1.17.3.0
Target DLL:      STLink\ST-LINKIII-KEIL_SWO.dll V3.0.7.0
Dialog DLL:      TCM.DLL V1.46.0.0
 
<h2>Project:</h2>
C:\Users\xavier.rocher\Documents\Projects\FW\stm32f446re_drivers\stm32f446re.uvprojx
Project File Date:  04/29/2024

<h2>Output:</h2>
*** Using Compiler 'V6.14', folder: 'C:\Keil_v5\ARM\ARMCLANG\Bin'
Build target 'Target 1'
compiling stm32f446xx_I2C_Driver.c...
Drivers/src/stm32f446xx_Timers_Driver.c(3): warning: In file included from...
./Drivers/inc\stm32f446xx_Timers_Driver.h(215): warning: no newline at end of file [-Wnewline-eof]
#endif
      ^
Drivers/src/stm32f446xx_Timers_Driver.c(4): warning: In file included from...
./Drivers/inc\stm32f446xx_NVIC.h(10): warning: no newline at end of file [-Wnewline-eof]
#endif
      ^
Drivers/src/stm32f446xx_Timers_Driver.c(60): warning: implicit conversion changes signedness: 'int' to 'unsigned int' [-Wsign-conversion]
                        TIM2_PCLCK_DIS();
                        ^~~~~~~~~~~~~~~~
./Drivers/inc/stm32f446xx.h(537): note: expanded from macro 'TIM2_PCLCK_DIS'
#define TIM2_PCLCK_DIS()                RCC->APB1ENR &= ~(0x01 << 0)
                                                     ~~ ^~~~~~~~~~~~
Drivers/src/stm32f446xx_Timers_Driver.c(63): warning: implicit conversion changes signedness: 'int' to 'unsigned int' [-Wsign-conversion]
                        TIM3_PCLCK_DIS();
                        ^~~~~~~~~~~~~~~~
./Drivers/inc/stm32f446xx.h(538): note: expanded from macro 'TIM3_PCLCK_DIS'
#define TIM3_PCLCK_DIS()                RCC->APB1ENR &= ~(0x01 << 1)
                                                     ~~ ^~~~~~~~~~~~
Drivers/src/stm32f446xx_Timers_Driver.c(66): warning: implicit conversion changes signedness: 'int' to 'unsigned int' [-Wsign-conversion]
                        TIM4_PCLCK_DIS();
                        ^~~~~~~~~~~~~~~~
./Drivers/inc/stm32f446xx.h(539): note: expanded from macro 'TIM4_PCLCK_DIS'
#define TIM4_PCLCK_DIS()                RCC->APB1ENR &= ~(0x01 << 2)
                                                     ~~ ^~~~~~~~~~~~
Drivers/src/stm32f446xx_Timers_Driver.c(69): warning: implicit conversion changes signedness: 'int' to 'unsigned int' [-Wsign-conversion]
                        TIM5_PCLCK_DIS();
                        ^~~~~~~~~~~~~~~~
./Drivers/inc/stm32f446xx.h(540): note: expanded from macro 'TIM5_PCLCK_DIS'
#define TIM5_PCLCK_DIS()                RCC->APB1ENR &= ~(0x01 << 3)
                                                     ~~ ^~~~~~~~~~~~
Drivers/src/stm32f446xx_Timers_Driver.c(72): warning: implicit conversion changes signedness: 'int' to 'unsigned int' [-Wsign-conversion]
                        TIM6_PCLCK_DIS();
                        ^~~~~~~~~~~~~~~~
./Drivers/inc/stm32f446xx.h(541): note: expanded from macro 'TIM6_PCLCK_DIS'
#define TIM6_PCLCK_DIS()                RCC->APB1ENR &= ~(0x01 << 4)
                                                     ~~ ^~~~~~~~~~~~
Drivers/src/stm32f446xx_Timers_Driver.c(75): warning: implicit conversion changes signedness: 'int' to 'unsigned int' [-Wsign-conversion]
                        TIM7_PCLCK_DIS();
                        ^~~~~~~~~~~~~~~~
./Drivers/inc/stm32f446xx.h(542): note: expanded from macro 'TIM7_PCLCK_DIS'
#define TIM7_PCLCK_DIS()                RCC->APB1ENR &= ~(0x01 << 5)
                                                     ~~ ^~~~~~~~~~~~
Drivers/src/stm32f446xx_Timers_Driver.c(90): warning: implicit conversion changes signedness: 'int' to 'unsigned int' [-Wsign-conversion]
                        TIM12_PCLCK_DIS();
                        ^~~~~~~~~~~~~~~~~
./Drivers/inc/stm32f446xx.h(543): note: expanded from macro 'TIM12_PCLCK_DIS'
#define TIM12_PCLCK_DIS()               RCC->APB1ENR &= ~(0x01 << 6)
                                                     ~~ ^~~~~~~~~~~~
Drivers/src/stm32f446xx_Timers_Driver.c(93): warning: implicit conversion changes signedness: 'int' to 'unsigned int' [-Wsign-conversion]
                        TIM13_PCLCK_DIS();
                        ^~~~~~~~~~~~~~~~~
./Drivers/inc/stm32f446xx.h(544): note: expanded from macro 'TIM13_PCLCK_DIS'
#define TIM13_PCLCK_DIS()               RCC->APB1ENR &= ~(0x01 << 7)
                                                     ~~ ^~~~~~~~~~~~
Drivers/src/stm32f446xx_Timers_Driver.c(96): warning: implicit conversion changes signedness: 'int' to 'unsigned int' [-Wsign-conversion]
                        TIM14_PCLCK_DIS();
                        ^~~~~~~~~~~~~~~~~
./Drivers/inc/stm32f446xx.h(545): note: expanded from macro 'TIM14_PCLCK_DIS'
#define TIM14_PCLCK_DIS()               RCC->APB1ENR &= ~(0x01 << 8)
                                                     ~~ ^~~~~~~~~~~~
Drivers/src/stm32f446xx_Timers_Driver.c(3): warning: In file included from...
./Drivers/inc\stm32f446xx_Timers_Driver.h(8): warning: padding struct 'TIM_TimeBase_t' with 2 bytes to align 'TIM_Period' [-Wpadded]
        uint32_t TIM_Period;
                 ^
12 warnings generated.
compiling stm32f446xx_Timers_Driver.c...
linking...
Program Size: Code=4208 RO-data=468 RW-data=0 ZI-data=1656  
".\Objects\stm32f446re.axf" - 0 Error(s), 12 Warning(s).

<h2>Software Packages used:</h2>

Package Vendor: ARM
                http://www.keil.com/pack/ARM.CMSIS.5.9.0.pack
                ARM.CMSIS.5.9.0
                CMSIS (Common Microcontroller Software Interface Standard)
   * Component: CORE Version: 5.6.0

Package Vendor: Keil
                https://www.keil.com/pack/Keil.STM32F4xx_DFP.2.17.1.pack
                Keil.STM32F4xx_DFP.2.17.1
                STMicroelectronics STM32F4 Series Device Support, Drivers and Examples
   * Component: Startup Version: 2.6.3

<h2>Collection of Component include folders:</h2>
  .\RTE\_Target_1
  C:\Users\xavier.rocher\AppData\Local\Arm\Packs\ARM\CMSIS\5.9.0\CMSIS\Core\Include
  C:\Users\xavier.rocher\AppData\Local\Arm\Packs\Keil\STM32F4xx_DFP\2.17.1\Drivers\CMSIS\Device\ST\STM32F4xx\Include

<h2>Collection of Component Files used:</h2>

   * Component: ARM::CMSIS:CORE:5.6.0

   * Component: Keil::Device:Startup:2.6.3
      Source file:   MDK\Device\Source\ARM\STM32F446xx_OPT.s
      Source file:   MDK\Device\Source\ARM\STM32F4xx_OTP.s
      Include file:  Drivers\CMSIS\Device\ST\STM32F4xx\Include\stm32f4xx.h
      Source file:   Drivers\CMSIS\Device\ST\STM32F4xx\Source\Templates\arm\startup_stm32f446xx.s
      Source file:   Drivers\CMSIS\Device\ST\STM32F4xx\Source\Templates\system_stm32f4xx.c
Build Time Elapsed:  00:00:02
</pre>
</body>
</html>
