<html>
<body>
<pre>
<h1>µVision Build Log</h1>
<h2>Tool Versions:</h2>
IDE-Version: µVision V5.31.0.0
Copyright (C) 2020 ARM Ltd and ARM Germany GmbH. All rights reserved.
License Information: Xavier Rocher, MPS, LIC=----
 
Tool Versions:
Toolchain:       MDK-Lite  Version: 5.31.0.0
Toolchain Path:  C:\Keil_v5\ARM\ARMCLANG\Bin
C Compiler:      ArmClang.exe V6.14
Assembler:       Armasm.exe V6.14
Linker/Locator:  ArmLink.exe V6.14
Library Manager: ArmAr.exe V6.14
Hex Converter:   FromElf.exe V6.14
CPU DLL:         SARMCM3.DLL V5.31.0.0
Dialog DLL:      DCM.DLL V1.17.3.0
Target DLL:      STLink\ST-LINKIII-KEIL_SWO.dll V3.0.7.0
Dialog DLL:      TCM.DLL V1.46.0.0
 
<h2>Project:</h2>
C:\Users\xavier.rocher\Documents\Projects\FW\stm32f446re_drivers\stm32f446re.uvprojx
Project File Date:  05/07/2024

<h2>Output:</h2>
*** Using Compiler 'V6.14', folder: 'C:\Keil_v5\ARM\ARMCLANG\Bin'
Build target 'Target 1'
stm32f446xx_Clocks.c(1): warning: In file included from...
./stm32f446xx_Clocks.h(117): warning: no newline at end of file [-Wnewline-eof]
#endif
      ^
stm32f446xx_Clocks.c(26): warning: implicit conversion changes signedness: 'int' to 'unsigned int' [-Wsign-conversion]
        RCC->CR &= ~( (1 << RCC_CR_HSEON) | (1 << RCC_HSE_BYP)| (1 << RCC_CR_CSSON) );
                ~~ ^~~~~~~~~~~~~~~~~~~~~~~~~~~~~~~~~~~~~~~~~~~~~~~~~~~~~~~~~~~~~~~~~~
stm32f446xx_Clocks.c(45): warning: implicit conversion changes signedness: 'int' to 'unsigned int' [-Wsign-conversion]
        RCC->BDCR &= ~( (1 << RCC_BDCR_LSEBYP) | (1 << RCC_BDCR_LSEON)| (1 << RCC_BDCR_LSEMOD) );
                  ~~ ^~~~~~~~~~~~~~~~~~~~~~~~~~~~~~~~~~~~~~~~~~~~~~~~~~~~~~~~~~~~~~~~~~~~~~~~~~~
stm32f446xx_Clocks.c(69): warning: implicit conversion changes signedness: 'int' to 'unsigned int' [-Wsign-conversion]
        temp_RCC_PLLCFGR = ( PLLM | ( PLLN<<RCC_PLLCFGR_PLLN )| (((PLLP>>1)-1)<<RCC_PLLCFGR_PLLP) | ( PLL_Source << RCC_PLLCFGR_PLLSRC) |(PLLQ<<RCC_PLLCFGR_PLLQ)|(PLLR<<RCC_PLLCFGR_PLLR) );
                                                                                                  ~   ~~~~~~~~~~~^~~~~~~~~~~~~~~~~~~~~
stm32f446xx_Clocks.c(80): warning: implicit conversion changes signedness: 'int' to 'unsigned int' [-Wsign-conversion]
                RCC->CR &= ~(1<<RCC_CR_HSION);
                        ~~ ^~~~~~~~~~~~~~~~~~
stm32f446xx_Clocks.c(88): warning: implicit conversion changes signedness: 'int' to 'unsigned int' [-Wsign-conversion]
                RCC->CR &= ~(1<<RCC_CSR_LSION);
                        ~~ ^~~~~~~~~~~~~~~~~~~
stm32f446xx_Clocks.c(97): warning: implicit conversion changes signedness: 'int' to 'unsigned int' [-Wsign-conversion]
                RCC->CR &= ~(1<<RCC_CR_PLLON);
                        ~~ ^~~~~~~~~~~~~~~~~~
stm32f446xx_Clocks.c(107): warning: implicit conversion changes signedness: 'int' to 'unsigned int' [-Wsign-conversion]
        temp_RCC_CFGR &= ~( 0x03 << RCC_CFGR_MCO1);
                      ~~ ^~~~~~~~~~~~~~~~~~~~~~~~~
stm32f446xx_Clocks.c(110): warning: implicit conversion changes signedness: 'int' to 'unsigned int' [-Wsign-conversion]
        temp_RCC_CFGR |= ( MCO1_Source << RCC_CFGR_MCO1);
                      ~~   ~~~~~~~~~~~~^~~~~~~~~~~~~~~~
stm32f446xx_Clocks.c(113): warning: implicit conversion changes signedness: 'int' to 'unsigned int' [-Wsign-conversion]
        temp_RCC_CFGR &= ~( 0x07 << RCC_CFGR_MCO1PRE);
                      ~~ ^~~~~~~~~~~~~~~~~~~~~~~~~~~~
stm32f446xx_Clocks.c(116): warning: implicit conversion changes signedness: 'int' to 'unsigned int' [-Wsign-conversion]
        temp_RCC_CFGR |= ( MCO1_Prescaler << RCC_CFGR_MCO1PRE);
                      ~~   ~~~~~~~~~~~~~~~^~~~~~~~~~~~~~~~~~~
stm32f446xx_Clocks.c(126): warning: signed shift result (0xC0000000) sets the sign bit of the shift expression's type ('int') and becomes negative [-Wshift-sign-overflow]
        temp_RCC_CFGR &= ~( 0x03 << RCC_CFGR_MC02);
                            ~~~~ ^  ~~~~~~~~~~~~~
stm32f446xx_Clocks.c(129): warning: implicit conversion changes signedness: 'int' to 'unsigned int' [-Wsign-conversion]
        temp_RCC_CFGR |= ( MCO2_Source << RCC_CFGR_MC02);
                      ~~   ~~~~~~~~~~~~^~~~~~~~~~~~~~~~
stm32f446xx_Clocks.c(132): warning: implicit conversion changes signedness: 'int' to 'unsigned int' [-Wsign-conversion]
        temp_RCC_CFGR &= ~( 0x07 << RCC_CFGR_MCO1PRE);
                      ~~ ^~~~~~~~~~~~~~~~~~~~~~~~~~~~
stm32f446xx_Clocks.c(135): warning: implicit conversion changes signedness: 'int' to 'unsigned int' [-Wsign-conversion]
        temp_RCC_CFGR |= ( MCO2_Prescaler << RCC_CFGR_MCO2PRE);
                      ~~   ~~~~~~~~~~~~~~~^~~~~~~~~~~~~~~~~~~
stm32f446xx_Clocks.c(143): warning: logical not is only applied to the left hand side of this bitwise operator [-Wlogical-not-parentheses]
                while(!RCC->CR & (1 << RCC_CR_HSIRDY));
                      ^        ~
stm32f446xx_Clocks.c(143): note: add parentheses after the '!' to evaluate the bitwise operator first
                while(!RCC->CR & (1 << RCC_CR_HSIRDY));
                      ^
                       (                             )
stm32f446xx_Clocks.c(143): note: add parentheses around left hand side expression to silence this warning
                while(!RCC->CR & (1 << RCC_CR_HSIRDY));
                      ^
                      (       )
stm32f446xx_Clocks.c(146): warning: logical not is only applied to the left hand side of this bitwise operator [-Wlogical-not-parentheses]
                while(!RCC->CR & (1 << RCC_CR_HSERDY));
                      ^        ~
stm32f446xx_Clocks.c(146): note: add parentheses after the '!' to evaluate the bitwise operator first
                while(!RCC->CR & (1 << RCC_CR_HSERDY));
                      ^
                       (                             )
stm32f446xx_Clocks.c(146): note: add parentheses around left hand side expression to silence this warning
                while(!RCC->CR & (1 << RCC_CR_HSERDY));
                      ^
                      (       )
stm32f446xx_Clocks.c(149): warning: logical not is only applied to the left hand side of this bitwise operator [-Wlogical-not-parentheses]
                while(!RCC->CR & (1 << RCC_CR_PLLRDY));
                      ^        ~
stm32f446xx_Clocks.c(149): note: add parentheses after the '!' to evaluate the bitwise operator first
                while(!RCC->CR & (1 << RCC_CR_PLLRDY));
                      ^
                       (                             )
stm32f446xx_Clocks.c(149): note: add parentheses around left hand side expression to silence this warning
                while(!RCC->CR & (1 << RCC_CR_PLLRDY));
                      ^
                      (       )
stm32f446xx_Clocks.c(156): warning: logical not is only applied to the left hand side of this bitwise operator [-Wlogical-not-parentheses]
                while(!RCC->BDCR & (1 << RCC_BDCR_LSERDY));
                      ^          ~
stm32f446xx_Clocks.c(156): note: add parentheses after the '!' to evaluate the bitwise operator first
                while(!RCC->BDCR & (1 << RCC_BDCR_LSERDY));
                      ^
                       (                                 )
stm32f446xx_Clocks.c(156): note: add parentheses around left hand side expression to silence this warning
                while(!RCC->BDCR & (1 << RCC_BDCR_LSERDY));
                      ^
                      (         )
stm32f446xx_Clocks.c(165): warning: implicit conversion changes signedness: 'int' to 'unsigned int' [-Wsign-conversion]
        temp_RCC_CFGR &= ~(0x03 << RCC_CFGR_SW);
                      ~~ ^~~~~~~~~~~~~~~~~~~~~~
stm32f446xx_Clocks.c(159): warning: unused parameter 'Sysclk_Src' [-Wunused-parameter]
void RCC_SysclkConfig(RCC_SysClk_Source_t Sysclk_Src){
                                          ^
21 warnings generated.
compiling stm32f446xx_Clocks.c...
linking...
Program Size: Code=4208 RO-data=468 RW-data=0 ZI-data=1656  
".\Objects\stm32f446re.axf" - 0 Error(s), 21 Warning(s).

<h2>Software Packages used:</h2>

Package Vendor: ARM
                http://www.keil.com/pack/ARM.CMSIS.5.9.0.pack
                ARM.CMSIS.5.9.0
                CMSIS (Common Microcontroller Software Interface Standard)
   * Component: CORE Version: 5.6.0

Package Vendor: Keil
                https://www.keil.com/pack/Keil.STM32F4xx_DFP.2.17.1.pack
                Keil.STM32F4xx_DFP.2.17.1
                STMicroelectronics STM32F4 Series Device Support, Drivers and Examples
   * Component: Startup Version: 2.6.3

<h2>Collection of Component include folders:</h2>
  .\RTE\_Target_1
  C:\Users\xavier.rocher\AppData\Local\Arm\Packs\ARM\CMSIS\5.9.0\CMSIS\Core\Include
  C:\Users\xavier.rocher\AppData\Local\Arm\Packs\Keil\STM32F4xx_DFP\2.17.1\Drivers\CMSIS\Device\ST\STM32F4xx\Include

<h2>Collection of Component Files used:</h2>

   * Component: ARM::CMSIS:CORE:5.6.0

   * Component: Keil::Device:Startup:2.6.3
      Include file:  Drivers\CMSIS\Device\ST\STM32F4xx\Include\stm32f4xx.h
      Source file:   MDK\Device\Source\ARM\STM32F446xx_OPT.s
      Source file:   MDK\Device\Source\ARM\STM32F4xx_OTP.s
      Source file:   Drivers\CMSIS\Device\ST\STM32F4xx\Source\Templates\arm\startup_stm32f446xx.s
      Source file:   Drivers\CMSIS\Device\ST\STM32F4xx\Source\Templates\system_stm32f4xx.c
Build Time Elapsed:  00:00:01
</pre>
</body>
</html>
