Component: ARM Compiler 6.14 Tool: armlink [5db06800]

==============================================================================

Section Cross References

    stm32f446xx_adc_driver.o(.ARM.exidx.text.ADC_Init) refers to stm32f446xx_adc_driver.o(.text.ADC_Init) for [Anonymous Symbol]
    stm32f446xx_adc_driver.o(.ARM.exidx.text.start_ADC_Conversion) refers to stm32f446xx_adc_driver.o(.text.start_ADC_Conversion) for [Anonymous Symbol]
    stm32f446xx_adc_driver.o(.ARM.exidx.text.adc_read) refers to stm32f446xx_adc_driver.o(.text.adc_read) for [Anonymous Symbol]
    stm32f446xx_gpio_driver.o(.ARM.exidx.text.GPIO_PerCLKControl) refers to stm32f446xx_gpio_driver.o(.text.GPIO_PerCLKControl) for [Anonymous Symbol]
    stm32f446xx_gpio_driver.o(.text.GPIO_Init) refers to stm32f446xx_gpio_driver.o(.text.GPIO_PerCLKControl) for GPIO_PerCLKControl
    stm32f446xx_gpio_driver.o(.ARM.exidx.text.GPIO_Init) refers to stm32f446xx_gpio_driver.o(.text.GPIO_Init) for [Anonymous Symbol]
    stm32f446xx_gpio_driver.o(.ARM.exidx.text.GPIO_DeInit) refers to stm32f446xx_gpio_driver.o(.text.GPIO_DeInit) for [Anonymous Symbol]
    stm32f446xx_gpio_driver.o(.ARM.exidx.text.GPIO_ReadFromInputPin) refers to stm32f446xx_gpio_driver.o(.text.GPIO_ReadFromInputPin) for [Anonymous Symbol]
    stm32f446xx_gpio_driver.o(.ARM.exidx.text.GPIO_ReadFromInputPort) refers to stm32f446xx_gpio_driver.o(.text.GPIO_ReadFromInputPort) for [Anonymous Symbol]
    stm32f446xx_gpio_driver.o(.ARM.exidx.text.GPIO_WriteTouOutPutPin) refers to stm32f446xx_gpio_driver.o(.text.GPIO_WriteTouOutPutPin) for [Anonymous Symbol]
    stm32f446xx_gpio_driver.o(.ARM.exidx.text.GPIO_WriteTouOutPutPort) refers to stm32f446xx_gpio_driver.o(.text.GPIO_WriteTouOutPutPort) for [Anonymous Symbol]
    stm32f446xx_gpio_driver.o(.ARM.exidx.text.GPIO_ToggleOutputPin) refers to stm32f446xx_gpio_driver.o(.text.GPIO_ToggleOutputPin) for [Anonymous Symbol]
    stm32f446xx_gpio_driver.o(.ARM.exidx.text.GPIO_IRQInterruptConfig) refers to stm32f446xx_gpio_driver.o(.text.GPIO_IRQInterruptConfig) for [Anonymous Symbol]
    stm32f446xx_gpio_driver.o(.ARM.exidx.text.GPIO_IRQConfigPriority) refers to stm32f446xx_gpio_driver.o(.text.GPIO_IRQConfigPriority) for [Anonymous Symbol]
    stm32f446xx_gpio_driver.o(.ARM.exidx.text.GPIO_IRQHandling) refers to stm32f446xx_gpio_driver.o(.text.GPIO_IRQHandling) for [Anonymous Symbol]
    stm32f446xx_spi_driver.o(.ARM.exidx.text.SPI_ClearOVRFlag) refers to stm32f446xx_spi_driver.o(.text.SPI_ClearOVRFlag) for [Anonymous Symbol]
    stm32f446xx_spi_driver.o(.ARM.exidx.text.SPI_CloseTransmission) refers to stm32f446xx_spi_driver.o(.text.SPI_CloseTransmission) for [Anonymous Symbol]
    stm32f446xx_spi_driver.o(.ARM.exidx.text.SPI_CloseReception) refers to stm32f446xx_spi_driver.o(.text.SPI_CloseReception) for [Anonymous Symbol]
    stm32f446xx_spi_driver.o(.ARM.exidx.text.SPI_PerCLKControl) refers to stm32f446xx_spi_driver.o(.text.SPI_PerCLKControl) for [Anonymous Symbol]
    stm32f446xx_spi_driver.o(.text.SPI_Init) refers to stm32f446xx_spi_driver.o(.text.SPI_PerCLKControl) for SPI_PerCLKControl
    stm32f446xx_spi_driver.o(.ARM.exidx.text.SPI_Init) refers to stm32f446xx_spi_driver.o(.text.SPI_Init) for [Anonymous Symbol]
    stm32f446xx_spi_driver.o(.ARM.exidx.text.SPI_DeInit) refers to stm32f446xx_spi_driver.o(.text.SPI_DeInit) for [Anonymous Symbol]
    stm32f446xx_spi_driver.o(.text.SPI_Write) refers to stm32f446xx_spi_driver.o(.text.SPI_getFlagSTatus) for SPI_getFlagSTatus
    stm32f446xx_spi_driver.o(.ARM.exidx.text.SPI_Write) refers to stm32f446xx_spi_driver.o(.text.SPI_Write) for [Anonymous Symbol]
    stm32f446xx_spi_driver.o(.ARM.exidx.text.SPI_getFlagSTatus) refers to stm32f446xx_spi_driver.o(.text.SPI_getFlagSTatus) for [Anonymous Symbol]
    stm32f446xx_spi_driver.o(.text.SPI_Read) refers to stm32f446xx_spi_driver.o(.text.SPI_getFlagSTatus) for SPI_getFlagSTatus
    stm32f446xx_spi_driver.o(.ARM.exidx.text.SPI_Read) refers to stm32f446xx_spi_driver.o(.text.SPI_Read) for [Anonymous Symbol]
    stm32f446xx_spi_driver.o(.ARM.exidx.text.SPI_WriteIT) refers to stm32f446xx_spi_driver.o(.text.SPI_WriteIT) for [Anonymous Symbol]
    stm32f446xx_spi_driver.o(.ARM.exidx.text.SPI_ReadIT) refers to stm32f446xx_spi_driver.o(.text.SPI_ReadIT) for [Anonymous Symbol]
    stm32f446xx_spi_driver.o(.ARM.exidx.text.SPI_IRQInterruptConfig) refers to stm32f446xx_spi_driver.o(.text.SPI_IRQInterruptConfig) for [Anonymous Symbol]
    stm32f446xx_spi_driver.o(.ARM.exidx.text.SPI_IRQConfigPriority) refers to stm32f446xx_spi_driver.o(.text.SPI_IRQConfigPriority) for [Anonymous Symbol]
    stm32f446xx_spi_driver.o(.text.SPI_IRQHandling) refers to stm32f446xx_spi_driver.o(.text.spi_txe_interrupt_handle) for spi_txe_interrupt_handle
    stm32f446xx_spi_driver.o(.text.SPI_IRQHandling) refers to stm32f446xx_spi_driver.o(.text.spi_rxne_interrupt_handle) for spi_rxne_interrupt_handle
    stm32f446xx_spi_driver.o(.text.SPI_IRQHandling) refers to stm32f446xx_spi_driver.o(.text.spi_ovr_err_interrupt_handle) for spi_ovr_err_interrupt_handle
    stm32f446xx_spi_driver.o(.ARM.exidx.text.SPI_IRQHandling) refers to stm32f446xx_spi_driver.o(.text.SPI_IRQHandling) for [Anonymous Symbol]
    stm32f446xx_spi_driver.o(.text.spi_txe_interrupt_handle) refers to stm32f446xx_spi_driver.o(.text.SPI_CloseTransmission) for SPI_CloseTransmission
    stm32f446xx_spi_driver.o(.text.spi_txe_interrupt_handle) refers to stm32f446xx_spi_driver.o(.text.SPI_ApplicationEventCallback) for SPI_ApplicationEventCallback
    stm32f446xx_spi_driver.o(.ARM.exidx.text.spi_txe_interrupt_handle) refers to stm32f446xx_spi_driver.o(.text.spi_txe_interrupt_handle) for [Anonymous Symbol]
    stm32f446xx_spi_driver.o(.text.spi_rxne_interrupt_handle) refers to stm32f446xx_spi_driver.o(.text.SPI_CloseReception) for SPI_CloseReception
    stm32f446xx_spi_driver.o(.text.spi_rxne_interrupt_handle) refers to stm32f446xx_spi_driver.o(.text.SPI_ApplicationEventCallback) for SPI_ApplicationEventCallback
    stm32f446xx_spi_driver.o(.ARM.exidx.text.spi_rxne_interrupt_handle) refers to stm32f446xx_spi_driver.o(.text.spi_rxne_interrupt_handle) for [Anonymous Symbol]
    stm32f446xx_spi_driver.o(.text.spi_ovr_err_interrupt_handle) refers to stm32f446xx_spi_driver.o(.text.SPI_ApplicationEventCallback) for SPI_ApplicationEventCallback
    stm32f446xx_spi_driver.o(.ARM.exidx.text.spi_ovr_err_interrupt_handle) refers to stm32f446xx_spi_driver.o(.text.spi_ovr_err_interrupt_handle) for [Anonymous Symbol]
    stm32f446xx_spi_driver.o(.ARM.exidx.text.SPI_Enable) refers to stm32f446xx_spi_driver.o(.text.SPI_Enable) for [Anonymous Symbol]
    stm32f446xx_spi_driver.o(.ARM.exidx.text.SPI_SSIConfig) refers to stm32f446xx_spi_driver.o(.text.SPI_SSIConfig) for [Anonymous Symbol]
    stm32f446xx_spi_driver.o(.ARM.exidx.text.SPI_SSOECOnfig) refers to stm32f446xx_spi_driver.o(.text.SPI_SSOECOnfig) for [Anonymous Symbol]
    stm32f446xx_spi_driver.o(.ARM.exidx.text.SPI_ApplicationEventCallback) refers to stm32f446xx_spi_driver.o(.text.SPI_ApplicationEventCallback) for [Anonymous Symbol]
    spi_cmd_handling.o(.ARM.exidx.text.delay) refers to spi_cmd_handling.o(.text.delay) for [Anonymous Symbol]
    spi_cmd_handling.o(.text.SPI2_Init) refers to spi_cmd_handling.o(.rodata.cst32) for .L__const.SPI2_Init.SPI2_Handle
    spi_cmd_handling.o(.text.SPI2_Init) refers to stm32f446xx_spi_driver.o(.text.SPI_Init) for SPI_Init
    spi_cmd_handling.o(.ARM.exidx.text.SPI2_Init) refers to spi_cmd_handling.o(.text.SPI2_Init) for [Anonymous Symbol]
    spi_cmd_handling.o(.text.SPI2_GPIO_Inits) refers to spi_cmd_handling.o(.rodata..L__const.SPI2_GPIO_Inits.SPI_Pins) for .L__const.SPI2_GPIO_Inits.SPI_Pins
    spi_cmd_handling.o(.text.SPI2_GPIO_Inits) refers to stm32f446xx_gpio_driver.o(.text.GPIO_Init) for GPIO_Init
    spi_cmd_handling.o(.ARM.exidx.text.SPI2_GPIO_Inits) refers to spi_cmd_handling.o(.text.SPI2_GPIO_Inits) for [Anonymous Symbol]
    spi_cmd_handling.o(.text.GPIO_ButtonInit) refers to spi_cmd_handling.o(.rodata..L__const.GPIO_ButtonInit.GPIOButton) for .L__const.GPIO_ButtonInit.GPIOButton
    spi_cmd_handling.o(.text.GPIO_ButtonInit) refers to stm32f446xx_gpio_driver.o(.text.GPIO_Init) for GPIO_Init
    spi_cmd_handling.o(.ARM.exidx.text.GPIO_ButtonInit) refers to spi_cmd_handling.o(.text.GPIO_ButtonInit) for [Anonymous Symbol]
    spi_cmd_handling.o(.ARM.exidx.text.SPI_VerifyResponse) refers to spi_cmd_handling.o(.text.SPI_VerifyResponse) for [Anonymous Symbol]
    spi_cmd_handling.o(.text.SPI_WriteCommand) refers to strlen.o(.text) for strlen
    spi_cmd_handling.o(.text.SPI_WriteCommand) refers to stm32f446xx_spi_driver.o(.text.SPI_Write) for SPI_Write
    spi_cmd_handling.o(.text.SPI_WriteCommand) refers to stm32f446xx_spi_driver.o(.text.SPI_Read) for SPI_Read
    spi_cmd_handling.o(.text.SPI_WriteCommand) refers to spi_cmd_handling.o(.text.SPI_VerifyResponse) for SPI_VerifyResponse
    spi_cmd_handling.o(.ARM.exidx.text.SPI_WriteCommand) refers to spi_cmd_handling.o(.text.SPI_WriteCommand) for [Anonymous Symbol]
    spi_cmd_handling.o(.text.main) refers to spi_cmd_handling.o(.text.SPI2_GPIO_Inits) for SPI2_GPIO_Inits
    spi_cmd_handling.o(.text.main) refers to spi_cmd_handling.o(.text.SPI2_Init) for SPI2_Init
    spi_cmd_handling.o(.text.main) refers to stm32f446xx_spi_driver.o(.text.SPI_SSOECOnfig) for SPI_SSOECOnfig
    spi_cmd_handling.o(.text.main) refers to stm32f446xx_gpio_driver.o(.text.GPIO_ReadFromInputPin) for GPIO_ReadFromInputPin
    spi_cmd_handling.o(.text.main) refers to spi_cmd_handling.o(.text.delay) for delay
    spi_cmd_handling.o(.text.main) refers to stm32f446xx_spi_driver.o(.text.SPI_Enable) for SPI_Enable
    spi_cmd_handling.o(.text.main) refers to strlen.o(.text) for strlen
    spi_cmd_handling.o(.text.main) refers to stm32f446xx_spi_driver.o(.text.SPI_Write) for SPI_Write
    spi_cmd_handling.o(.text.main) refers to stm32f446xx_spi_driver.o(.text.SPI_Read) for SPI_Read
    spi_cmd_handling.o(.text.main) refers to spi_cmd_handling.o(.text.SPI_VerifyResponse) for SPI_VerifyResponse
    spi_cmd_handling.o(.text.main) refers to stm32f446xx_spi_driver.o(.text.SPI_getFlagSTatus) for SPI_getFlagSTatus
    spi_cmd_handling.o(.ARM.exidx.text.main) refers to spi_cmd_handling.o(.text.main) for [Anonymous Symbol]
    startup_stm32f446xx.o(STACK) refers (Special) to heapauxi.o(.text) for __use_two_region_memory
    startup_stm32f446xx.o(HEAP) refers (Special) to heapauxi.o(.text) for __use_two_region_memory
    startup_stm32f446xx.o(RESET) refers (Special) to heapauxi.o(.text) for __use_two_region_memory
    startup_stm32f446xx.o(RESET) refers to startup_stm32f446xx.o(STACK) for __initial_sp
    startup_stm32f446xx.o(RESET) refers to startup_stm32f446xx.o(.text) for Reset_Handler
    startup_stm32f446xx.o(.text) refers (Special) to heapauxi.o(.text) for __use_two_region_memory
    startup_stm32f446xx.o(.text) refers to system_stm32f4xx.o(.text.SystemInit) for SystemInit
    startup_stm32f446xx.o(.text) refers to __main.o(!!!main) for __main
    startup_stm32f446xx.o(.text) refers to startup_stm32f446xx.o(HEAP) for Heap_Mem
    startup_stm32f446xx.o(.text) refers to startup_stm32f446xx.o(STACK) for Stack_Mem
    system_stm32f4xx.o(.ARM.exidx.text.SystemInit) refers to system_stm32f4xx.o(.text.SystemInit) for [Anonymous Symbol]
    system_stm32f4xx.o(.text.SystemCoreClockUpdate) refers to system_stm32f4xx.o(.data.SystemCoreClock) for SystemCoreClock
    system_stm32f4xx.o(.text.SystemCoreClockUpdate) refers to system_stm32f4xx.o(.rodata.AHBPrescTable) for AHBPrescTable
    system_stm32f4xx.o(.ARM.exidx.text.SystemCoreClockUpdate) refers to system_stm32f4xx.o(.text.SystemCoreClockUpdate) for [Anonymous Symbol]
    __main.o(!!!main) refers to __rtentry.o(.ARM.Collect$$rtentry$$00000000) for __rt_entry
    __rtentry.o(.ARM.Collect$$rtentry$$00000000) refers (Special) to __rtentry2.o(.ARM.Collect$$rtentry$$0000000A) for __rt_entry_li
    __rtentry.o(.ARM.Collect$$rtentry$$00000000) refers (Special) to __rtentry2.o(.ARM.Collect$$rtentry$$0000000D) for __rt_entry_main
    __rtentry.o(.ARM.Collect$$rtentry$$00000000) refers (Special) to __rtentry2.o(.ARM.Collect$$rtentry$$0000000C) for __rt_entry_postli_1
    __rtentry.o(.ARM.Collect$$rtentry$$00000000) refers (Special) to __rtentry2.o(.ARM.Collect$$rtentry$$00000009) for __rt_entry_postsh_1
    __rtentry.o(.ARM.Collect$$rtentry$$00000000) refers (Special) to __rtentry2.o(.ARM.Collect$$rtentry$$00000002) for __rt_entry_presh_1
    __rtentry.o(.ARM.Collect$$rtentry$$00000000) refers (Special) to __rtentry4.o(.ARM.Collect$$rtentry$$00000004) for __rt_entry_sh
    __rtentry2.o(.ARM.Collect$$rtentry$$00000008) refers to boardinit2.o(.text) for _platform_post_stackheap_init
    __rtentry2.o(.ARM.Collect$$rtentry$$0000000A) refers to libinit.o(.ARM.Collect$$libinit$$00000000) for __rt_lib_init
    __rtentry2.o(.ARM.Collect$$rtentry$$0000000B) refers to boardinit3.o(.text) for _platform_post_lib_init
    __rtentry2.o(.ARM.Collect$$rtentry$$0000000D) refers to spi_cmd_handling.o(.text.main) for main
    __rtentry2.o(.ARM.Collect$$rtentry$$0000000D) refers to exit.o(.text) for exit
    __rtentry2.o(.ARM.exidx) refers to __rtentry2.o(.ARM.Collect$$rtentry$$00000001) for .ARM.Collect$$rtentry$$00000001
    __rtentry2.o(.ARM.exidx) refers to __rtentry2.o(.ARM.Collect$$rtentry$$00000008) for .ARM.Collect$$rtentry$$00000008
    __rtentry2.o(.ARM.exidx) refers to __rtentry2.o(.ARM.Collect$$rtentry$$0000000A) for .ARM.Collect$$rtentry$$0000000A
    __rtentry2.o(.ARM.exidx) refers to __rtentry2.o(.ARM.Collect$$rtentry$$0000000B) for .ARM.Collect$$rtentry$$0000000B
    __rtentry2.o(.ARM.exidx) refers to __rtentry2.o(.ARM.Collect$$rtentry$$0000000D) for .ARM.Collect$$rtentry$$0000000D
    __rtentry4.o(.ARM.Collect$$rtentry$$00000004) refers to sys_stackheap_outer.o(.text) for __user_setup_stackheap
    __rtentry4.o(.ARM.exidx) refers to __rtentry4.o(.ARM.Collect$$rtentry$$00000004) for .ARM.Collect$$rtentry$$00000004
    sys_stackheap_outer.o(.text) refers to libspace.o(.text) for __user_perproc_libspace
    sys_stackheap_outer.o(.text) refers to startup_stm32f446xx.o(.text) for __user_initial_stackheap
    exit.o(.text) refers to rtexit.o(.ARM.Collect$$rtexit$$00000000) for __rt_exit
    libinit.o(.ARM.Collect$$libinit$$00000000) refers (Special) to libinit2.o(.ARM.Collect$$libinit$$0000002E) for __rt_lib_init_alloca_1
    libinit.o(.ARM.Collect$$libinit$$00000000) refers (Special) to libinit2.o(.ARM.Collect$$libinit$$00000027) for __rt_lib_init_argv_1
    libinit.o(.ARM.Collect$$libinit$$00000000) refers (Special) to libinit2.o(.ARM.Collect$$libinit$$0000001B) for __rt_lib_init_atexit_1
    libinit.o(.ARM.Collect$$libinit$$00000000) refers (Special) to libinit2.o(.ARM.Collect$$libinit$$00000021) for __rt_lib_init_clock_1
    libinit.o(.ARM.Collect$$libinit$$00000000) refers (Special) to libinit2.o(.ARM.Collect$$libinit$$00000032) for __rt_lib_init_cpp_1
    libinit.o(.ARM.Collect$$libinit$$00000000) refers (Special) to libinit2.o(.ARM.Collect$$libinit$$00000030) for __rt_lib_init_exceptions_1
    libinit.o(.ARM.Collect$$libinit$$00000000) refers (Special) to libinit2.o(.ARM.Collect$$libinit$$00000001) for __rt_lib_init_fp_1
    libinit.o(.ARM.Collect$$libinit$$00000000) refers (Special) to libinit2.o(.ARM.Collect$$libinit$$0000001F) for __rt_lib_init_fp_trap_1
    libinit.o(.ARM.Collect$$libinit$$00000000) refers (Special) to libinit2.o(.ARM.Collect$$libinit$$00000023) for __rt_lib_init_getenv_1
    libinit.o(.ARM.Collect$$libinit$$00000000) refers (Special) to libinit2.o(.ARM.Collect$$libinit$$0000000A) for __rt_lib_init_heap_1
    libinit.o(.ARM.Collect$$libinit$$00000000) refers (Special) to libinit2.o(.ARM.Collect$$libinit$$00000011) for __rt_lib_init_lc_collate_1
    libinit.o(.ARM.Collect$$libinit$$00000000) refers (Special) to libinit2.o(.ARM.Collect$$libinit$$00000013) for __rt_lib_init_lc_ctype_1
    libinit.o(.ARM.Collect$$libinit$$00000000) refers (Special) to libinit2.o(.ARM.Collect$$libinit$$00000015) for __rt_lib_init_lc_monetary_1
    libinit.o(.ARM.Collect$$libinit$$00000000) refers (Special) to libinit2.o(.ARM.Collect$$libinit$$00000017) for __rt_lib_init_lc_numeric_1
    libinit.o(.ARM.Collect$$libinit$$00000000) refers (Special) to libinit2.o(.ARM.Collect$$libinit$$00000019) for __rt_lib_init_lc_time_1
    libinit.o(.ARM.Collect$$libinit$$00000000) refers (Special) to libinit2.o(.ARM.Collect$$libinit$$00000004) for __rt_lib_init_preinit_1
    libinit.o(.ARM.Collect$$libinit$$00000000) refers (Special) to libinit2.o(.ARM.Collect$$libinit$$0000000E) for __rt_lib_init_rand_1
    libinit.o(.ARM.Collect$$libinit$$00000000) refers (Special) to libinit2.o(.ARM.Collect$$libinit$$00000033) for __rt_lib_init_return
    libinit.o(.ARM.Collect$$libinit$$00000000) refers (Special) to libinit2.o(.ARM.Collect$$libinit$$0000001D) for __rt_lib_init_signal_1
    libinit.o(.ARM.Collect$$libinit$$00000000) refers (Special) to libinit2.o(.ARM.Collect$$libinit$$00000025) for __rt_lib_init_stdio_1
    libinit.o(.ARM.Collect$$libinit$$00000000) refers (Special) to libinit2.o(.ARM.Collect$$libinit$$0000000C) for __rt_lib_init_user_alloc_1
    libspace.o(.text) refers to libspace.o(.bss) for __libspace_start
    rtexit.o(.ARM.Collect$$rtexit$$00000000) refers (Special) to rtexit2.o(.ARM.Collect$$rtexit$$00000004) for __rt_exit_exit
    rtexit.o(.ARM.Collect$$rtexit$$00000000) refers (Special) to rtexit2.o(.ARM.Collect$$rtexit$$00000003) for __rt_exit_ls
    rtexit.o(.ARM.Collect$$rtexit$$00000000) refers (Special) to rtexit2.o(.ARM.Collect$$rtexit$$00000002) for __rt_exit_prels_1
    rtexit.o(.ARM.exidx) refers (Special) to rtexit2.o(.ARM.Collect$$rtexit$$00000004) for __rt_exit_exit
    rtexit.o(.ARM.exidx) refers (Special) to rtexit2.o(.ARM.Collect$$rtexit$$00000003) for __rt_exit_ls
    rtexit.o(.ARM.exidx) refers (Special) to rtexit2.o(.ARM.Collect$$rtexit$$00000002) for __rt_exit_prels_1
    rtexit.o(.ARM.exidx) refers to rtexit.o(.ARM.Collect$$rtexit$$00000000) for .ARM.Collect$$rtexit$$00000000
    libinit2.o(.ARM.Collect$$libinit$$00000001) refers to fpinit.o(x$fpl$fpinit) for _fp_init
    libinit2.o(.ARM.Collect$$libinit$$00000010) refers to libinit2.o(.ARM.Collect$$libinit$$0000000F) for .ARM.Collect$$libinit$$0000000F
    libinit2.o(.ARM.Collect$$libinit$$00000012) refers to libinit2.o(.ARM.Collect$$libinit$$0000000F) for .ARM.Collect$$libinit$$0000000F
    libinit2.o(.ARM.Collect$$libinit$$00000014) refers to libinit2.o(.ARM.Collect$$libinit$$0000000F) for .ARM.Collect$$libinit$$0000000F
    libinit2.o(.ARM.Collect$$libinit$$00000016) refers to libinit2.o(.ARM.Collect$$libinit$$0000000F) for .ARM.Collect$$libinit$$0000000F
    libinit2.o(.ARM.Collect$$libinit$$00000018) refers to libinit2.o(.ARM.Collect$$libinit$$0000000F) for .ARM.Collect$$libinit$$0000000F
    libinit2.o(.ARM.Collect$$libinit$$00000026) refers to argv_veneer.o(.emb_text) for __ARM_argv_veneer
    libinit2.o(.ARM.Collect$$libinit$$00000027) refers to argv_veneer.o(.emb_text) for __ARM_argv_veneer
    rtexit2.o(.ARM.Collect$$rtexit$$00000003) refers to libshutdown.o(.ARM.Collect$$libshutdown$$00000000) for __rt_lib_shutdown
    rtexit2.o(.ARM.Collect$$rtexit$$00000004) refers to sys_exit.o(.text) for _sys_exit
    rtexit2.o(.ARM.exidx) refers to rtexit2.o(.ARM.Collect$$rtexit$$00000001) for .ARM.Collect$$rtexit$$00000001
    rtexit2.o(.ARM.exidx) refers to rtexit2.o(.ARM.Collect$$rtexit$$00000003) for .ARM.Collect$$rtexit$$00000003
    rtexit2.o(.ARM.exidx) refers to rtexit2.o(.ARM.Collect$$rtexit$$00000004) for .ARM.Collect$$rtexit$$00000004
    argv_veneer.o(.emb_text) refers to _get_argv_nomalloc.o(.text) for __ARM_get_argv
    sys_exit.o(.text) refers (Special) to use_no_semi.o(.text) for __I$use$semihosting
    sys_exit.o(.text) refers (Special) to indicate_semi.o(.text) for __semihosting_library_function
    sys_exit_hlt.o(.text) refers (Special) to use_no_semi.o(.text) for __I$use$semihosting
    sys_exit_hlt.o(.text) refers (Special) to indicate_semi.o(.text) for __semihosting_library_function
    _get_argv_nomalloc.o(.text) refers (Special) to hrguard.o(.text) for __heap_region$guard
    _get_argv_nomalloc.o(.text) refers to defsig_rtmem_outer.o(.text) for __rt_SIGRTMEM
    _get_argv_nomalloc.o(.text) refers to sys_command.o(.text) for _sys_command_string
    libshutdown.o(.ARM.Collect$$libshutdown$$00000000) refers (Special) to libshutdown2.o(.ARM.Collect$$libshutdown$$00000002) for __rt_lib_shutdown_cpp_1
    libshutdown.o(.ARM.Collect$$libshutdown$$00000000) refers (Special) to libshutdown2.o(.ARM.Collect$$libshutdown$$00000007) for __rt_lib_shutdown_fp_trap_1
    libshutdown.o(.ARM.Collect$$libshutdown$$00000000) refers (Special) to libshutdown2.o(.ARM.Collect$$libshutdown$$0000000F) for __rt_lib_shutdown_heap_1
    libshutdown.o(.ARM.Collect$$libshutdown$$00000000) refers (Special) to libshutdown2.o(.ARM.Collect$$libshutdown$$00000010) for __rt_lib_shutdown_return
    libshutdown.o(.ARM.Collect$$libshutdown$$00000000) refers (Special) to libshutdown2.o(.ARM.Collect$$libshutdown$$0000000A) for __rt_lib_shutdown_signal_1
    libshutdown.o(.ARM.Collect$$libshutdown$$00000000) refers (Special) to libshutdown2.o(.ARM.Collect$$libshutdown$$00000004) for __rt_lib_shutdown_stdio_1
    libshutdown.o(.ARM.Collect$$libshutdown$$00000000) refers (Special) to libshutdown2.o(.ARM.Collect$$libshutdown$$0000000C) for __rt_lib_shutdown_user_alloc_1
    sys_command.o(.text) refers (Special) to use_no_semi.o(.text) for __I$use$semihosting
    sys_command.o(.text) refers (Special) to indicate_semi.o(.text) for __semihosting_library_function
    sys_command_hlt.o(.text) refers (Special) to use_no_semi.o(.text) for __I$use$semihosting
    sys_command_hlt.o(.text) refers (Special) to indicate_semi.o(.text) for __semihosting_library_function
    defsig_rtmem_outer.o(.text) refers to defsig_rtmem_inner.o(.text) for __rt_SIGRTMEM_inner
    defsig_rtmem_outer.o(.text) refers to defsig_exit.o(.text) for __sig_exit
    defsig_rtmem_formal.o(.text) refers to rt_raise.o(.text) for __rt_raise
    rt_raise.o(.text) refers to __raise.o(.text) for __raise
    rt_raise.o(.text) refers to sys_exit.o(.text) for _sys_exit
    defsig_exit.o(.text) refers to sys_exit.o(.text) for _sys_exit
    defsig_rtmem_inner.o(.text) refers to defsig_general.o(.text) for __default_signal_display
    __raise.o(.text) refers to defsig.o(CL$$defsig) for __default_signal_handler
    defsig_general.o(.text) refers to sys_wrch.o(.text) for _ttywrch
    sys_wrch.o(.text) refers (Special) to use_no_semi.o(.text) for __I$use$semihosting
    sys_wrch.o(.text) refers (Special) to indicate_semi.o(.text) for __semihosting_library_function
    sys_wrch_hlt.o(.text) refers (Special) to use_no_semi.o(.text) for __I$use$semihosting
    sys_wrch_hlt.o(.text) refers (Special) to indicate_semi.o(.text) for __semihosting_library_function
    defsig.o(CL$$defsig) refers to defsig_rtmem_inner.o(.text) for __rt_SIGRTMEM_inner
    defsig_abrt_inner.o(.text) refers to defsig_general.o(.text) for __default_signal_display
    defsig_fpe_inner.o(.text) refers to defsig_general.o(.text) for __default_signal_display
    defsig_rtred_inner.o(.text) refers to defsig_general.o(.text) for __default_signal_display
    defsig_stak_inner.o(.text) refers to defsig_general.o(.text) for __default_signal_display
    defsig_pvfn_inner.o(.text) refers to defsig_general.o(.text) for __default_signal_display
    defsig_cppl_inner.o(.text) refers to defsig_general.o(.text) for __default_signal_display
    defsig_segv_inner.o(.text) refers to defsig_general.o(.text) for __default_signal_display
    defsig_other.o(.text) refers to defsig_general.o(.text) for __default_signal_display


==============================================================================

Removing Unused input sections from the image.

    Removing stm32f446xx_adc_driver.o(.text), (0 bytes).
    Removing stm32f446xx_adc_driver.o(.text.ADC_Init), (1158 bytes).
    Removing stm32f446xx_adc_driver.o(.ARM.exidx.text.ADC_Init), (8 bytes).
    Removing stm32f446xx_adc_driver.o(.text.start_ADC_Conversion), (18 bytes).
    Removing stm32f446xx_adc_driver.o(.ARM.exidx.text.start_ADC_Conversion), (8 bytes).
    Removing stm32f446xx_adc_driver.o(.text.adc_read), (34 bytes).
    Removing stm32f446xx_adc_driver.o(.ARM.exidx.text.adc_read), (8 bytes).
    Removing stm32f446xx_gpio_driver.o(.text), (0 bytes).
    Removing stm32f446xx_gpio_driver.o(.ARM.exidx.text.GPIO_PerCLKControl), (8 bytes).
    Removing stm32f446xx_gpio_driver.o(.ARM.exidx.text.GPIO_Init), (8 bytes).
    Removing stm32f446xx_gpio_driver.o(.text.GPIO_DeInit), (388 bytes).
    Removing stm32f446xx_gpio_driver.o(.ARM.exidx.text.GPIO_DeInit), (8 bytes).
    Removing stm32f446xx_gpio_driver.o(.ARM.exidx.text.GPIO_ReadFromInputPin), (8 bytes).
    Removing stm32f446xx_gpio_driver.o(.text.GPIO_ReadFromInputPort), (28 bytes).
    Removing stm32f446xx_gpio_driver.o(.ARM.exidx.text.GPIO_ReadFromInputPort), (8 bytes).
    Removing stm32f446xx_gpio_driver.o(.text.GPIO_WriteTouOutPutPin), (84 bytes).
    Removing stm32f446xx_gpio_driver.o(.ARM.exidx.text.GPIO_WriteTouOutPutPin), (8 bytes).
    Removing stm32f446xx_gpio_driver.o(.text.GPIO_WriteTouOutPutPort), (22 bytes).
    Removing stm32f446xx_gpio_driver.o(.ARM.exidx.text.GPIO_WriteTouOutPutPort), (8 bytes).
    Removing stm32f446xx_gpio_driver.o(.text.GPIO_ToggleOutputPin), (32 bytes).
    Removing stm32f446xx_gpio_driver.o(.ARM.exidx.text.GPIO_ToggleOutputPin), (8 bytes).
    Removing stm32f446xx_gpio_driver.o(.text.GPIO_IRQInterruptConfig), (312 bytes).
    Removing stm32f446xx_gpio_driver.o(.ARM.exidx.text.GPIO_IRQInterruptConfig), (8 bytes).
    Removing stm32f446xx_gpio_driver.o(.text.GPIO_IRQConfigPriority), (80 bytes).
    Removing stm32f446xx_gpio_driver.o(.ARM.exidx.text.GPIO_IRQConfigPriority), (8 bytes).
    Removing stm32f446xx_gpio_driver.o(.text.GPIO_IRQHandling), (62 bytes).
    Removing stm32f446xx_gpio_driver.o(.ARM.exidx.text.GPIO_IRQHandling), (8 bytes).
    Removing stm32f446xx_spi_driver.o(.text), (0 bytes).
    Removing stm32f446xx_spi_driver.o(.text.SPI_ClearOVRFlag), (30 bytes).
    Removing stm32f446xx_spi_driver.o(.ARM.exidx.text.SPI_ClearOVRFlag), (8 bytes).
    Removing stm32f446xx_spi_driver.o(.text.SPI_CloseTransmission), (34 bytes).
    Removing stm32f446xx_spi_driver.o(.ARM.exidx.text.SPI_CloseTransmission), (8 bytes).
    Removing stm32f446xx_spi_driver.o(.text.SPI_CloseReception), (34 bytes).
    Removing stm32f446xx_spi_driver.o(.ARM.exidx.text.SPI_CloseReception), (8 bytes).
    Removing stm32f446xx_spi_driver.o(.ARM.exidx.text.SPI_PerCLKControl), (8 bytes).
    Removing stm32f446xx_spi_driver.o(.ARM.exidx.text.SPI_Init), (8 bytes).
    Removing stm32f446xx_spi_driver.o(.text.SPI_DeInit), (158 bytes).
    Removing stm32f446xx_spi_driver.o(.ARM.exidx.text.SPI_DeInit), (8 bytes).
    Removing stm32f446xx_spi_driver.o(.ARM.exidx.text.SPI_Write), (8 bytes).
    Removing stm32f446xx_spi_driver.o(.ARM.exidx.text.SPI_getFlagSTatus), (8 bytes).
    Removing stm32f446xx_spi_driver.o(.ARM.exidx.text.SPI_Read), (8 bytes).
    Removing stm32f446xx_spi_driver.o(.text.SPI_WriteIT), (62 bytes).
    Removing stm32f446xx_spi_driver.o(.ARM.exidx.text.SPI_WriteIT), (8 bytes).
    Removing stm32f446xx_spi_driver.o(.text.SPI_ReadIT), (62 bytes).
    Removing stm32f446xx_spi_driver.o(.ARM.exidx.text.SPI_ReadIT), (8 bytes).
    Removing stm32f446xx_spi_driver.o(.text.SPI_IRQInterruptConfig), (312 bytes).
    Removing stm32f446xx_spi_driver.o(.ARM.exidx.text.SPI_IRQInterruptConfig), (8 bytes).
    Removing stm32f446xx_spi_driver.o(.text.SPI_IRQConfigPriority), (80 bytes).
    Removing stm32f446xx_spi_driver.o(.ARM.exidx.text.SPI_IRQConfigPriority), (8 bytes).
    Removing stm32f446xx_spi_driver.o(.text.SPI_IRQHandling), (188 bytes).
    Removing stm32f446xx_spi_driver.o(.ARM.exidx.text.SPI_IRQHandling), (8 bytes).
    Removing stm32f446xx_spi_driver.o(.text.spi_txe_interrupt_handle), (106 bytes).
    Removing stm32f446xx_spi_driver.o(.ARM.exidx.text.spi_txe_interrupt_handle), (8 bytes).
    Removing stm32f446xx_spi_driver.o(.text.spi_rxne_interrupt_handle), (118 bytes).
    Removing stm32f446xx_spi_driver.o(.ARM.exidx.text.spi_rxne_interrupt_handle), (8 bytes).
    Removing stm32f446xx_spi_driver.o(.text.spi_ovr_err_interrupt_handle), (56 bytes).
    Removing stm32f446xx_spi_driver.o(.ARM.exidx.text.spi_ovr_err_interrupt_handle), (8 bytes).
    Removing stm32f446xx_spi_driver.o(.ARM.exidx.text.SPI_Enable), (8 bytes).
    Removing stm32f446xx_spi_driver.o(.text.SPI_SSIConfig), (48 bytes).
    Removing stm32f446xx_spi_driver.o(.ARM.exidx.text.SPI_SSIConfig), (8 bytes).
    Removing stm32f446xx_spi_driver.o(.ARM.exidx.text.SPI_SSOECOnfig), (8 bytes).
    Removing stm32f446xx_spi_driver.o(.text.SPI_ApplicationEventCallback), (14 bytes).
    Removing stm32f446xx_spi_driver.o(.ARM.exidx.text.SPI_ApplicationEventCallback), (8 bytes).
    Removing spi_cmd_handling.o(.text), (0 bytes).
    Removing spi_cmd_handling.o(.ARM.exidx.text.delay), (8 bytes).
    Removing spi_cmd_handling.o(.ARM.exidx.text.SPI2_Init), (8 bytes).
    Removing spi_cmd_handling.o(.ARM.exidx.text.SPI2_GPIO_Inits), (8 bytes).
    Removing spi_cmd_handling.o(.text.GPIO_ButtonInit), (34 bytes).
    Removing spi_cmd_handling.o(.ARM.exidx.text.GPIO_ButtonInit), (8 bytes).
    Removing spi_cmd_handling.o(.ARM.exidx.text.SPI_VerifyResponse), (8 bytes).
    Removing spi_cmd_handling.o(.text.SPI_WriteCommand), (268 bytes).
    Removing spi_cmd_handling.o(.ARM.exidx.text.SPI_WriteCommand), (8 bytes).
    Removing spi_cmd_handling.o(.ARM.exidx.text.main), (8 bytes).
    Removing spi_cmd_handling.o(.rodata..L__const.GPIO_ButtonInit.GPIOButton), (12 bytes).
    Removing system_stm32f4xx.o(.text), (0 bytes).
    Removing system_stm32f4xx.o(.ARM.exidx.text.SystemInit), (8 bytes).
    Removing system_stm32f4xx.o(.text.SystemCoreClockUpdate), (308 bytes).
    Removing system_stm32f4xx.o(.ARM.exidx.text.SystemCoreClockUpdate), (8 bytes).
    Removing system_stm32f4xx.o(.data.SystemCoreClock), (4 bytes).
    Removing system_stm32f4xx.o(.rodata.AHBPrescTable), (16 bytes).
    Removing system_stm32f4xx.o(.rodata.APBPrescTable), (8 bytes).

81 unused section(s) (total 4522 bytes) removed from the image.

==============================================================================

Image Symbol Table

    Local Symbols

    Symbol Name                              Value     Ov Type        Size  Object(Section)

    ../clib/angel/boardlib.s                 0x00000000   Number         0  boardinit1.o ABSOLUTE
    ../clib/angel/boardlib.s                 0x00000000   Number         0  boardinit2.o ABSOLUTE
    ../clib/angel/boardlib.s                 0x00000000   Number         0  boardinit3.o ABSOLUTE
    ../clib/angel/boardlib.s                 0x00000000   Number         0  boardshut.o ABSOLUTE
    ../clib/angel/handlers.s                 0x00000000   Number         0  __scatter_zi.o ABSOLUTE
    ../clib/angel/kernel.s                   0x00000000   Number         0  __rtentry.o ABSOLUTE
    ../clib/angel/kernel.s                   0x00000000   Number         0  __rtentry2.o ABSOLUTE
    ../clib/angel/kernel.s                   0x00000000   Number         0  __rtentry4.o ABSOLUTE
    ../clib/angel/kernel.s                   0x00000000   Number         0  rtexit.o ABSOLUTE
    ../clib/angel/kernel.s                   0x00000000   Number         0  rtexit2.o ABSOLUTE
    ../clib/angel/rt.s                       0x00000000   Number         0  rt_raise.o ABSOLUTE
    ../clib/angel/scatter.s                  0x00000000   Number         0  __scatter.o ABSOLUTE
    ../clib/angel/startup.s                  0x00000000   Number         0  __main.o ABSOLUTE
    ../clib/angel/sys.s                      0x00000000   Number         0  sys_stackheap_outer.o ABSOLUTE
    ../clib/angel/sys.s                      0x00000000   Number         0  libspace.o ABSOLUTE
    ../clib/angel/sys.s                      0x00000000   Number         0  use_no_semi.o ABSOLUTE
    ../clib/angel/sys.s                      0x00000000   Number         0  indicate_semi.o ABSOLUTE
    ../clib/angel/sysapp.c                   0x00000000   Number         0  sys_exit.o ABSOLUTE
    ../clib/angel/sysapp.c                   0x00000000   Number         0  sys_exit_hlt.o ABSOLUTE
    ../clib/angel/sysapp.c                   0x00000000   Number         0  sys_command.o ABSOLUTE
    ../clib/angel/sysapp.c                   0x00000000   Number         0  sys_command_hlt.o ABSOLUTE
    ../clib/angel/sysapp.c                   0x00000000   Number         0  sys_wrch.o ABSOLUTE
    ../clib/angel/sysapp.c                   0x00000000   Number         0  sys_wrch_hlt.o ABSOLUTE
    ../clib/armsys.c                         0x00000000   Number         0  argv_veneer.o ABSOLUTE
    ../clib/armsys.c                         0x00000000   Number         0  argv_veneer.o ABSOLUTE
    ../clib/armsys.c                         0x00000000   Number         0  _get_argv_nomalloc.o ABSOLUTE
    ../clib/armsys.c                         0x00000000   Number         0  no_argv.o ABSOLUTE
    ../clib/heapalloc.c                      0x00000000   Number         0  hrguard.o ABSOLUTE
    ../clib/heapaux.c                        0x00000000   Number         0  heapauxi.o ABSOLUTE
    ../clib/libinit.s                        0x00000000   Number         0  libinit.o ABSOLUTE
    ../clib/libinit.s                        0x00000000   Number         0  libinit2.o ABSOLUTE
    ../clib/libinit.s                        0x00000000   Number         0  libshutdown.o ABSOLUTE
    ../clib/libinit.s                        0x00000000   Number         0  libshutdown2.o ABSOLUTE
    ../clib/signal.c                         0x00000000   Number         0  defsig_rtmem_outer.o ABSOLUTE
    ../clib/signal.c                         0x00000000   Number         0  defsig_rtmem_formal.o ABSOLUTE
    ../clib/signal.c                         0x00000000   Number         0  defsig_exit.o ABSOLUTE
    ../clib/signal.c                         0x00000000   Number         0  defsig_rtmem_inner.o ABSOLUTE
    ../clib/signal.c                         0x00000000   Number         0  __raise.o ABSOLUTE
    ../clib/signal.c                         0x00000000   Number         0  defsig_general.o ABSOLUTE
    ../clib/signal.c                         0x00000000   Number         0  defsig_abrt_inner.o ABSOLUTE
    ../clib/signal.c                         0x00000000   Number         0  defsig_fpe_inner.o ABSOLUTE
    ../clib/signal.c                         0x00000000   Number         0  defsig_rtred_inner.o ABSOLUTE
    ../clib/signal.c                         0x00000000   Number         0  defsig_stak_inner.o ABSOLUTE
    ../clib/signal.c                         0x00000000   Number         0  defsig_pvfn_inner.o ABSOLUTE
    ../clib/signal.c                         0x00000000   Number         0  defsig_cppl_inner.o ABSOLUTE
    ../clib/signal.c                         0x00000000   Number         0  defsig_segv_inner.o ABSOLUTE
    ../clib/signal.c                         0x00000000   Number         0  defsig_other.o ABSOLUTE
    ../clib/signal.s                         0x00000000   Number         0  defsig.o ABSOLUTE
    ../clib/stdlib.c                         0x00000000   Number         0  exit.o ABSOLUTE
    ../clib/string.c                         0x00000000   Number         0  strlen.o ABSOLUTE
    ../fplib/fpinit.s                        0x00000000   Number         0  fpinit.o ABSOLUTE
    RTE/Device/STM32F446RETx/startup_stm32f446xx.s 0x00000000   Number         0  startup_stm32f446xx.o ABSOLUTE
    SPI_CMD_Handling.c                       0x00000000   Number         0  spi_cmd_handling.o ABSOLUTE
    dc.s                                     0x00000000   Number         0  dc.o ABSOLUTE
    stm32f446xx_ADC_Driver.c                 0x00000000   Number         0  stm32f446xx_adc_driver.o ABSOLUTE
    stm32f446xx_Gpio_Driver.c                0x00000000   Number         0  stm32f446xx_gpio_driver.o ABSOLUTE
    stm32f446xx_SPI_Driver.c                 0x00000000   Number         0  stm32f446xx_spi_driver.o ABSOLUTE
    system_stm32f4xx.c                       0x00000000   Number         0  system_stm32f4xx.o ABSOLUTE
    RESET                                    0x08000000   Section      452  startup_stm32f446xx.o(RESET)
    !!!main                                  0x080001c4   Section        8  __main.o(!!!main)
    !!!scatter                               0x080001cc   Section       52  __scatter.o(!!!scatter)
    !!handler_zi                             0x08000200   Section       28  __scatter_zi.o(!!handler_zi)
    .ARM.Collect$$libinit$$00000000          0x0800021c   Section        2  libinit.o(.ARM.Collect$$libinit$$00000000)
    .ARM.Collect$$libinit$$00000001          0x0800021e   Section        4  libinit2.o(.ARM.Collect$$libinit$$00000001)
    .ARM.Collect$$libinit$$00000004          0x08000222   Section        0  libinit2.o(.ARM.Collect$$libinit$$00000004)
    .ARM.Collect$$libinit$$0000000A          0x08000222   Section        0  libinit2.o(.ARM.Collect$$libinit$$0000000A)
    .ARM.Collect$$libinit$$0000000C          0x08000222   Section        0  libinit2.o(.ARM.Collect$$libinit$$0000000C)
    .ARM.Collect$$libinit$$0000000E          0x08000222   Section        0  libinit2.o(.ARM.Collect$$libinit$$0000000E)
    .ARM.Collect$$libinit$$00000011          0x08000222   Section        0  libinit2.o(.ARM.Collect$$libinit$$00000011)
    .ARM.Collect$$libinit$$00000013          0x08000222   Section        0  libinit2.o(.ARM.Collect$$libinit$$00000013)
    .ARM.Collect$$libinit$$00000015          0x08000222   Section        0  libinit2.o(.ARM.Collect$$libinit$$00000015)
    .ARM.Collect$$libinit$$00000017          0x08000222   Section        0  libinit2.o(.ARM.Collect$$libinit$$00000017)
    .ARM.Collect$$libinit$$00000019          0x08000222   Section        0  libinit2.o(.ARM.Collect$$libinit$$00000019)
    .ARM.Collect$$libinit$$0000001B          0x08000222   Section        0  libinit2.o(.ARM.Collect$$libinit$$0000001B)
    .ARM.Collect$$libinit$$0000001D          0x08000222   Section        0  libinit2.o(.ARM.Collect$$libinit$$0000001D)
    .ARM.Collect$$libinit$$0000001F          0x08000222   Section        0  libinit2.o(.ARM.Collect$$libinit$$0000001F)
    .ARM.Collect$$libinit$$00000021          0x08000222   Section        0  libinit2.o(.ARM.Collect$$libinit$$00000021)
    .ARM.Collect$$libinit$$00000023          0x08000222   Section        0  libinit2.o(.ARM.Collect$$libinit$$00000023)
    .ARM.Collect$$libinit$$00000025          0x08000222   Section        0  libinit2.o(.ARM.Collect$$libinit$$00000025)
    .ARM.Collect$$libinit$$00000027          0x08000222   Section        8  libinit2.o(.ARM.Collect$$libinit$$00000027)
    .ARM.Collect$$libinit$$0000002E          0x0800022a   Section        0  libinit2.o(.ARM.Collect$$libinit$$0000002E)
    .ARM.Collect$$libinit$$00000030          0x0800022a   Section        0  libinit2.o(.ARM.Collect$$libinit$$00000030)
    .ARM.Collect$$libinit$$00000032          0x0800022a   Section        0  libinit2.o(.ARM.Collect$$libinit$$00000032)
    .ARM.Collect$$libinit$$00000033          0x0800022a   Section        2  libinit2.o(.ARM.Collect$$libinit$$00000033)
    .ARM.Collect$$libshutdown$$00000000      0x0800022c   Section        2  libshutdown.o(.ARM.Collect$$libshutdown$$00000000)
    .ARM.Collect$$libshutdown$$00000002      0x0800022e   Section        0  libshutdown2.o(.ARM.Collect$$libshutdown$$00000002)
    .ARM.Collect$$libshutdown$$00000004      0x0800022e   Section        0  libshutdown2.o(.ARM.Collect$$libshutdown$$00000004)
    .ARM.Collect$$libshutdown$$00000007      0x0800022e   Section        0  libshutdown2.o(.ARM.Collect$$libshutdown$$00000007)
    .ARM.Collect$$libshutdown$$0000000A      0x0800022e   Section        0  libshutdown2.o(.ARM.Collect$$libshutdown$$0000000A)
    .ARM.Collect$$libshutdown$$0000000C      0x0800022e   Section        0  libshutdown2.o(.ARM.Collect$$libshutdown$$0000000C)
    .ARM.Collect$$libshutdown$$0000000F      0x0800022e   Section        0  libshutdown2.o(.ARM.Collect$$libshutdown$$0000000F)
    .ARM.Collect$$libshutdown$$00000010      0x0800022e   Section        2  libshutdown2.o(.ARM.Collect$$libshutdown$$00000010)
    .ARM.Collect$$rtentry$$00000000          0x08000230   Section        0  __rtentry.o(.ARM.Collect$$rtentry$$00000000)
    .ARM.Collect$$rtentry$$00000002          0x08000230   Section        0  __rtentry2.o(.ARM.Collect$$rtentry$$00000002)
    .ARM.Collect$$rtentry$$00000004          0x08000230   Section        6  __rtentry4.o(.ARM.Collect$$rtentry$$00000004)
    .ARM.Collect$$rtentry$$00000009          0x08000236   Section        0  __rtentry2.o(.ARM.Collect$$rtentry$$00000009)
    .ARM.Collect$$rtentry$$0000000A          0x08000236   Section        4  __rtentry2.o(.ARM.Collect$$rtentry$$0000000A)
    .ARM.Collect$$rtentry$$0000000C          0x0800023a   Section        0  __rtentry2.o(.ARM.Collect$$rtentry$$0000000C)
    .ARM.Collect$$rtentry$$0000000D          0x0800023a   Section        8  __rtentry2.o(.ARM.Collect$$rtentry$$0000000D)
    .ARM.Collect$$rtexit$$00000000           0x08000242   Section        2  rtexit.o(.ARM.Collect$$rtexit$$00000000)
    .ARM.Collect$$rtexit$$00000002           0x08000244   Section        0  rtexit2.o(.ARM.Collect$$rtexit$$00000002)
    .ARM.Collect$$rtexit$$00000003           0x08000244   Section        4  rtexit2.o(.ARM.Collect$$rtexit$$00000003)
    .ARM.Collect$$rtexit$$00000004           0x08000248   Section        6  rtexit2.o(.ARM.Collect$$rtexit$$00000004)
    .emb_text                                0x08000250   Section        4  argv_veneer.o(.emb_text)
    $v0                                      0x08000254   Number         0  startup_stm32f446xx.o(.text)
    .text                                    0x08000254   Section       64  startup_stm32f446xx.o(.text)
    .text                                    0x08000294   Section        0  strlen.o(.text)
    .text                                    0x080002d2   Section        0  heapauxi.o(.text)
    .text                                    0x080002d8   Section       74  sys_stackheap_outer.o(.text)
    .text                                    0x08000322   Section        0  exit.o(.text)
    .text                                    0x08000334   Section        8  libspace.o(.text)
    .text                                    0x0800033c   Section        0  sys_exit.o(.text)
    .text                                    0x08000348   Section        0  _get_argv_nomalloc.o(.text)
    .text                                    0x08000476   Section        0  sys_command.o(.text)
    .text                                    0x0800048e   Section        2  use_no_semi.o(.text)
    .text                                    0x08000490   Section        0  indicate_semi.o(.text)
    .text                                    0x08000490   Section        0  hrguard.o(.text)
    .text                                    0x08000494   Section        0  defsig_rtmem_outer.o(.text)
    .text                                    0x080004a2   Section        0  defsig_exit.o(.text)
    .text                                    0x080004ac   Section        0  defsig_rtmem_inner.o(.text)
    .text                                    0x080004fc   Section        0  defsig_general.o(.text)
    .text                                    0x0800052e   Section        0  sys_wrch.o(.text)
    [Anonymous Symbol]                       0x0800053c   Section        0  stm32f446xx_gpio_driver.o(.text.GPIO_Init)
    [Anonymous Symbol]                       0x08000890   Section        0  stm32f446xx_gpio_driver.o(.text.GPIO_PerCLKControl)
    [Anonymous Symbol]                       0x08000af4   Section        0  stm32f446xx_gpio_driver.o(.text.GPIO_ReadFromInputPin)
    [Anonymous Symbol]                       0x08000b20   Section        0  spi_cmd_handling.o(.text.SPI2_GPIO_Inits)
    [Anonymous Symbol]                       0x08000b70   Section        0  spi_cmd_handling.o(.text.SPI2_Init)
    [Anonymous Symbol]                       0x08000bb0   Section        0  stm32f446xx_spi_driver.o(.text.SPI_Enable)
    [Anonymous Symbol]                       0x08000be0   Section        0  stm32f446xx_spi_driver.o(.text.SPI_Init)
    [Anonymous Symbol]                       0x08000c90   Section        0  stm32f446xx_spi_driver.o(.text.SPI_PerCLKControl)
    [Anonymous Symbol]                       0x08000dd4   Section        0  stm32f446xx_spi_driver.o(.text.SPI_Read)
    [Anonymous Symbol]                       0x08000e38   Section        0  stm32f446xx_spi_driver.o(.text.SPI_SSOECOnfig)
    [Anonymous Symbol]                       0x08000e68   Section        0  spi_cmd_handling.o(.text.SPI_VerifyResponse)
    [Anonymous Symbol]                       0x08000e80   Section        0  stm32f446xx_spi_driver.o(.text.SPI_Write)
    [Anonymous Symbol]                       0x08000eec   Section        0  stm32f446xx_spi_driver.o(.text.SPI_getFlagSTatus)
    [Anonymous Symbol]                       0x08000f18   Section        0  system_stm32f4xx.o(.text.SystemInit)
    [Anonymous Symbol]                       0x08000f2c   Section        0  spi_cmd_handling.o(.text.delay)
    [Anonymous Symbol]                       0x08000f54   Section        0  spi_cmd_handling.o(.text.main)
    $v0                                      0x08001142   Number         0  fpinit.o(x$fpl$fpinit)
    x$fpl$fpinit                             0x08001142   Section       26  fpinit.o(x$fpl$fpinit)
    .L__const.SPI2_GPIO_Inits.SPI_Pins       0x0800115c   Data          12  spi_cmd_handling.o(.rodata..L__const.SPI2_GPIO_Inits.SPI_Pins)
    .L__const.SPI2_Init.SPI2_Handle          0x08001168   Data          32  spi_cmd_handling.o(.rodata.cst32)
    .bss                                     0x20000000   Section       96  libspace.o(.bss)
    Heap_Mem                                 0x20000060   Data         512  startup_stm32f446xx.o(HEAP)
    HEAP                                     0x20000060   Section      512  startup_stm32f446xx.o(HEAP)
    Stack_Mem                                0x20000260   Data        1024  startup_stm32f446xx.o(STACK)
    STACK                                    0x20000260   Section     1024  startup_stm32f446xx.o(STACK)
    __initial_sp                             0x20000660   Data           0  startup_stm32f446xx.o(STACK)

    Global Symbols

    Symbol Name                              Value     Ov Type        Size  Object(Section)

    BuildAttributes$$THM_ISAv4$E$P$D$K$B$S$7EM$VFPi3$EXTD16$VFPS$VFMA$PE$A:L22UL41UL21$X:L11$S22US41US21$IEEE1$IW$~IW$USESV6$~STKCKD$USESV7$~SHL$OSPACE$ROPI$EBA8$UX$STANDARDLIB$REQ8$PRES8$EABIv2 0x00000000   Number         0  anon$$obj.o ABSOLUTE
    __ARM_exceptions_init                     - Undefined Weak Reference
    __alloca_initialize                       - Undefined Weak Reference
    __arm_preinit_                            - Undefined Weak Reference
    __cpp_initialize__aeabi_                  - Undefined Weak Reference
    __cxa_finalize                            - Undefined Weak Reference
    __rt_locale                               - Undefined Weak Reference
    __sigvec_lookup                           - Undefined Weak Reference
    _atexit_init                              - Undefined Weak Reference
    _call_atexit_fns                          - Undefined Weak Reference
    _clock_init                               - Undefined Weak Reference
    _fp_trap_init                             - Undefined Weak Reference
    _fp_trap_shutdown                         - Undefined Weak Reference
    _get_lc_collate                           - Undefined Weak Reference
    _get_lc_ctype                             - Undefined Weak Reference
    _get_lc_monetary                          - Undefined Weak Reference
    _get_lc_numeric                           - Undefined Weak Reference
    _get_lc_time                              - Undefined Weak Reference
    _getenv_init                              - Undefined Weak Reference
    _handle_redirection                       - Undefined Weak Reference
    _init_alloc                               - Undefined Weak Reference
    _init_user_alloc                          - Undefined Weak Reference
    _initio                                   - Undefined Weak Reference
    _rand_init                                - Undefined Weak Reference
    _signal_finish                            - Undefined Weak Reference
    _signal_init                              - Undefined Weak Reference
    _terminate_alloc                          - Undefined Weak Reference
    _terminate_user_alloc                     - Undefined Weak Reference
    _terminateio                              - Undefined Weak Reference
    __Vectors_Size                           0x000001c4   Number         0  startup_stm32f446xx.o ABSOLUTE
    __Vectors                                0x08000000   Data           4  startup_stm32f446xx.o(RESET)
    __Vectors_End                            0x080001c4   Data           0  startup_stm32f446xx.o(RESET)
    __main                                   0x080001c5   Thumb Code     8  __main.o(!!!main)
    __scatterload                            0x080001cd   Thumb Code     0  __scatter.o(!!!scatter)
    __scatterload_rt2                        0x080001cd   Thumb Code    44  __scatter.o(!!!scatter)
    __scatterload_rt2_thumb_only             0x080001cd   Thumb Code     0  __scatter.o(!!!scatter)
    __scatterload_null                       0x080001db   Thumb Code     0  __scatter.o(!!!scatter)
    __scatterload_zeroinit                   0x08000201   Thumb Code    28  __scatter_zi.o(!!handler_zi)
    __rt_lib_init                            0x0800021d   Thumb Code     0  libinit.o(.ARM.Collect$$libinit$$00000000)
    __rt_lib_init_fp_1                       0x0800021f   Thumb Code     0  libinit2.o(.ARM.Collect$$libinit$$00000001)
    __rt_lib_init_argv_1                     0x08000223   Thumb Code     0  libinit2.o(.ARM.Collect$$libinit$$00000027)
    __rt_lib_init_atexit_1                   0x08000223   Thumb Code     0  libinit2.o(.ARM.Collect$$libinit$$0000001B)
    __rt_lib_init_clock_1                    0x08000223   Thumb Code     0  libinit2.o(.ARM.Collect$$libinit$$00000021)
    __rt_lib_init_fp_trap_1                  0x08000223   Thumb Code     0  libinit2.o(.ARM.Collect$$libinit$$0000001F)
    __rt_lib_init_getenv_1                   0x08000223   Thumb Code     0  libinit2.o(.ARM.Collect$$libinit$$00000023)
    __rt_lib_init_heap_1                     0x08000223   Thumb Code     0  libinit2.o(.ARM.Collect$$libinit$$0000000A)
    __rt_lib_init_heapregion_libspace_used   0x08000223   Thumb Code     0  libinit2.o(.ARM.Collect$$libinit$$00000027)
    __rt_lib_init_lc_collate_1               0x08000223   Thumb Code     0  libinit2.o(.ARM.Collect$$libinit$$00000011)
    __rt_lib_init_lc_ctype_1                 0x08000223   Thumb Code     0  libinit2.o(.ARM.Collect$$libinit$$00000013)
    __rt_lib_init_lc_monetary_1              0x08000223   Thumb Code     0  libinit2.o(.ARM.Collect$$libinit$$00000015)
    __rt_lib_init_lc_numeric_1               0x08000223   Thumb Code     0  libinit2.o(.ARM.Collect$$libinit$$00000017)
    __rt_lib_init_lc_time_1                  0x08000223   Thumb Code     0  libinit2.o(.ARM.Collect$$libinit$$00000019)
    __rt_lib_init_preinit_1                  0x08000223   Thumb Code     0  libinit2.o(.ARM.Collect$$libinit$$00000004)
    __rt_lib_init_rand_1                     0x08000223   Thumb Code     0  libinit2.o(.ARM.Collect$$libinit$$0000000E)
    __rt_lib_init_signal_1                   0x08000223   Thumb Code     0  libinit2.o(.ARM.Collect$$libinit$$0000001D)
    __rt_lib_init_stdio_1                    0x08000223   Thumb Code     0  libinit2.o(.ARM.Collect$$libinit$$00000025)
    __rt_lib_init_user_alloc_1               0x08000223   Thumb Code     0  libinit2.o(.ARM.Collect$$libinit$$0000000C)
    __rt_lib_init_alloca_1                   0x0800022b   Thumb Code     0  libinit2.o(.ARM.Collect$$libinit$$0000002E)
    __rt_lib_init_cpp_1                      0x0800022b   Thumb Code     0  libinit2.o(.ARM.Collect$$libinit$$00000032)
    __rt_lib_init_exceptions_1               0x0800022b   Thumb Code     0  libinit2.o(.ARM.Collect$$libinit$$00000030)
    __rt_lib_init_return                     0x0800022b   Thumb Code     0  libinit2.o(.ARM.Collect$$libinit$$00000033)
    __rt_lib_shutdown                        0x0800022d   Thumb Code     0  libshutdown.o(.ARM.Collect$$libshutdown$$00000000)
    __rt_lib_shutdown_cpp_1                  0x0800022f   Thumb Code     0  libshutdown2.o(.ARM.Collect$$libshutdown$$00000002)
    __rt_lib_shutdown_fp_trap_1              0x0800022f   Thumb Code     0  libshutdown2.o(.ARM.Collect$$libshutdown$$00000007)
    __rt_lib_shutdown_heap_1                 0x0800022f   Thumb Code     0  libshutdown2.o(.ARM.Collect$$libshutdown$$0000000F)
    __rt_lib_shutdown_return                 0x0800022f   Thumb Code     0  libshutdown2.o(.ARM.Collect$$libshutdown$$00000010)
    __rt_lib_shutdown_signal_1               0x0800022f   Thumb Code     0  libshutdown2.o(.ARM.Collect$$libshutdown$$0000000A)
    __rt_lib_shutdown_stdio_1                0x0800022f   Thumb Code     0  libshutdown2.o(.ARM.Collect$$libshutdown$$00000004)
    __rt_lib_shutdown_user_alloc_1           0x0800022f   Thumb Code     0  libshutdown2.o(.ARM.Collect$$libshutdown$$0000000C)
    __rt_entry                               0x08000231   Thumb Code     0  __rtentry.o(.ARM.Collect$$rtentry$$00000000)
    __rt_entry_presh_1                       0x08000231   Thumb Code     0  __rtentry2.o(.ARM.Collect$$rtentry$$00000002)
    __rt_entry_sh                            0x08000231   Thumb Code     0  __rtentry4.o(.ARM.Collect$$rtentry$$00000004)
    __rt_entry_li                            0x08000237   Thumb Code     0  __rtentry2.o(.ARM.Collect$$rtentry$$0000000A)
    __rt_entry_postsh_1                      0x08000237   Thumb Code     0  __rtentry2.o(.ARM.Collect$$rtentry$$00000009)
    __rt_entry_main                          0x0800023b   Thumb Code     0  __rtentry2.o(.ARM.Collect$$rtentry$$0000000D)
    __rt_entry_postli_1                      0x0800023b   Thumb Code     0  __rtentry2.o(.ARM.Collect$$rtentry$$0000000C)
    __rt_exit                                0x08000243   Thumb Code     0  rtexit.o(.ARM.Collect$$rtexit$$00000000)
    __rt_exit_ls                             0x08000245   Thumb Code     0  rtexit2.o(.ARM.Collect$$rtexit$$00000003)
    __rt_exit_prels_1                        0x08000245   Thumb Code     0  rtexit2.o(.ARM.Collect$$rtexit$$00000002)
    __rt_exit_exit                           0x08000249   Thumb Code     0  rtexit2.o(.ARM.Collect$$rtexit$$00000004)
    __ARM_argv_veneer                        0x08000251   Thumb Code     4  argv_veneer.o(.emb_text)
    Reset_Handler                            0x08000255   Thumb Code     8  startup_stm32f446xx.o(.text)
    NMI_Handler                              0x0800025d   Thumb Code     2  startup_stm32f446xx.o(.text)
    HardFault_Handler                        0x0800025f   Thumb Code     2  startup_stm32f446xx.o(.text)
    MemManage_Handler                        0x08000261   Thumb Code     2  startup_stm32f446xx.o(.text)
    BusFault_Handler                         0x08000263   Thumb Code     2  startup_stm32f446xx.o(.text)
    UsageFault_Handler                       0x08000265   Thumb Code     2  startup_stm32f446xx.o(.text)
    SVC_Handler                              0x08000267   Thumb Code     2  startup_stm32f446xx.o(.text)
    DebugMon_Handler                         0x08000269   Thumb Code     2  startup_stm32f446xx.o(.text)
    PendSV_Handler                           0x0800026b   Thumb Code     2  startup_stm32f446xx.o(.text)
    SysTick_Handler                          0x0800026d   Thumb Code     2  startup_stm32f446xx.o(.text)
    ADC_IRQHandler                           0x0800026f   Thumb Code     0  startup_stm32f446xx.o(.text)
    CAN1_RX0_IRQHandler                      0x0800026f   Thumb Code     0  startup_stm32f446xx.o(.text)
    CAN1_RX1_IRQHandler                      0x0800026f   Thumb Code     0  startup_stm32f446xx.o(.text)
    CAN1_SCE_IRQHandler                      0x0800026f   Thumb Code     0  startup_stm32f446xx.o(.text)
    CAN1_TX_IRQHandler                       0x0800026f   Thumb Code     0  startup_stm32f446xx.o(.text)
    CAN2_RX0_IRQHandler                      0x0800026f   Thumb Code     0  startup_stm32f446xx.o(.text)
    CAN2_RX1_IRQHandler                      0x0800026f   Thumb Code     0  startup_stm32f446xx.o(.text)
    CAN2_SCE_IRQHandler                      0x0800026f   Thumb Code     0  startup_stm32f446xx.o(.text)
    CAN2_TX_IRQHandler                       0x0800026f   Thumb Code     0  startup_stm32f446xx.o(.text)
    CEC_IRQHandler                           0x0800026f   Thumb Code     0  startup_stm32f446xx.o(.text)
    DCMI_IRQHandler                          0x0800026f   Thumb Code     0  startup_stm32f446xx.o(.text)
    DMA1_Stream0_IRQHandler                  0x0800026f   Thumb Code     0  startup_stm32f446xx.o(.text)
    DMA1_Stream1_IRQHandler                  0x0800026f   Thumb Code     0  startup_stm32f446xx.o(.text)
    DMA1_Stream2_IRQHandler                  0x0800026f   Thumb Code     0  startup_stm32f446xx.o(.text)
    DMA1_Stream3_IRQHandler                  0x0800026f   Thumb Code     0  startup_stm32f446xx.o(.text)
    DMA1_Stream4_IRQHandler                  0x0800026f   Thumb Code     0  startup_stm32f446xx.o(.text)
    DMA1_Stream5_IRQHandler                  0x0800026f   Thumb Code     0  startup_stm32f446xx.o(.text)
    DMA1_Stream6_IRQHandler                  0x0800026f   Thumb Code     0  startup_stm32f446xx.o(.text)
    DMA1_Stream7_IRQHandler                  0x0800026f   Thumb Code     0  startup_stm32f446xx.o(.text)
    DMA2_Stream0_IRQHandler                  0x0800026f   Thumb Code     0  startup_stm32f446xx.o(.text)
    DMA2_Stream1_IRQHandler                  0x0800026f   Thumb Code     0  startup_stm32f446xx.o(.text)
    DMA2_Stream2_IRQHandler                  0x0800026f   Thumb Code     0  startup_stm32f446xx.o(.text)
    DMA2_Stream3_IRQHandler                  0x0800026f   Thumb Code     0  startup_stm32f446xx.o(.text)
    DMA2_Stream4_IRQHandler                  0x0800026f   Thumb Code     0  startup_stm32f446xx.o(.text)
    DMA2_Stream5_IRQHandler                  0x0800026f   Thumb Code     0  startup_stm32f446xx.o(.text)
    DMA2_Stream6_IRQHandler                  0x0800026f   Thumb Code     0  startup_stm32f446xx.o(.text)
    DMA2_Stream7_IRQHandler                  0x0800026f   Thumb Code     0  startup_stm32f446xx.o(.text)
    EXTI0_IRQHandler                         0x0800026f   Thumb Code     0  startup_stm32f446xx.o(.text)
    EXTI15_10_IRQHandler                     0x0800026f   Thumb Code     0  startup_stm32f446xx.o(.text)
    EXTI1_IRQHandler                         0x0800026f   Thumb Code     0  startup_stm32f446xx.o(.text)
    EXTI2_IRQHandler                         0x0800026f   Thumb Code     0  startup_stm32f446xx.o(.text)
    EXTI3_IRQHandler                         0x0800026f   Thumb Code     0  startup_stm32f446xx.o(.text)
    EXTI4_IRQHandler                         0x0800026f   Thumb Code     0  startup_stm32f446xx.o(.text)
    EXTI9_5_IRQHandler                       0x0800026f   Thumb Code     0  startup_stm32f446xx.o(.text)
    FLASH_IRQHandler                         0x0800026f   Thumb Code     0  startup_stm32f446xx.o(.text)
    FMC_IRQHandler                           0x0800026f   Thumb Code     0  startup_stm32f446xx.o(.text)
    FMPI2C1_ER_IRQHandler                    0x0800026f   Thumb Code     0  startup_stm32f446xx.o(.text)
    FMPI2C1_EV_IRQHandler                    0x0800026f   Thumb Code     0  startup_stm32f446xx.o(.text)
    FPU_IRQHandler                           0x0800026f   Thumb Code     0  startup_stm32f446xx.o(.text)
    I2C1_ER_IRQHandler                       0x0800026f   Thumb Code     0  startup_stm32f446xx.o(.text)
    I2C1_EV_IRQHandler                       0x0800026f   Thumb Code     0  startup_stm32f446xx.o(.text)
    I2C2_ER_IRQHandler                       0x0800026f   Thumb Code     0  startup_stm32f446xx.o(.text)
    I2C2_EV_IRQHandler                       0x0800026f   Thumb Code     0  startup_stm32f446xx.o(.text)
    I2C3_ER_IRQHandler                       0x0800026f   Thumb Code     0  startup_stm32f446xx.o(.text)
    I2C3_EV_IRQHandler                       0x0800026f   Thumb Code     0  startup_stm32f446xx.o(.text)
    OTG_FS_IRQHandler                        0x0800026f   Thumb Code     0  startup_stm32f446xx.o(.text)
    OTG_FS_WKUP_IRQHandler                   0x0800026f   Thumb Code     0  startup_stm32f446xx.o(.text)
    OTG_HS_EP1_IN_IRQHandler                 0x0800026f   Thumb Code     0  startup_stm32f446xx.o(.text)
    OTG_HS_EP1_OUT_IRQHandler                0x0800026f   Thumb Code     0  startup_stm32f446xx.o(.text)
    OTG_HS_IRQHandler                        0x0800026f   Thumb Code     0  startup_stm32f446xx.o(.text)
    OTG_HS_WKUP_IRQHandler                   0x0800026f   Thumb Code     0  startup_stm32f446xx.o(.text)
    PVD_IRQHandler                           0x0800026f   Thumb Code     0  startup_stm32f446xx.o(.text)
    QUADSPI_IRQHandler                       0x0800026f   Thumb Code     0  startup_stm32f446xx.o(.text)
    RCC_IRQHandler                           0x0800026f   Thumb Code     0  startup_stm32f446xx.o(.text)
    RTC_Alarm_IRQHandler                     0x0800026f   Thumb Code     0  startup_stm32f446xx.o(.text)
    RTC_WKUP_IRQHandler                      0x0800026f   Thumb Code     0  startup_stm32f446xx.o(.text)
    SAI1_IRQHandler                          0x0800026f   Thumb Code     0  startup_stm32f446xx.o(.text)
    SAI2_IRQHandler                          0x0800026f   Thumb Code     0  startup_stm32f446xx.o(.text)
    SDIO_IRQHandler                          0x0800026f   Thumb Code     0  startup_stm32f446xx.o(.text)
    SPDIF_RX_IRQHandler                      0x0800026f   Thumb Code     0  startup_stm32f446xx.o(.text)
    SPI1_IRQHandler                          0x0800026f   Thumb Code     0  startup_stm32f446xx.o(.text)
    SPI2_IRQHandler                          0x0800026f   Thumb Code     0  startup_stm32f446xx.o(.text)
    SPI3_IRQHandler                          0x0800026f   Thumb Code     0  startup_stm32f446xx.o(.text)
    SPI4_IRQHandler                          0x0800026f   Thumb Code     0  startup_stm32f446xx.o(.text)
    TAMP_STAMP_IRQHandler                    0x0800026f   Thumb Code     0  startup_stm32f446xx.o(.text)
    TIM1_BRK_TIM9_IRQHandler                 0x0800026f   Thumb Code     0  startup_stm32f446xx.o(.text)
    TIM1_CC_IRQHandler                       0x0800026f   Thumb Code     0  startup_stm32f446xx.o(.text)
    TIM1_TRG_COM_TIM11_IRQHandler            0x0800026f   Thumb Code     0  startup_stm32f446xx.o(.text)
    TIM1_UP_TIM10_IRQHandler                 0x0800026f   Thumb Code     0  startup_stm32f446xx.o(.text)
    TIM2_IRQHandler                          0x0800026f   Thumb Code     0  startup_stm32f446xx.o(.text)
    TIM3_IRQHandler                          0x0800026f   Thumb Code     0  startup_stm32f446xx.o(.text)
    TIM4_IRQHandler                          0x0800026f   Thumb Code     0  startup_stm32f446xx.o(.text)
    TIM5_IRQHandler                          0x0800026f   Thumb Code     0  startup_stm32f446xx.o(.text)
    TIM6_DAC_IRQHandler                      0x0800026f   Thumb Code     0  startup_stm32f446xx.o(.text)
    TIM7_IRQHandler                          0x0800026f   Thumb Code     0  startup_stm32f446xx.o(.text)
    TIM8_BRK_TIM12_IRQHandler                0x0800026f   Thumb Code     0  startup_stm32f446xx.o(.text)
    TIM8_CC_IRQHandler                       0x0800026f   Thumb Code     0  startup_stm32f446xx.o(.text)
    TIM8_TRG_COM_TIM14_IRQHandler            0x0800026f   Thumb Code     0  startup_stm32f446xx.o(.text)
    TIM8_UP_TIM13_IRQHandler                 0x0800026f   Thumb Code     0  startup_stm32f446xx.o(.text)
    UART4_IRQHandler                         0x0800026f   Thumb Code     0  startup_stm32f446xx.o(.text)
    UART5_IRQHandler                         0x0800026f   Thumb Code     0  startup_stm32f446xx.o(.text)
    USART1_IRQHandler                        0x0800026f   Thumb Code     0  startup_stm32f446xx.o(.text)
    USART2_IRQHandler                        0x0800026f   Thumb Code     0  startup_stm32f446xx.o(.text)
    USART3_IRQHandler                        0x0800026f   Thumb Code     0  startup_stm32f446xx.o(.text)
    USART6_IRQHandler                        0x0800026f   Thumb Code     0  startup_stm32f446xx.o(.text)
    WWDG_IRQHandler                          0x0800026f   Thumb Code     0  startup_stm32f446xx.o(.text)
    __user_initial_stackheap                 0x08000271   Thumb Code     0  startup_stm32f446xx.o(.text)
    strlen                                   0x08000295   Thumb Code    62  strlen.o(.text)
    __use_two_region_memory                  0x080002d3   Thumb Code     2  heapauxi.o(.text)
    __rt_heap_escrow$2region                 0x080002d5   Thumb Code     2  heapauxi.o(.text)
    __rt_heap_expand$2region                 0x080002d7   Thumb Code     2  heapauxi.o(.text)
    __user_setup_stackheap                   0x080002d9   Thumb Code    74  sys_stackheap_outer.o(.text)
    exit                                     0x08000323   Thumb Code    18  exit.o(.text)
    __user_libspace                          0x08000335   Thumb Code     8  libspace.o(.text)
    __user_perproc_libspace                  0x08000335   Thumb Code     0  libspace.o(.text)
    __user_perthread_libspace                0x08000335   Thumb Code     0  libspace.o(.text)
    _sys_exit                                0x0800033d   Thumb Code     8  sys_exit.o(.text)
    __argv_alloc                             0x08000349   Thumb Code    34  _get_argv_nomalloc.o(.text)
    __ARM_get_argv                           0x0800036b   Thumb Code   268  _get_argv_nomalloc.o(.text)
    _sys_command_string                      0x08000477   Thumb Code    24  sys_command.o(.text)
    __I$use$semihosting                      0x0800048f   Thumb Code     0  use_no_semi.o(.text)
    __use_no_semihosting_swi                 0x0800048f   Thumb Code     2  use_no_semi.o(.text)
    __semihosting_library_function           0x08000491   Thumb Code     0  indicate_semi.o(.text)
    __use_no_heap_region                     0x08000491   Thumb Code     2  hrguard.o(.text)
    __heap_region$guard                      0x08000493   Thumb Code     2  hrguard.o(.text)
    __rt_SIGRTMEM                            0x08000495   Thumb Code    14  defsig_rtmem_outer.o(.text)
    __sig_exit                               0x080004a3   Thumb Code    10  defsig_exit.o(.text)
    __rt_SIGRTMEM_inner                      0x080004ad   Thumb Code    22  defsig_rtmem_inner.o(.text)
    __default_signal_display                 0x080004fd   Thumb Code    50  defsig_general.o(.text)
    _ttywrch                                 0x0800052f   Thumb Code    14  sys_wrch.o(.text)
    GPIO_Init                                0x0800053d   Thumb Code   852  stm32f446xx_gpio_driver.o(.text.GPIO_Init)
    GPIO_PerCLKControl                       0x08000891   Thumb Code   612  stm32f446xx_gpio_driver.o(.text.GPIO_PerCLKControl)
    GPIO_ReadFromInputPin                    0x08000af5   Thumb Code    42  stm32f446xx_gpio_driver.o(.text.GPIO_ReadFromInputPin)
    SPI2_GPIO_Inits                          0x08000b21   Thumb Code    78  spi_cmd_handling.o(.text.SPI2_GPIO_Inits)
    SPI2_Init                                0x08000b71   Thumb Code    62  spi_cmd_handling.o(.text.SPI2_Init)
    SPI_Enable                               0x08000bb1   Thumb Code    48  stm32f446xx_spi_driver.o(.text.SPI_Enable)
    SPI_Init                                 0x08000be1   Thumb Code   174  stm32f446xx_spi_driver.o(.text.SPI_Init)
    SPI_PerCLKControl                        0x08000c91   Thumb Code   324  stm32f446xx_spi_driver.o(.text.SPI_PerCLKControl)
    SPI_Read                                 0x08000dd5   Thumb Code   100  stm32f446xx_spi_driver.o(.text.SPI_Read)
    SPI_SSOECOnfig                           0x08000e39   Thumb Code    48  stm32f446xx_spi_driver.o(.text.SPI_SSOECOnfig)
    SPI_VerifyResponse                       0x08000e69   Thumb Code    24  spi_cmd_handling.o(.text.SPI_VerifyResponse)
    SPI_Write                                0x08000e81   Thumb Code   106  stm32f446xx_spi_driver.o(.text.SPI_Write)
    SPI_getFlagSTatus                        0x08000eed   Thumb Code    42  stm32f446xx_spi_driver.o(.text.SPI_getFlagSTatus)
    SystemInit                               0x08000f19   Thumb Code    18  system_stm32f4xx.o(.text.SystemInit)
    delay                                    0x08000f2d   Thumb Code    38  spi_cmd_handling.o(.text.delay)
    main                                     0x08000f55   Thumb Code   494  spi_cmd_handling.o(.text.main)
    _fp_init                                 0x08001143   Thumb Code    26  fpinit.o(x$fpl$fpinit)
    __fplib_config_fpu_vfp                   0x0800115b   Thumb Code     0  fpinit.o(x$fpl$fpinit)
    __fplib_config_pureend_doubles           0x0800115b   Thumb Code     0  fpinit.o(x$fpl$fpinit)
    Region$$Table$$Base                      0x08001188   Number         0  anon$$obj.o(Region$$Table)
    Region$$Table$$Limit                     0x08001198   Number         0  anon$$obj.o(Region$$Table)
    __libspace_start                         0x20000000   Data          96  libspace.o(.bss)
    __temporary_stack_top$libspace           0x20000060   Data           0  libspace.o(.bss)



==============================================================================

Memory Map of the image

  Image Entry point : 0x08000255

  Load Region LR_1 (Base: 0x08000000, Size: 0x00001198, Max: 0xffffffff, ABSOLUTE)

    Execution Region ER_RO (Exec base: 0x08000000, Load base: 0x08000000, Size: 0x00001198, Max: 0xffffffff, ABSOLUTE)

    Exec Addr    Load Addr    Size         Type   Attr      Idx    E Section Name        Object

    0x08000000   0x08000000   0x000001c4   Data   RO          118    RESET               startup_stm32f446xx.o
    0x080001c4   0x080001c4   0x00000008   Code   RO          145  * !!!main             c_w.l(__main.o)
    0x080001cc   0x080001cc   0x00000034   Code   RO          308    !!!scatter          c_w.l(__scatter.o)
    0x08000200   0x08000200   0x0000001c   Code   RO          310    !!handler_zi        c_w.l(__scatter_zi.o)
    0x0800021c   0x0800021c   0x00000002   Code   RO          172    .ARM.Collect$$libinit$$00000000  c_w.l(libinit.o)
    0x0800021e   0x0800021e   0x00000004   Code   RO          178    .ARM.Collect$$libinit$$00000001  c_w.l(libinit2.o)
    0x08000222   0x08000222   0x00000000   Code   RO          181    .ARM.Collect$$libinit$$00000004  c_w.l(libinit2.o)
    0x08000222   0x08000222   0x00000000   Code   RO          184    .ARM.Collect$$libinit$$0000000A  c_w.l(libinit2.o)
    0x08000222   0x08000222   0x00000000   Code   RO          186    .ARM.Collect$$libinit$$0000000C  c_w.l(libinit2.o)
    0x08000222   0x08000222   0x00000000   Code   RO          188    .ARM.Collect$$libinit$$0000000E  c_w.l(libinit2.o)
    0x08000222   0x08000222   0x00000000   Code   RO          191    .ARM.Collect$$libinit$$00000011  c_w.l(libinit2.o)
    0x08000222   0x08000222   0x00000000   Code   RO          193    .ARM.Collect$$libinit$$00000013  c_w.l(libinit2.o)
    0x08000222   0x08000222   0x00000000   Code   RO          195    .ARM.Collect$$libinit$$00000015  c_w.l(libinit2.o)
    0x08000222   0x08000222   0x00000000   Code   RO          197    .ARM.Collect$$libinit$$00000017  c_w.l(libinit2.o)
    0x08000222   0x08000222   0x00000000   Code   RO          199    .ARM.Collect$$libinit$$00000019  c_w.l(libinit2.o)
    0x08000222   0x08000222   0x00000000   Code   RO          201    .ARM.Collect$$libinit$$0000001B  c_w.l(libinit2.o)
    0x08000222   0x08000222   0x00000000   Code   RO          203    .ARM.Collect$$libinit$$0000001D  c_w.l(libinit2.o)
    0x08000222   0x08000222   0x00000000   Code   RO          205    .ARM.Collect$$libinit$$0000001F  c_w.l(libinit2.o)
    0x08000222   0x08000222   0x00000000   Code   RO          207    .ARM.Collect$$libinit$$00000021  c_w.l(libinit2.o)
    0x08000222   0x08000222   0x00000000   Code   RO          209    .ARM.Collect$$libinit$$00000023  c_w.l(libinit2.o)
    0x08000222   0x08000222   0x00000000   Code   RO          211    .ARM.Collect$$libinit$$00000025  c_w.l(libinit2.o)
    0x08000222   0x08000222   0x00000008   Code   RO          213    .ARM.Collect$$libinit$$00000027  c_w.l(libinit2.o)
    0x0800022a   0x0800022a   0x00000000   Code   RO          217    .ARM.Collect$$libinit$$0000002E  c_w.l(libinit2.o)
    0x0800022a   0x0800022a   0x00000000   Code   RO          219    .ARM.Collect$$libinit$$00000030  c_w.l(libinit2.o)
    0x0800022a   0x0800022a   0x00000000   Code   RO          221    .ARM.Collect$$libinit$$00000032  c_w.l(libinit2.o)
    0x0800022a   0x0800022a   0x00000002   Code   RO          222    .ARM.Collect$$libinit$$00000033  c_w.l(libinit2.o)
    0x0800022c   0x0800022c   0x00000002   Code   RO          244    .ARM.Collect$$libshutdown$$00000000  c_w.l(libshutdown.o)
    0x0800022e   0x0800022e   0x00000000   Code   RO          259    .ARM.Collect$$libshutdown$$00000002  c_w.l(libshutdown2.o)
    0x0800022e   0x0800022e   0x00000000   Code   RO          261    .ARM.Collect$$libshutdown$$00000004  c_w.l(libshutdown2.o)
    0x0800022e   0x0800022e   0x00000000   Code   RO          264    .ARM.Collect$$libshutdown$$00000007  c_w.l(libshutdown2.o)
    0x0800022e   0x0800022e   0x00000000   Code   RO          267    .ARM.Collect$$libshutdown$$0000000A  c_w.l(libshutdown2.o)
    0x0800022e   0x0800022e   0x00000000   Code   RO          269    .ARM.Collect$$libshutdown$$0000000C  c_w.l(libshutdown2.o)
    0x0800022e   0x0800022e   0x00000000   Code   RO          272    .ARM.Collect$$libshutdown$$0000000F  c_w.l(libshutdown2.o)
    0x0800022e   0x0800022e   0x00000002   Code   RO          273    .ARM.Collect$$libshutdown$$00000010  c_w.l(libshutdown2.o)
    0x08000230   0x08000230   0x00000000   Code   RO          147    .ARM.Collect$$rtentry$$00000000  c_w.l(__rtentry.o)
    0x08000230   0x08000230   0x00000000   Code   RO          149    .ARM.Collect$$rtentry$$00000002  c_w.l(__rtentry2.o)
    0x08000230   0x08000230   0x00000006   Code   RO          161    .ARM.Collect$$rtentry$$00000004  c_w.l(__rtentry4.o)
    0x08000236   0x08000236   0x00000000   Code   RO          151    .ARM.Collect$$rtentry$$00000009  c_w.l(__rtentry2.o)
    0x08000236   0x08000236   0x00000004   Code   RO          152    .ARM.Collect$$rtentry$$0000000A  c_w.l(__rtentry2.o)
    0x0800023a   0x0800023a   0x00000000   Code   RO          154    .ARM.Collect$$rtentry$$0000000C  c_w.l(__rtentry2.o)
    0x0800023a   0x0800023a   0x00000008   Code   RO          155    .ARM.Collect$$rtentry$$0000000D  c_w.l(__rtentry2.o)
    0x08000242   0x08000242   0x00000002   Code   RO          176    .ARM.Collect$$rtexit$$00000000  c_w.l(rtexit.o)
    0x08000244   0x08000244   0x00000000   Code   RO          224    .ARM.Collect$$rtexit$$00000002  c_w.l(rtexit2.o)
    0x08000244   0x08000244   0x00000004   Code   RO          225    .ARM.Collect$$rtexit$$00000003  c_w.l(rtexit2.o)
    0x08000248   0x08000248   0x00000006   Code   RO          226    .ARM.Collect$$rtexit$$00000004  c_w.l(rtexit2.o)
    0x0800024e   0x0800024e   0x00000002   PAD
    0x08000250   0x08000250   0x00000004   Code   RO          230    .emb_text           c_w.l(argv_veneer.o)
    0x08000254   0x08000254   0x00000040   Code   RO          119  * .text               startup_stm32f446xx.o
    0x08000294   0x08000294   0x0000003e   Code   RO          141    .text               c_w.l(strlen.o)
    0x080002d2   0x080002d2   0x00000006   Code   RO          143    .text               c_w.l(heapauxi.o)
    0x080002d8   0x080002d8   0x0000004a   Code   RO          163    .text               c_w.l(sys_stackheap_outer.o)
    0x08000322   0x08000322   0x00000012   Code   RO          165    .text               c_w.l(exit.o)
    0x08000334   0x08000334   0x00000008   Code   RO          173    .text               c_w.l(libspace.o)
    0x0800033c   0x0800033c   0x0000000c   Code   RO          234    .text               c_w.l(sys_exit.o)
    0x08000348   0x08000348   0x0000012e   Code   RO          240    .text               c_w.l(_get_argv_nomalloc.o)
    0x08000476   0x08000476   0x00000018   Code   RO          245    .text               c_w.l(sys_command.o)
    0x0800048e   0x0800048e   0x00000002   Code   RO          249    .text               c_w.l(use_no_semi.o)
    0x08000490   0x08000490   0x00000000   Code   RO          251    .text               c_w.l(indicate_semi.o)
    0x08000490   0x08000490   0x00000004   Code   RO          252    .text               c_w.l(hrguard.o)
    0x08000494   0x08000494   0x0000000e   Code   RO          254    .text               c_w.l(defsig_rtmem_outer.o)
    0x080004a2   0x080004a2   0x0000000a   Code   RO          276    .text               c_w.l(defsig_exit.o)
    0x080004ac   0x080004ac   0x00000050   Code   RO          278    .text               c_w.l(defsig_rtmem_inner.o)
    0x080004fc   0x080004fc   0x00000032   Code   RO          282    .text               c_w.l(defsig_general.o)
    0x0800052e   0x0800052e   0x0000000e   Code   RO          284    .text               c_w.l(sys_wrch.o)
    0x0800053c   0x0800053c   0x00000354   Code   RO           17    .text.GPIO_Init     stm32f446xx_gpio_driver.o
    0x08000890   0x08000890   0x00000264   Code   RO           15    .text.GPIO_PerCLKControl  stm32f446xx_gpio_driver.o
    0x08000af4   0x08000af4   0x0000002a   Code   RO           21    .text.GPIO_ReadFromInputPin  stm32f446xx_gpio_driver.o
    0x08000b1e   0x08000b1e   0x00000002   PAD
    0x08000b20   0x08000b20   0x0000004e   Code   RO           97    .text.SPI2_GPIO_Inits  spi_cmd_handling.o
    0x08000b6e   0x08000b6e   0x00000002   PAD
    0x08000b70   0x08000b70   0x0000003e   Code   RO           95    .text.SPI2_Init     spi_cmd_handling.o
    0x08000bae   0x08000bae   0x00000002   PAD
    0x08000bb0   0x08000bb0   0x00000030   Code   RO           78    .text.SPI_Enable    stm32f446xx_spi_driver.o
    0x08000be0   0x08000be0   0x000000ae   Code   RO           52    .text.SPI_Init      stm32f446xx_spi_driver.o
    0x08000c8e   0x08000c8e   0x00000002   PAD
    0x08000c90   0x08000c90   0x00000144   Code   RO           50    .text.SPI_PerCLKControl  stm32f446xx_spi_driver.o
    0x08000dd4   0x08000dd4   0x00000064   Code   RO           60    .text.SPI_Read      stm32f446xx_spi_driver.o
    0x08000e38   0x08000e38   0x00000030   Code   RO           82    .text.SPI_SSOECOnfig  stm32f446xx_spi_driver.o
    0x08000e68   0x08000e68   0x00000018   Code   RO          101    .text.SPI_VerifyResponse  spi_cmd_handling.o
    0x08000e80   0x08000e80   0x0000006a   Code   RO           56    .text.SPI_Write     stm32f446xx_spi_driver.o
    0x08000eea   0x08000eea   0x00000002   PAD
    0x08000eec   0x08000eec   0x0000002a   Code   RO           58    .text.SPI_getFlagSTatus  stm32f446xx_spi_driver.o
    0x08000f16   0x08000f16   0x00000002   PAD
    0x08000f18   0x08000f18   0x00000012   Code   RO          126    .text.SystemInit    system_stm32f4xx.o
    0x08000f2a   0x08000f2a   0x00000002   PAD
    0x08000f2c   0x08000f2c   0x00000026   Code   RO           93    .text.delay         spi_cmd_handling.o
    0x08000f52   0x08000f52   0x00000002   PAD
    0x08000f54   0x08000f54   0x000001ee   Code   RO          105    .text.main          spi_cmd_handling.o
    0x08001142   0x08001142   0x0000001a   Code   RO          232    x$fpl$fpinit        fz_wm.l(fpinit.o)
    0x0800115c   0x0800115c   0x0000000c   Data   RO          108    .rodata..L__const.SPI2_GPIO_Inits.SPI_Pins  spi_cmd_handling.o
    0x08001168   0x08001168   0x00000020   Data   RO          107    .rodata.cst32       spi_cmd_handling.o
    0x08001188   0x08001188   0x00000010   Data   RO          307    Region$$Table       anon$$obj.o


    Execution Region ER_RW (Exec base: 0x20000000, Load base: 0x08001198, Size: 0x00000000, Max: 0xffffffff, ABSOLUTE)

    **** No section assigned to this execution region ****


    Execution Region ER_ZI (Exec base: 0x20000000, Load base: 0x08001198, Size: 0x00000660, Max: 0xffffffff, ABSOLUTE)

    Exec Addr    Load Addr    Size         Type   Attr      Idx    E Section Name        Object

    0x20000000        -       0x00000060   Zero   RW          174    .bss                c_w.l(libspace.o)
    0x20000060        -       0x00000200   Zero   RW          117    HEAP                startup_stm32f446xx.o
    0x20000260        -       0x00000400   Zero   RW          116    STACK               startup_stm32f446xx.o


==============================================================================

Image component sizes


      Code (inc. data)   RO Data    RW Data    ZI Data      Debug   Object Name

       696          0         44          0          0       3287   spi_cmd_handling.o
        64         26        452          0       1536        896   startup_stm32f446xx.o
      1506          0          0          0          0       5576   stm32f446xx_gpio_driver.o
       842          0          0          0          0       6592   stm32f446xx_spi_driver.o
        18          0          0          0          0       2762   system_stm32f4xx.o

    ----------------------------------------------------------------------
      3142         26        512          0       1536      19113   Object Totals
         0          0         16          0          0          0   (incl. Generated)
        16          0          0          0          0          0   (incl. Padding)

    ----------------------------------------------------------------------

      Code (inc. data)   RO Data    RW Data    ZI Data      Debug   Library Member Name

         8          0          0          0          0         68   __main.o
         0          0          0          0          0          0   __rtentry.o
        12          0          0          0          0          0   __rtentry2.o
         6          0          0          0          0          0   __rtentry4.o
        52          8          0          0          0          0   __scatter.o
        28          0          0          0          0          0   __scatter_zi.o
       302          0          0          0          0        168   _get_argv_nomalloc.o
         4          0          0          0          0         68   argv_veneer.o
        10          0          0          0          0         68   defsig_exit.o
        50          0          0          0          0         88   defsig_general.o
        80         58          0          0          0         76   defsig_rtmem_inner.o
        14          0          0          0          0         80   defsig_rtmem_outer.o
        18          0          0          0          0         80   exit.o
         6          0          0          0          0        152   heapauxi.o
         4          0          0          0          0        136   hrguard.o
         0          0          0          0          0          0   indicate_semi.o
         2          0          0          0          0          0   libinit.o
        14          0          0          0          0          0   libinit2.o
         2          0          0          0          0          0   libshutdown.o
         2          0          0          0          0          0   libshutdown2.o
         8          4          0          0         96         68   libspace.o
         2          0          0          0          0          0   rtexit.o
        10          0          0          0          0          0   rtexit2.o
        62          0          0          0          0         76   strlen.o
        24          0          0          0          0         76   sys_command.o
        12          4          0          0          0         68   sys_exit.o
        74          0          0          0          0         80   sys_stackheap_outer.o
        14          0          0          0          0         76   sys_wrch.o
         2          0          0          0          0         68   use_no_semi.o
        26          0          0          0          0        116   fpinit.o

    ----------------------------------------------------------------------
       850         74          0          0         96       1612   Library Totals
         2          0          0          0          0          0   (incl. Padding)

    ----------------------------------------------------------------------

      Code (inc. data)   RO Data    RW Data    ZI Data      Debug   Library Name

       822         74          0          0         96       1496   c_w.l
        26          0          0          0          0        116   fz_wm.l

    ----------------------------------------------------------------------
       850         74          0          0         96       1612   Library Totals

    ----------------------------------------------------------------------

==============================================================================


      Code (inc. data)   RO Data    RW Data    ZI Data      Debug   

      3992        100        512          0       1632      19881   Grand Totals
      3992        100        512          0       1632      19881   ELF Image Totals
      3992        100        512          0          0          0   ROM Totals

==============================================================================

    Total RO  Size (Code + RO Data)                 4504 (   4.40kB)
    Total RW  Size (RW Data + ZI Data)              1632 (   1.59kB)
    Total ROM Size (Code + RO Data + RW Data)       4504 (   4.40kB)

==============================================================================

